Microchip MPLAB XC8 Compiler V2.46

Linker command line:

-W-3 \
  --edf=C:/Users/klnla/.mchp_packs/Microchip/PIC18F-Q_DFP/1.25.433/xc8\pic\dat\20240223164052_en.msgs \
  -cn -h+dist/default/debug\EL51_Sem10_1_ADC.X.debug.sym \
  --cmf=dist/default/debug\EL51_Sem10_1_ADC.X.debug.cmf -z -Q18F57Q43 \
  -oC:\Users\klnla\AppData\Local\Temp\xcAs274.\driver_tmp_3.o \
  --defsym=__MPLAB_BUILD=1 --fixupoverflow=error \
  -Mdist/default/debug/EL51_Sem10_1_ADC.X.debug.map \
  --md=C:\Users\klnla\AppData\Local\Temp\xcAs274.\driver_tmp_0.dat -E1 \
  -ver=XC8 Compiler --acfsm=1493 -ACODE=00h-01FFFFh -ACONST=00h-01FFFFh \
  -ASMALLCONST=02500h-025FFhx475 \
  -AMEDIUMCONST=02500h-0FFFFh,012500h-01FFFFh -ACOMRAM=0501h-055Fh \
  -AABS1=0500h-024FFh -ABIGRAM=0501h-024FFh \
  -ARAM=0560h-05FFh,0600h-06FFhx31 -ABANK5=0560h-05FFh -ABANK6=0600h-06FFh \
  -ABANK7=0700h-07FFh -ABANK8=0800h-08FFh -ABANK9=0900h-09FFh \
  -ABANK10=0A00h-0AFFh -ABANK11=0B00h-0BFFh -ABANK12=0C00h-0CFFh \
  -ABANK13=0D00h-0DFFh -ABANK14=0E00h-0EFFh -ABANK15=0F00h-0FFFh \
  -ABANK16=01000h-010FFh -ABANK17=01100h-011FFh -ABANK18=01200h-012FFh \
  -ABANK19=01300h-013FFh -ABANK20=01400h-014FFh -ABANK21=01500h-015FFh \
  -ABANK22=01600h-016FFh -ABANK23=01700h-017FFh -ABANK24=01800h-018FFh \
  -ABANK25=01900h-019FFh -ABANK26=01A00h-01AFFh -ABANK27=01B00h-01BFFh \
  -ABANK28=01C00h-01CFFh -ABANK29=01D00h-01DFFh -ABANK30=01E00h-01EFFh \
  -ABANK31=01F00h-01FFFh -ABANK32=02000h-020FFh -ABANK33=02100h-021FFh \
  -ABANK34=02200h-022FFh -ABANK35=02300h-023FFh -ABANK36=02400h-024FFh \
  -ASFR=00h-0FFhx4,0400h-045Fh,0460h-04FFh,02500h-025FFh \
  -ABIGSFR=00h-04FFh,02500h-025FFh -ACONFIG=0300000h-0300011h \
  -AIDLOC=0200000h-020003Fh -AEEDATA=0380000h-03803FFh -peeprom_data=EEDATA \
  -preset_vec=00h -ppowerup=CODE,init -pramtop=02500h \
  -psmallconst=SMALLCONST -pmediumconst=MEDIUMCONST -pconst=CONST \
  -AFARRAM=00h-00h \
  -prdata=COMRAM,nvrram=COMRAM,nvbit=COMRAM,rbss=COMRAM,rbit=COMRAM \
  -pfarbss=FARRAM,fardata=FARRAM,nvFARRAM=FARRAM \
  -pintsave_regs=BIGRAM,bigbss=BIGRAM,bigdata=BIGRAM -pbss=RAM \
  -pidata=CODE,irdata=CODE,ibigdata=CODE,ifardata=CODE -prparam=COMRAM \
  C:\Users\klnla\AppData\Local\Temp\xcAs274.\driver_tmp_9.o \
  dist/default/debug\EL51_Sem10_1_ADC.X.debug.o 

Object code version is 3.11

Machine type is 18F57Q43



                Name                               Link     Load   Length Selector   Space Scale
C:\Users\klnla\AppData\Local\Temp\xcAs274.\driver_tmp_9.o
                config                           300000   300000        A        0       4
                init                              1FFFC    1FFFC        4     FFFE       0
                reset_vec                             0        0        4        0       0
dist/default/debug\EL51_Sem10_1_ADC.X.debug.o
                config                           300000   300000        A        0       4
                smallconst                         2500     2500       2E     1280       0
                text17                             316C     316C       1C     1297       0
                text16                             3124     3124       2C     1297       0
                text15                             308C     308C       3C     1297       0
                text14                             30F8     30F8       2C     1297       0
                text13                             31A8     31A8        8     1297       0
                text12                             31A0     31A0        8     1297       0
                text11                             30C8     30C8       30     1297       0
                text10                             303A     303A       52     1297       0
                text9                              2FE4     2FE4       56     1297       0
                text8                              2E92     2E92       7A     1297       0
                text7                              252E     252E      42A     1297       0
                text6                              2D8C     2D8C      106     1297       0
                text5                              2F0C     2F0C       74     1297       0
                text4                              2F80     2F80       64     1297       0
                text3                              2BD8     2BD8      1B4     1297       0
                text2                              3150     3150       1C     1297       0
                text1                              3188     3188       18     1297       0
                text0                              2958     2958      280     1297       0
                cstackCOMRAM                        501      501       31      501       1
                cinit                              31B0     31B0        6     1297       0

TOTAL           Name                               Link     Load   Length     Space
        CLASS   CODE           
                init                              1FFFC    1FFFC        4         0
                reset_vec                             0        0        4         0
                text17                             316C     316C       1C         0
                text16                             3124     3124       2C         0
                text15                             308C     308C       3C         0
                text14                             30F8     30F8       2C         0
                text13                             31A8     31A8        8         0
                text12                             31A0     31A0        8         0
                text11                             30C8     30C8       30         0
                text10                             303A     303A       52         0
                text9                              2FE4     2FE4       56         0
                text8                              2E92     2E92       7A         0
                text7                              252E     252E      42A         0
                text6                              2D8C     2D8C      106         0
                text5                              2F0C     2F0C       74         0
                text4                              2F80     2F80       64         0
                text3                              2BD8     2BD8      1B4         0
                text2                              3150     3150       1C         0
                text1                              3188     3188       18         0
                text0                              2958     2958      280         0
                cinit                              31B0     31B0        6         0

        CLASS   CONST          

        CLASS   SMALLCONST     
                smallconst                         2500     2500       2E         0

        CLASS   MEDIUMCONST    

        CLASS   COMRAM         
                cstackCOMRAM                        501      501       31         1

        CLASS   ABS1           

        CLASS   BIGRAM         

        CLASS   RAM            

        CLASS   BANK5          

        CLASS   BANK6          

        CLASS   BANK7          

        CLASS   BANK8          

        CLASS   BANK9          

        CLASS   BANK10         

        CLASS   BANK11         

        CLASS   BANK12         

        CLASS   BANK13         

        CLASS   BANK14         

        CLASS   BANK15         

        CLASS   BANK16         

        CLASS   BANK17         

        CLASS   BANK18         

        CLASS   BANK19         

        CLASS   BANK20         

        CLASS   BANK21         

        CLASS   BANK22         

        CLASS   BANK23         

        CLASS   BANK24         

        CLASS   BANK25         

        CLASS   BANK26         

        CLASS   BANK27         

        CLASS   BANK28         

        CLASS   BANK29         

        CLASS   BANK30         

        CLASS   BANK31         

        CLASS   BANK32         

        CLASS   BANK33         

        CLASS   BANK34         

        CLASS   BANK35         

        CLASS   BANK36         

        CLASS   SFR            

        CLASS   BIGSFR         

        CLASS   CONFIG         
                config                           300000   300000        A         4

        CLASS   IDLOC          

        CLASS   EEDATA         

        CLASS   FARRAM         

        CLASS   HEAP           

        CLASS   STACK          



SEGMENTS        Name                           Load    Length   Top    Selector   Space  Class

                reset_vec                      000000  000004  000004         0       0  CODE    
                cstackCOMRAM                   000501  000031  000532       501       1  COMRAM  
                smallconst                     002500  00002E  00252E      1280       0  SMALLCON
                text7                          00252E  000C88  0031B6      1297       0  CODE    
                init                           01FFFC  000004  020000      FFFE       0  CODE    


UNUSED ADDRESS RANGES

        Name                Unused          Largest block    Delta
        BANK10           000A00-000AFF              100
        BANK11           000B00-000BFF              100
        BANK12           000C00-000CFF              100
        BANK13           000D00-000DFF              100
        BANK14           000E00-000EFF              100
        BANK15           000F00-000FFF              100
        BANK16           001000-0010FF              100
        BANK17           001100-0011FF              100
        BANK18           001200-0012FF              100
        BANK19           001300-0013FF              100
        BANK20           001400-0014FF              100
        BANK21           001500-0015FF              100
        BANK22           001600-0016FF              100
        BANK23           001700-0017FF              100
        BANK24           001800-0018FF              100
        BANK25           001900-0019FF              100
        BANK26           001A00-001AFF              100
        BANK27           001B00-001BFF              100
        BANK28           001C00-001CFF              100
        BANK29           001D00-001DFF              100
        BANK30           001E00-001EFF              100
        BANK31           001F00-001FFF              100
        BANK32           002000-0020FF              100
        BANK33           002100-0021FF              100
        BANK34           002200-0022FF              100
        BANK35           002300-0023FF              100
        BANK36           002400-0024FF              100
        BANK5            000560-0005FF               A0
        BANK6            000600-0006FF              100
        BANK7            000700-0007FF              100
        BANK8            000800-0008FF              100
        BANK9            000900-0009FF              100
        BIGRAM           000532-0024FF             1FCE
        BIGSFR           000000-0004FF              500
                         002500-0025FF              100
        CODE             000004-0024FF             24FC
                         0031B6-01FFFB            1CE46
        COMRAM           000532-00055F               2E
        CONFIG           30000A-300011                8
        CONST            000004-0024FF             24FC
                         0031B6-01FFFB            1CE46
        EEDATA           380000-3803FF              400
        IDLOC            200000-20003F               40
        MEDIUMCONST      0031B6-00FFFF             CE4A
                         012500-01FFFB             DAFC
        RAM              000560-0024FF              100
        SFR              000000-0004FF              100
                         002500-0025FF              100
        SMALLCONST       0031B6-01FFFB              100

                                  Symbol Table

?___flmul                cstackCOMRAM 00050F
?___fltol                cstackCOMRAM 000501
?___lwdiv                cstackCOMRAM 000506
?___lwmod                cstackCOMRAM 000501
?___xxtofl               cstackCOMRAM 000501
CURSOR_ONOFF@estado      cstackCOMRAM 000504
ENVIA_CHAR@aux           cstackCOMRAM 000503
ENVIA_CHAR@dato          cstackCOMRAM 000502
ENVIA_LCD_CMD@aux        cstackCOMRAM 000503
ENVIA_LCD_CMD@dato       cstackCOMRAM 000502
ENVIA_NIBBLE@dato        cstackCOMRAM 000501
ESCRIBE_MENSAJE@cadena   cstackCOMRAM 000504
ESCRIBE_MENSAJE@i        cstackCOMRAM 000507
ESCRIBE_MENSAJE@tam      cstackCOMRAM 000505
POS_CURSOR@columna       cstackCOMRAM 000504
POS_CURSOR@fila          cstackCOMRAM 000505
_ADCON0                  (abs)        0003F3
_ADCON0bits              (abs)        0003F3
_ADPCH                   (abs)        0003EC
_ADRESH                  (abs)        0003EB
_ADRESL                  (abs)        0003EA
_ANSELAbits              (abs)        000400
_ANSELD                  (abs)        000418
_BORRAR_LCD              text13       0031A8
_CURSOR_HOME             text12       0031A0
_CURSOR_ONOFF            text11       0030C8
_ENVIA_CHAR              text16       003124
_ENVIA_LCD_CMD           text14       0030F8
_ENVIA_NIBBLE            text17       00316C
_ESCRIBE_MENSAJE         text15       00308C
_LATD                    (abs)        0004C1
_LATDbits                (abs)        0004C1
_LCD_CONFIG              text10       00303A
_LCD_INIT                text9        002FE4
_OSCCON1                 (abs)        0000AD
_OSCEN                   (abs)        0000B3
_OSCFRQ                  (abs)        0000B1
_PORTD                   (abs)        0004D1
_POS_CURSOR              text8        002E92
_TRISAbits               (abs)        0004C6
_TRISD                   (abs)        0004C9
__HRAM                   (abs)        000000
__H__absolute__          __absolute__ 000000
__Habs1                  abs1         000000
__Hbank10                bank10       000000
__Hbank11                bank11       000000
__Hbank12                bank12       000000
__Hbank13                bank13       000000
__Hbank14                bank14       000000
__Hbank15                bank15       000000
__Hbank16                bank16       000000
__Hbank17                bank17       000000
__Hbank18                bank18       000000
__Hbank19                bank19       000000
__Hbank20                bank20       000000
__Hbank21                bank21       000000
__Hbank22                bank22       000000
__Hbank23                bank23       000000
__Hbank24                bank24       000000
__Hbank25                bank25       000000
__Hbank26                bank26       000000
__Hbank27                bank27       000000
__Hbank28                bank28       000000
__Hbank29                bank29       000000
__Hbank30                bank30       000000
__Hbank31                bank31       000000
__Hbank32                bank32       000000
__Hbank33                bank33       000000
__Hbank34                bank34       000000
__Hbank35                bank35       000000
__Hbank36                bank36       000000
__Hbank5                 bank5        000000
__Hbank6                 bank6        000000
__Hbank7                 bank7        000000
__Hbank8                 bank8        000000
__Hbank9                 bank9        000000
__Hbigbss                bigbss       000000
__Hbigdata               bigdata      000000
__Hbigram                bigram       000000
__Hbigsfr                bigsfr       000000
__Hbss                   bss          000000
__Hcinit                 cinit        000000
__Hclrtext               clrtext      000000
__Hcomram                comram       000000
__Hconfig                config       30000A
__Hconst                 const        000000
__HcstackCOMRAM          cstackCOMRAM 000000
__Hdata                  data         000000
__Heeprom_data           eeprom_data  000000
__Hfarbss                farbss       000000
__Hfardata               fardata      000000
__Hheap                  heap         000000
__Hibigdata              ibigdata     000000
__Hidata                 idata        000000
__Hidloc                 idloc        000000
__Hifardata              ifardata     000000
__Hinit                  init         020000
__Hintsave_regs          intsave_regs 000000
__Hirdata                irdata       000000
__Hmediumconst           mediumconst  000000
__HnvFARRAM              nvFARRAM     000000
__Hnvbit                 nvbit        000000
__Hnvrram                nvrram       000000
__Hparam                 rparam       000000
__Hpowerup               powerup      000000
__Hram                   ram          000000
__Hramtop                ramtop       002500
__Hrbit                  rbit         000000
__Hrbss                  rbss         000000
__Hrdata                 rdata        000000
__Hreset_vec             reset_vec    000004
__Hrparam                rparam       000000
__Hsfr                   sfr          000000
__Hsmallconst            smallconst   00252E
__Hspace_0               (abs)        020000
__Hspace_1               (abs)        000532
__Hspace_2               (abs)        000000
__Hspace_4               (abs)        60000A
__Hstack                 stack        000000
__Hstruct                struct       000000
__Htemp                  temp         000000
__Htext                  text         000000
__Htext0                 text0        000000
__Htext1                 text1        000000
__Htext10                text10       000000
__Htext11                text11       000000
__Htext12                text12       000000
__Htext13                text13       000000
__Htext14                text14       000000
__Htext15                text15       000000
__Htext16                text16       000000
__Htext17                text17       000000
__Htext2                 text2        000000
__Htext3                 text3        000000
__Htext4                 text4        000000
__Htext5                 text5        000000
__Htext6                 text6        000000
__Htext7                 text7        000000
__Htext8                 text8        000000
__Htext9                 text9        000000
__LRAM                   (abs)        000001
__L__absolute__          __absolute__ 000000
__Labs1                  abs1         000000
__Lbank10                bank10       000000
__Lbank11                bank11       000000
__Lbank12                bank12       000000
__Lbank13                bank13       000000
__Lbank14                bank14       000000
__Lbank15                bank15       000000
__Lbank16                bank16       000000
__Lbank17                bank17       000000
__Lbank18                bank18       000000
__Lbank19                bank19       000000
__Lbank20                bank20       000000
__Lbank21                bank21       000000
__Lbank22                bank22       000000
__Lbank23                bank23       000000
__Lbank24                bank24       000000
__Lbank25                bank25       000000
__Lbank26                bank26       000000
__Lbank27                bank27       000000
__Lbank28                bank28       000000
__Lbank29                bank29       000000
__Lbank30                bank30       000000
__Lbank31                bank31       000000
__Lbank32                bank32       000000
__Lbank33                bank33       000000
__Lbank34                bank34       000000
__Lbank35                bank35       000000
__Lbank36                bank36       000000
__Lbank5                 bank5        000000
__Lbank6                 bank6        000000
__Lbank7                 bank7        000000
__Lbank8                 bank8        000000
__Lbank9                 bank9        000000
__Lbigbss                bigbss       000000
__Lbigdata               bigdata      000000
__Lbigram                bigram       000000
__Lbigsfr                bigsfr       000000
__Lbss                   bss          000000
__Lcinit                 cinit        000000
__Lclrtext               clrtext      000000
__Lcomram                comram       000000
__Lconfig                config       000000
__Lconst                 const        000000
__LcstackCOMRAM          cstackCOMRAM 000000
__Ldata                  data         000000
__Leeprom_data           eeprom_data  000000
__Lfarbss                farbss       000000
__Lfardata               fardata      000000
__Lheap                  heap         000000
__Libigdata              ibigdata     000000
__Lidata                 idata        000000
__Lidloc                 idloc        000000
__Lifardata              ifardata     000000
__Linit                  init         01FFFC
__Lintsave_regs          intsave_regs 000000
__Lirdata                irdata       000000
__Lmediumconst           mediumconst  000000
__LnvFARRAM              nvFARRAM     000000
__Lnvbit                 nvbit        000000
__Lnvrram                nvrram       000000
__Lparam                 rparam       000000
__Lpowerup               powerup      000000
__Lram                   ram          000000
__Lramtop                ramtop       002500
__Lrbit                  rbit         000000
__Lrbss                  rbss         000000
__Lrdata                 rdata        000000
__Lreset_vec             reset_vec    000000
__Lrparam                rparam       000000
__Lsfr                   sfr          000000
__Lsmallconst            smallconst   002500
__Lspace_0               (abs)        000000
__Lspace_1               (abs)        000000
__Lspace_2               (abs)        000000
__Lspace_4               (abs)        000000
__Lstack                 stack        000000
__Lstruct                struct       000000
__Ltemp                  temp         000000
__Ltext                  text         000000
__Ltext0                 text0        000000
__Ltext1                 text1        000000
__Ltext10                text10       000000
__Ltext11                text11       000000
__Ltext12                text12       000000
__Ltext13                text13       000000
__Ltext14                text14       000000
__Ltext15                text15       000000
__Ltext16                text16       000000
__Ltext17                text17       000000
__Ltext2                 text2        000000
__Ltext3                 text3        000000
__Ltext4                 text4        000000
__Ltext5                 text5        000000
__Ltext6                 text6        000000
__Ltext7                 text7        000000
__Ltext8                 text8        000000
__Ltext9                 text9        000000
__S0                     (abs)        020000
__S1                     (abs)        000532
__S4                     (abs)        000000
__S5                     (abs)        000000
___flmul                 text7        00252E
___flmul@a               cstackCOMRAM 000513
___flmul@aexp            cstackCOMRAM 000520
___flmul@b               cstackCOMRAM 00050F
___flmul@bexp            cstackCOMRAM 000521
___flmul@grs             cstackCOMRAM 00051C
___flmul@prod            cstackCOMRAM 000522
___flmul@sign            cstackCOMRAM 00051B
___flmul@temp            cstackCOMRAM 000526
___fltol                 text6        002D8C
___fltol@exp1            cstackCOMRAM 00050A
___fltol@f1              cstackCOMRAM 000501
___fltol@sign1           cstackCOMRAM 000509
___heap_hi               (abs)        000000
___heap_lo               (abs)        000000
___inthi_sp              stack        000000
___inthi_stack_hi        stack        000000
___inthi_stack_lo        stack        000000
___intlo_sp              stack        000000
___intlo_stack_hi        stack        000000
___intlo_stack_lo        stack        000000
___lwdiv                 text5        002F0C
___lwdiv@counter         cstackCOMRAM 00050C
___lwdiv@dividend        cstackCOMRAM 000506
___lwdiv@divisor         cstackCOMRAM 000508
___lwdiv@quotient        cstackCOMRAM 00050A
___lwmod                 text4        002F80
___lwmod@counter         cstackCOMRAM 000505
___lwmod@dividend        cstackCOMRAM 000501
___lwmod@divisor         cstackCOMRAM 000503
___param_bank            (abs)        000000
___rparam_used           (abs)        000001
___sp                    stack        000000
___stack_hi              stack        000000
___stack_lo              stack        000000
___xxtofl                text3        002BD8
___xxtofl@arg            cstackCOMRAM 00050B
___xxtofl@exp            cstackCOMRAM 00050A
___xxtofl@sign           cstackCOMRAM 000509
___xxtofl@val            cstackCOMRAM 000501
__accesstop              (abs)        000560
__activetblptr           (abs)        000003
__end_of_BORRAR_LCD      text13       0031B0
__end_of_CURSOR_HOME     text12       0031A8
__end_of_CURSOR_ONOFF    text11       0030F8
__end_of_ENVIA_CHAR      text16       003150
__end_of_ENVIA_LCD_CMD   text14       003124
__end_of_ENVIA_NIBBLE    text17       003188
__end_of_ESCRIBE_MENSAJE text15       0030C8
__end_of_LCD_CONFIG      text10       00308C
__end_of_LCD_INIT        text9        00303A
__end_of_POS_CURSOR      text8        002F0C
__end_of___flmul         text7        002958
__end_of___fltol         text6        002E92
__end_of___lwdiv         text5        002F80
__end_of___lwmod         text4        002FE4
__end_of___xxtofl        text3        002D8C
__end_of__initialization cinit        0031B0
__end_of_configuro       text2        00316C
__end_of_leer_ADC        text1        0031A0
__end_of_main            text0        002BD8
__initialization         cinit        0031B0
__mediumconst            mediumconst  000000
__pcinit                 cinit        0031B0
__pcstackCOMRAM          cstackCOMRAM 000501
__psmallconst            smallconst   002500
__ptext0                 text0        002958
__ptext1                 text1        003188
__ptext10                text10       00303A
__ptext11                text11       0030C8
__ptext12                text12       0031A0
__ptext13                text13       0031A8
__ptext14                text14       0030F8
__ptext15                text15       00308C
__ptext16                text16       003124
__ptext17                text17       00316C
__ptext2                 text2        003150
__ptext3                 text3        002BD8
__ptext4                 text4        002F80
__ptext5                 text5        002F0C
__ptext6                 text6        002D8C
__ptext7                 text7        00252E
__ptext8                 text8        002E92
__ptext9                 text9        002FE4
__ramtop                 ramtop       002500
__smallconst             smallconst   002500
_configuro               text2        003150
_leer_ADC                text1        003188
_main                    text0        002958
end_of_initialization    cinit        0031B0
intlevel0                text         000000
intlevel1                text         000000
intlevel2                text         000000
intlevel3                text         000000
isa$std                  (abs)        000001
isa$xinst                (abs)        000000
main@final               cstackCOMRAM 00052E
main@valor_leido         cstackCOMRAM 000530
main@voltaje             cstackCOMRAM 00052A
stackhi                  (abs)        000000
stacklo                  (abs)        000000
start                    init         01FFFC
start_initialization     cinit        0031B0


MODULE INFORMATION

Module		Function		Class		Link	Load	Size
C:\Program Files\Microchip\xc8\v2.46\pic\sources\c99\common\fltol.c
		___fltol       		CODE           	2D8C	0000	262

C:\Program Files\Microchip\xc8\v2.46\pic\sources\c99\common\fltol.c estimated size: 262

C:\Program Files\Microchip\xc8\v2.46\pic\sources\c99\common\lwdiv.c
		___lwdiv       		CODE           	2F0C	0000	116

C:\Program Files\Microchip\xc8\v2.46\pic\sources\c99\common\lwdiv.c estimated size: 116

C:\Program Files\Microchip\xc8\v2.46\pic\sources\c99\common\xxtofl.c
		___xxtofl      		CODE           	2BD8	0000	436

C:\Program Files\Microchip\xc8\v2.46\pic\sources\c99\common\xxtofl.c estimated size: 436

C:\Program Files\Microchip\xc8\v2.46\pic\sources\c99\common\sprcmul.c
		___flmul       		CODE           	252E	0000	1066

C:\Program Files\Microchip\xc8\v2.46\pic\sources\c99\common\sprcmul.c estimated size: 1066

shared
		__initialization		CODE           	31B0	0000	1

shared estimated size: 1

maincode.c
		_configuro     		CODE           	3150	0000	28
		_leer_ADC      		CODE           	3188	0000	24
		_main          		CODE           	2958	0000	640

maincode.c estimated size: 692

C:\Program Files\Microchip\xc8\v2.46\pic\sources\c99\common\lwmod.c
		___lwmod       		CODE           	2F80	0000	100

C:\Program Files\Microchip\xc8\v2.46\pic\sources\c99\common\lwmod.c estimated size: 100

LCD.c
		_ENVIA_NIBBLE  		CODE           	316C	0000	28
		_LCD_INIT      		CODE           	2FE4	0000	86
		_ENVIA_CHAR    		CODE           	3124	0000	44
		_CURSOR_HOME   		CODE           	31A0	0000	8
		_CURSOR_ONOFF  		CODE           	30C8	0000	48
		_POS_CURSOR    		CODE           	2E92	0000	122
		_ESCRIBE_MENSAJE		CODE           	308C	0000	60
		_ENVIA_LCD_CMD 		CODE           	30F8	0000	44
		_LCD_CONFIG    		CODE           	303A	0000	82
		_BORRAR_LCD    		CODE           	31A8	0000	8

LCD.c estimated size: 530

