Microchip MPLAB XC8 Compiler V3.00

Linker command line:

-W-3 \
  --edf=C:/Program Files/Microchip/MPLABX/v6.25/packs/Microchip/PIC18F-Q_DFP/1.27.449/xc8\pic\dat\20250204174324_en.msgs \
  -cn -h+dist/default/debug\NRC9357_Sem14_servaso.X.debug.sym \
  --cmf=dist/default/debug\NRC9357_Sem14_servaso.X.debug.cmf -z -Q18F57Q43 \
  -oC:\Users\Alumnos\AppData\Local\Temp\xcAs1es.\driver_tmp_3.o \
  --defsym=__MPLAB_BUILD=1 --fixupoverflow=error \
  -Mdist/default/debug/NRC9357_Sem14_servaso.X.debug.map \
  --md=C:\Users\Alumnos\AppData\Local\Temp\xcAs1es.\driver_tmp_0.dat -E1 \
  -ver=XC8 Compiler -ACODE=00h-01FFFFh -ACONST=00h-01FFFFh \
  -ASMALLCONST=02600h-026FFhx218,012600h-0126FFhx218 \
  -AMEDIUMCONST=02600h-0FFFFh,012600h-01FFFFh -ACOMRAM=0501h-055Fh \
  -AABS1=0500h-024FFh -ABIGRAM=0501h-024FFh \
  -ARAM=0560h-05FFh,0600h-06FFhx31 -ABANK5=0560h-05FFh -ABANK6=0600h-06FFh \
  -ABANK7=0700h-07FFh -ABANK8=0800h-08FFh -ABANK9=0900h-09FFh \
  -ABANK10=0A00h-0AFFh -ABANK11=0B00h-0BFFh -ABANK12=0C00h-0CFFh \
  -ABANK13=0D00h-0DFFh -ABANK14=0E00h-0EFFh -ABANK15=0F00h-0FFFh \
  -ABANK16=01000h-010FFh -ABANK17=01100h-011FFh -ABANK18=01200h-012FFh \
  -ABANK19=01300h-013FFh -ABANK20=01400h-014FFh -ABANK21=01500h-015FFh \
  -ABANK22=01600h-016FFh -ABANK23=01700h-017FFh -ABANK24=01800h-018FFh \
  -ABANK25=01900h-019FFh -ABANK26=01A00h-01AFFh -ABANK27=01B00h-01BFFh \
  -ABANK28=01C00h-01CFFh -ABANK29=01D00h-01DFFh -ABANK30=01E00h-01EFFh \
  -ABANK31=01F00h-01FFFh -ABANK32=02000h-020FFh -ABANK33=02100h-021FFh \
  -ABANK34=02200h-022FFh -ABANK35=02300h-023FFh -ABANK36=02400h-024FFh \
  -ASFR=00h-0FFhx4,0400h-045Fh,0460h-04FFh,02500h-025FFh \
  -ABIGSFR=00h-04FFh,02500h-025FFh -ACONFIG=0300000h-0300011h \
  -AIDLOC=0200000h-020003Fh -AEEDATA=0380000h-03803FFh -peeprom_data=EEDATA \
  -preset_vec=00h -ppowerup=CODE,init -pramtop=02600h \
  -psmallconst=SMALLCONST -pmediumconst=MEDIUMCONST -pconst=CONST \
  -AFARRAM=00h-00h \
  -prdata=COMRAM,nvrram=COMRAM,nvbit=COMRAM,rbss=COMRAM,rbit=COMRAM \
  -pfarbss=FARRAM,fardata=FARRAM,nvFARRAM=FARRAM \
  -pintsave_regs=BIGRAM,bigbss=BIGRAM,bigdata=BIGRAM -pbss=RAM \
  -pidata=CODE,irdata=CODE,ibigdata=CODE,ifardata=CODE -prparam=COMRAM \
  C:\Users\Alumnos\AppData\Local\Temp\xcAs1es.\driver_tmp_9.o \
  dist/default/debug\NRC9357_Sem14_servaso.X.debug.o 

Object code version is 3.11

Machine type is 18F57Q43



                Name                               Link     Load   Length Selector   Space Scale
C:\Users\Alumnos\AppData\Local\Temp\xcAs1es.\driver_tmp_9.o
                init                              1FFFC    1FFFC        4     FFFE       0
                reset_vec                             0        0        4        0       0
dist/default/debug\NRC9357_Sem14_servaso.X.debug.o
                smallconst                         2600     2600       42     1300       0
                text18                             2DF0     2DF0       24     1321       0
                text17                             2B50     2B50       6C     1321       0
                text16                             2AE2     2AE2       6E     1321       0
                text15                             2D06     2D06       38     1321       0
                text14                             2DC8     2DC8       28     1321       0
                text13                             2A54     2A54       8E     1321       0
                text12                             2C7C     2C7C       4A     1321       0
                text11                             2BBC     2BBC       68     1321       0
                text10                             2E5C     2E5C        8     1321       0
                text9                              2E54     2E54        8     1321       0
                text8                              2E14     2E14       1C     1321       0
                text7                              2642     2642      354     1321       0
                text6                              2DA0     2DA0       28     1321       0
                text5                              2E48     2E48        C     1321       0
                text4                              2D74     2D74       2C     1321       0
                text3                              2D3E     2D3E       36     1321       0
                text2                              2C24     2C24       58     1321       0
                text1                              2996     2996       BE     1321       0
                text0                              2CC6     2CC6       40     1321       0
                cstackCOMRAM                        501      501       11      501       1
                dataCOMRAM                          512      512        1      501       1
                cinit                              2E30     2E30       18     1321       0
                idataCOMRAM                        2E64     2E64        1     1321       0

TOTAL           Name                               Link     Load   Length     Space
        CLASS   CODE           
                init                              1FFFC    1FFFC        4         0
                reset_vec                             0        0        4         0
                text18                             2DF0     2DF0       24         0
                text17                             2B50     2B50       6C         0
                text16                             2AE2     2AE2       6E         0
                text15                             2D06     2D06       38         0
                text14                             2DC8     2DC8       28         0
                text13                             2A54     2A54       8E         0
                text12                             2C7C     2C7C       4A         0
                text11                             2BBC     2BBC       68         0
                text10                             2E5C     2E5C        8         0
                text9                              2E54     2E54        8         0
                text8                              2E14     2E14       1C         0
                text7                              2642     2642      354         0
                text6                              2DA0     2DA0       28         0
                text5                              2E48     2E48        C         0
                text4                              2D74     2D74       2C         0
                text3                              2D3E     2D3E       36         0
                text2                              2C24     2C24       58         0
                text1                              2996     2996       BE         0
                text0                              2CC6     2CC6       40         0
                cinit                              2E30     2E30       18         0
                idataCOMRAM                        2E64     2E64        1         0

        CLASS   CONST          

        CLASS   SMALLCONST     
                smallconst                         2600     2600       42         0

        CLASS   MEDIUMCONST    

        CLASS   COMRAM         
                cstackCOMRAM                        501      501       11         1
                dataCOMRAM                          512      512        1         1

        CLASS   ABS1           

        CLASS   BIGRAM         

        CLASS   RAM            

        CLASS   BANK5          

        CLASS   BANK6          

        CLASS   BANK7          

        CLASS   BANK8          

        CLASS   BANK9          

        CLASS   BANK10         

        CLASS   BANK11         

        CLASS   BANK12         

        CLASS   BANK13         

        CLASS   BANK14         

        CLASS   BANK15         

        CLASS   BANK16         

        CLASS   BANK17         

        CLASS   BANK18         

        CLASS   BANK19         

        CLASS   BANK20         

        CLASS   BANK21         

        CLASS   BANK22         

        CLASS   BANK23         

        CLASS   BANK24         

        CLASS   BANK25         

        CLASS   BANK26         

        CLASS   BANK27         

        CLASS   BANK28         

        CLASS   BANK29         

        CLASS   BANK30         

        CLASS   BANK31         

        CLASS   BANK32         

        CLASS   BANK33         

        CLASS   BANK34         

        CLASS   BANK35         

        CLASS   BANK36         

        CLASS   SFR            

        CLASS   BIGSFR         

        CLASS   CONFIG         

        CLASS   IDLOC          

        CLASS   EEDATA         

        CLASS   FARRAM         

        CLASS   HEAP           

        CLASS   STACK          



SEGMENTS        Name                           Load    Length   Top    Selector   Space  Class

                reset_vec                      000000  000004  000004         0       0  CODE    
                cstackCOMRAM                   000501  000012  000513       501       1  COMRAM  
                smallconst                     002600  000042  002642      1300       0  SMALLCON
                text7                          002642  000823  002E65      1321       0  CODE    
                init                           01FFFC  000004  020000      FFFE       0  CODE    


UNUSED ADDRESS RANGES

        Name                Unused          Largest block    Delta
        BANK10           00A00-00AFF             100
        BANK11           00B00-00BFF             100
        BANK12           00C00-00CFF             100
        BANK13           00D00-00DFF             100
        BANK14           00E00-00EFF             100
        BANK15           00F00-00FFF             100
        BANK16           01000-010FF             100
        BANK17           01100-011FF             100
        BANK18           01200-012FF             100
        BANK19           01300-013FF             100
        BANK20           01400-014FF             100
        BANK21           01500-015FF             100
        BANK22           01600-016FF             100
        BANK23           01700-017FF             100
        BANK24           01800-018FF             100
        BANK25           01900-019FF             100
        BANK26           01A00-01AFF             100
        BANK27           01B00-01BFF             100
        BANK28           01C00-01CFF             100
        BANK29           01D00-01DFF             100
        BANK30           01E00-01EFF             100
        BANK31           01F00-01FFF             100
        BANK32           02000-020FF             100
        BANK33           02100-021FF             100
        BANK34           02200-022FF             100
        BANK35           02300-023FF             100
        BANK36           02400-024FF             100
        BANK5            00560-005FF              A0
        BANK6            00600-006FF             100
        BANK7            00700-007FF             100
        BANK8            00800-008FF             100
        BANK9            00900-009FF             100
        BIGRAM           00513-024FF            1FED
        BIGSFR           00000-004FF             500
                         02500-025FF             100
        CODE             00004-025FF            25FC
                         02E65-1FFFB           1D197
        COMRAM           00513-0055F              4D
        CONFIG           300000-300011              12
        CONST            00004-025FF            25FC
                         02E65-1FFFB           1D197
        EEDATA           380000-3803FF             400
        IDLOC            200000-20003F              40
        MEDIUMCONST      02E65-0FFFF            D19B
                         12600-1FFFB            D9FC
        RAM              00560-024FF             100
        SFR              00000-004FF             100
                         02500-025FF             100
        SMALLCONST       02E65-0FFFF             100
                         12600-1FFFB             100

                                  Symbol Table

?___awmod                          cstackCOMRAM 00501
?_strlen                           cstackCOMRAM 00501
I2C1_WRITESINGLEBYTE@dato          cstackCOMRAM 00501
I2C1_WRITESINGLEBYTE@direccion     cstackCOMRAM 00502
I2C_CURSOR_ONOFF@estado            cstackCOMRAM 00507
I2C_ENVIA_LCD_CMD@command          cstackCOMRAM 00504
I2C_ENVIA_LCD_CMD@highnibble       cstackCOMRAM 00505
I2C_ENVIA_LCD_CMD@lownibble        cstackCOMRAM 00506
I2C_ENVIA_LCD_DATA@data            cstackCOMRAM 00504
I2C_ENVIA_LCD_DATA@highnibble      cstackCOMRAM 00505
I2C_ENVIA_LCD_DATA@lownibble       cstackCOMRAM 00506
I2C_ESCRIBE_MENSAJE2@cadena        cstackCOMRAM 00507
I2C_ESCRIBE_MENSAJE2@i             cstackCOMRAM 0050A
I2C_ESCRIBE_MENSAJE2@tam           cstackCOMRAM 00509
I2C_LCD_ESCRIBE_VAR_CHAR@centena   cstackCOMRAM 0050C
I2C_LCD_ESCRIBE_VAR_CHAR@decena    cstackCOMRAM 0050D
I2C_LCD_ESCRIBE_VAR_CHAR@n_digitos cstackCOMRAM 0050B
I2C_LCD_ESCRIBE_VAR_CHAR@numero    cstackCOMRAM 0050E
I2C_LCD_ESCRIBE_VAR_CHAR@unidad    cstackCOMRAM 0050F
I2C_POS_CURSOR@columna             cstackCOMRAM 00507
I2C_POS_CURSOR@fila                cstackCOMRAM 00509
_ADCON0bits                        (abs)        003F3
_ADPCH                             (abs)        003EC
_ADREF                             (abs)        003F8
_ADRESH                            (abs)        003EB
_ANSELAbits                        (abs)        00400
_ANSELCbits                        (abs)        00410
_I2C1ADB1                          (abs)        0028F
_I2C1CLKbits                       (abs)        0029C
_I2C1CNT                           (abs)        0028D
_I2C1CON0bits                      (abs)        00294
_I2C1CON1bits                      (abs)        00295
_I2C1CON2bits                      (abs)        00296
_I2C1PIRbits                       (abs)        0029A
_I2C1STAT1bits                     (abs)        00299
_I2C1TXB                           (abs)        0028C
_I2C1_INIT                         text12       02C7C
_I2C1_WRITESINGLEBYTE              text18       02DF0
_I2C_BORRAR_LCD                    text10       02E5C
_I2C_CURSOR_HOME                   text9        02E54
_I2C_CURSOR_ONOFF                  text8        02E14
_I2C_ENVIA_LCD_CMD                 text11       02BBC
_I2C_ENVIA_LCD_DATA                text17       02B50
_I2C_ESCRIBE_MENSAJE2              text3        02D3E
_I2C_LCD_ADDR                      dataCOMRAM   00512
_I2C_LCD_ESCRIBE_VAR_CHAR          text13       02A54
_I2C_LCD_INIT                      text7        02642
_I2C_POS_CURSOR                    text2        02C24
_ODCONCbits                        (abs)        00412
_OSCCON1                           (abs)        000AD
_OSCEN                             (abs)        000B3
_OSCFRQ                            (abs)        000B1
_RC3I2Cbits                        (abs)        00287
_RC3PPS                            (abs)        00214
_RC4I2Cbits                        (abs)        00286
_RC4PPS                            (abs)        00215
_TRISAbits                         (abs)        004C6
_TRISCbits                         (abs)        004C8
__HRAM                             (abs)        00000
__H__absolute__                    __absolute__ 00000
__Habs1                            abs1         00000
__Hbank10                          bank10       00000
__Hbank11                          bank11       00000
__Hbank12                          bank12       00000
__Hbank13                          bank13       00000
__Hbank14                          bank14       00000
__Hbank15                          bank15       00000
__Hbank16                          bank16       00000
__Hbank17                          bank17       00000
__Hbank18                          bank18       00000
__Hbank19                          bank19       00000
__Hbank20                          bank20       00000
__Hbank21                          bank21       00000
__Hbank22                          bank22       00000
__Hbank23                          bank23       00000
__Hbank24                          bank24       00000
__Hbank25                          bank25       00000
__Hbank26                          bank26       00000
__Hbank27                          bank27       00000
__Hbank28                          bank28       00000
__Hbank29                          bank29       00000
__Hbank30                          bank30       00000
__Hbank31                          bank31       00000
__Hbank32                          bank32       00000
__Hbank33                          bank33       00000
__Hbank34                          bank34       00000
__Hbank35                          bank35       00000
__Hbank36                          bank36       00000
__Hbank5                           bank5        00000
__Hbank6                           bank6        00000
__Hbank7                           bank7        00000
__Hbank8                           bank8        00000
__Hbank9                           bank9        00000
__Hbigbss                          bigbss       00000
__Hbigdata                         bigdata      00000
__Hbigram                          bigram       00000
__Hbigsfr                          bigsfr       00000
__Hbss                             bss          00000
__Hcinit                           cinit        00000
__Hclrtext                         clrtext      00000
__Hcomram                          comram       00000
__Hconfig                          config       00000
__Hconst                           const        00000
__HcstackCOMRAM                    cstackCOMRAM 00000
__Hdata                            data         00000
__HdataCOMRAM                      dataCOMRAM   00000
__Heeprom_data                     eeprom_data  00000
__Hfarbss                          farbss       00000
__Hfardata                         fardata      00000
__Hheap                            heap         00000
__Hibigdata                        ibigdata     00000
__Hidata                           idata        00000
__HidataCOMRAM                     idataCOMRAM  00000
__Hidloc                           idloc        00000
__Hifardata                        ifardata     00000
__Hinit                            init         20000
__Hintsave_regs                    intsave_regs 00000
__Hirdata                          irdata       00000
__Hmediumconst                     mediumconst  00000
__HnvFARRAM                        nvFARRAM     00000
__Hnvbit                           nvbit        00000
__Hnvrram                          nvrram       00000
__Hparam                           rparam       00000
__Hpowerup                         powerup      00000
__Hram                             ram          00000
__Hramtop                          ramtop       02600
__Hrbit                            rbit         00000
__Hrbss                            rbss         00000
__Hrdata                           rdata        00000
__Hreset_vec                       reset_vec    00004
__Hrparam                          rparam       00000
__Hsfr                             sfr          00000
__Hsmallconst                      smallconst   02642
__Hspace_0                         (abs)        20000
__Hspace_1                         (abs)        00513
__Hspace_2                         (abs)        00000
__Hspace_4                         (abs)        00000
__Hstack                           stack        00000
__Hstruct                          struct       00000
__Htemp                            temp         00000
__Htext                            text         00000
__Htext0                           text0        00000
__Htext1                           text1        00000
__Htext10                          text10       00000
__Htext11                          text11       00000
__Htext12                          text12       00000
__Htext13                          text13       00000
__Htext14                          text14       00000
__Htext15                          text15       00000
__Htext16                          text16       00000
__Htext17                          text17       00000
__Htext18                          text18       00000
__Htext2                           text2        00000
__Htext3                           text3        00000
__Htext4                           text4        00000
__Htext5                           text5        00000
__Htext6                           text6        00000
__Htext7                           text7        00000
__Htext8                           text8        00000
__Htext9                           text9        00000
__LRAM                             (abs)        00001
__L__absolute__                    __absolute__ 00000
__Labs1                            abs1         00000
__Lbank10                          bank10       00000
__Lbank11                          bank11       00000
__Lbank12                          bank12       00000
__Lbank13                          bank13       00000
__Lbank14                          bank14       00000
__Lbank15                          bank15       00000
__Lbank16                          bank16       00000
__Lbank17                          bank17       00000
__Lbank18                          bank18       00000
__Lbank19                          bank19       00000
__Lbank20                          bank20       00000
__Lbank21                          bank21       00000
__Lbank22                          bank22       00000
__Lbank23                          bank23       00000
__Lbank24                          bank24       00000
__Lbank25                          bank25       00000
__Lbank26                          bank26       00000
__Lbank27                          bank27       00000
__Lbank28                          bank28       00000
__Lbank29                          bank29       00000
__Lbank30                          bank30       00000
__Lbank31                          bank31       00000
__Lbank32                          bank32       00000
__Lbank33                          bank33       00000
__Lbank34                          bank34       00000
__Lbank35                          bank35       00000
__Lbank36                          bank36       00000
__Lbank5                           bank5        00000
__Lbank6                           bank6        00000
__Lbank7                           bank7        00000
__Lbank8                           bank8        00000
__Lbank9                           bank9        00000
__Lbigbss                          bigbss       00000
__Lbigdata                         bigdata      00000
__Lbigram                          bigram       00000
__Lbigsfr                          bigsfr       00000
__Lbss                             bss          00000
__Lcinit                           cinit        00000
__Lclrtext                         clrtext      00000
__Lcomram                          comram       00000
__Lconfig                          config       00000
__Lconst                           const        00000
__LcstackCOMRAM                    cstackCOMRAM 00000
__Ldata                            data         00000
__LdataCOMRAM                      dataCOMRAM   00000
__Leeprom_data                     eeprom_data  00000
__Lfarbss                          farbss       00000
__Lfardata                         fardata      00000
__Lheap                            heap         00000
__Libigdata                        ibigdata     00000
__Lidata                           idata        00000
__LidataCOMRAM                     idataCOMRAM  00000
__Lidloc                           idloc        00000
__Lifardata                        ifardata     00000
__Linit                            init         1FFFC
__Lintsave_regs                    intsave_regs 00000
__Lirdata                          irdata       00000
__Lmediumconst                     mediumconst  00000
__LnvFARRAM                        nvFARRAM     00000
__Lnvbit                           nvbit        00000
__Lnvrram                          nvrram       00000
__Lparam                           rparam       00000
__Lpowerup                         powerup      00000
__Lram                             ram          00000
__Lramtop                          ramtop       02600
__Lrbit                            rbit         00000
__Lrbss                            rbss         00000
__Lrdata                           rdata        00000
__Lreset_vec                       reset_vec    00000
__Lrparam                          rparam       00000
__Lsfr                             sfr          00000
__Lsmallconst                      smallconst   02600
__Lspace_0                         (abs)        00000
__Lspace_1                         (abs)        00000
__Lspace_2                         (abs)        00000
__Lspace_4                         (abs)        00000
__Lstack                           stack        00000
__Lstruct                          struct       00000
__Ltemp                            temp         00000
__Ltext                            text         00000
__Ltext0                           text0        00000
__Ltext1                           text1        00000
__Ltext10                          text10       00000
__Ltext11                          text11       00000
__Ltext12                          text12       00000
__Ltext13                          text13       00000
__Ltext14                          text14       00000
__Ltext15                          text15       00000
__Ltext16                          text16       00000
__Ltext17                          text17       00000
__Ltext18                          text18       00000
__Ltext2                           text2        00000
__Ltext3                           text3        00000
__Ltext4                           text4        00000
__Ltext5                           text5        00000
__Ltext6                           text6        00000
__Ltext7                           text7        00000
__Ltext8                           text8        00000
__Ltext9                           text9        00000
__S0                               (abs)        20000
__S1                               (abs)        00513
__S4                               (abs)        00000
__S5                               (abs)        00000
___awmod                           text16       02AE2
___awmod@counter                   cstackCOMRAM 00505
___awmod@dividend                  cstackCOMRAM 00501
___awmod@divisor                   cstackCOMRAM 00503
___awmod@sign                      cstackCOMRAM 00506
___heap_hi                         (abs)        00000
___heap_lo                         (abs)        00000
___inthi_sp                        stack        00000
___inthi_stack_hi                  stack        00000
___inthi_stack_lo                  stack        00000
___intlo_sp                        stack        00000
___intlo_stack_hi                  stack        00000
___intlo_stack_lo                  stack        00000
___lbdiv                           text15       02D06
___lbdiv@counter                   cstackCOMRAM 00509
___lbdiv@dividend                  cstackCOMRAM 00508
___lbdiv@divisor                   cstackCOMRAM 00507
___lbdiv@quotient                  cstackCOMRAM 0050A
___lbmod                           text14       02DC8
___lbmod@counter                   cstackCOMRAM 00503
___lbmod@dividend                  cstackCOMRAM 00502
___lbmod@divisor                   cstackCOMRAM 00501
___lbmod@rem                       cstackCOMRAM 00504
___param_bank                      (abs)        00000
___rparam_used                     (abs)        00001
___sp                              stack        00000
___stack_hi                        stack        00000
___stack_lo                        stack        00000
__accesstop                        (abs)        00560
__activetblptr                     (abs)        00003
__end_of_I2C1_INIT                 text12       02CC6
__end_of_I2C1_WRITESINGLEBYTE      text18       02E14
__end_of_I2C_BORRAR_LCD            text10       02E64
__end_of_I2C_CURSOR_HOME           text9        02E5C
__end_of_I2C_CURSOR_ONOFF          text8        02E30
__end_of_I2C_ENVIA_LCD_CMD         text11       02C24
__end_of_I2C_ENVIA_LCD_DATA        text17       02BBC
__end_of_I2C_ESCRIBE_MENSAJE2      text3        02D74
__end_of_I2C_LCD_ESCRIBE_VAR_CHAR  text13       02AE2
__end_of_I2C_LCD_INIT              text7        02996
__end_of_I2C_POS_CURSOR            text2        02C7C
__end_of___awmod                   text16       02B50
__end_of___lbdiv                   text15       02D3E
__end_of___lbmod                   text14       02DF0
__end_of__initialization           cinit        02E42
__end_of_configuro                 text6        02DC8
__end_of_lectura_ADC_RA0           text5        02E54
__end_of_main                      text0        02D06
__end_of_splash_screen             text1        02A54
__end_of_strlen                    text4        02DA0
__initialization                   cinit        02E30
__mediumconst                      smallconst   02600
__pcinit                           cinit        02E30
__pcstackCOMRAM                    cstackCOMRAM 00501
__pdataCOMRAM                      dataCOMRAM   00512
__pidataCOMRAM                     idataCOMRAM  02E64
__psmallconst                      smallconst   02600
__ptext0                           text0        02CC6
__ptext1                           text1        02996
__ptext10                          text10       02E5C
__ptext11                          text11       02BBC
__ptext12                          text12       02C7C
__ptext13                          text13       02A54
__ptext14                          text14       02DC8
__ptext15                          text15       02D06
__ptext16                          text16       02AE2
__ptext17                          text17       02B50
__ptext18                          text18       02DF0
__ptext2                           text2        02C24
__ptext3                           text3        02D3E
__ptext4                           text4        02D74
__ptext5                           text5        02E48
__ptext6                           text6        02DA0
__ptext7                           text7        02642
__ptext8                           text8        02E14
__ptext9                           text9        02E54
__ramtop                           ramtop       02600
__smallconst                       smallconst   02600
_configuro                         text6        02DA0
_lectura_ADC_RA0                   text5        02E48
_main                              text0        02CC6
_splash_screen                     text1        02996
_strlen                            text4        02D74
end_of_initialization              cinit        02E42
intlevel0                          text         00000
intlevel1                          text         00000
intlevel2                          text         00000
intlevel3                          text         00000
isa$std                            (abs)        00001
isa$xinst                          (abs)        00000
splash_screen@itera                cstackCOMRAM 0050D
stackhi                            (abs)        00000
stacklo                            (abs)        00000
start                              init         1FFFC
start_initialization               cinit        02E30
strlen@a                           cstackCOMRAM 00503
strlen@s                           cstackCOMRAM 00501


MODULE INFORMATION

Module		Function		Class		Link	Load	Size
C:\Program Files\Microchip\xc8\v3.00\pic\sources\c99\common\lbdiv.c
		___lbdiv       		CODE           	2D06	0000	56

C:\Program Files\Microchip\xc8\v3.00\pic\sources\c99\common\lbdiv.c estimated size: 56

C:\Program Files\Microchip\xc8\v3.00\pic\sources\c99\common\awmod.c
		___awmod       		CODE           	2AE2	0000	110

C:\Program Files\Microchip\xc8\v3.00\pic\sources\c99\common\awmod.c estimated size: 110

shared
		__initialization		CODE           	2E30	0000	18

shared estimated size: 18

I2C_LCD.c
		_I2C_BORRAR_LCD		CODE           	2E5C	0000	8
		_I2C1_INIT     		CODE           	2C7C	0000	74
		_I2C_POS_CURSOR		CODE           	2C24	0000	88
		_I2C_ENVIA_LCD_CMD		CODE           	2BBC	0000	104
		_I2C_CURSOR_HOME		CODE           	2E54	0000	8
		_I2C1_WRITESINGLEBYTE		CODE           	2DF0	0000	36
		_I2C_LCD_ESCRIBE_VAR_CHAR		CODE           	2A54	0000	142
		_I2C_ENVIA_LCD_DATA		CODE           	2B50	0000	108
		_I2C_ESCRIBE_MENSAJE2		CODE           	2D3E	0000	54
		_I2C_LCD_INIT  		CODE           	2642	0000	852
		_I2C_CURSOR_ONOFF		CODE           	2E14	0000	28

I2C_LCD.c estimated size: 1502

C:\Program Files\Microchip\xc8\v3.00\pic\sources\c99\common\strlen.c
		_strlen        		CODE           	2D74	0000	44

C:\Program Files\Microchip\xc8\v3.00\pic\sources\c99\common\strlen.c estimated size: 44

maincode01.c
		_configuro     		CODE           	2DA0	0000	40
		_lectura_ADC_RA0		CODE           	2E48	0000	12
		_main          		CODE           	2CC6	0000	64
		_splash_screen 		CODE           	2996	0000	190

maincode01.c estimated size: 306

C:\Program Files\Microchip\xc8\v3.00\pic\sources\c99\common\lbmod.c
		___lbmod       		CODE           	2DC8	0000	40

C:\Program Files\Microchip\xc8\v3.00\pic\sources\c99\common\lbmod.c estimated size: 40

