Microchip MPLAB XC8 Compiler V3.10

Linker command line:

-W-3 \
  --edf=C:\Program Files\Microchip\xc8\v3.10\pic\dat\20250813170317_en.msgs \
  -pivt0x8=08h -cn \
  -h+dist/default/production\NRC8449_Sem10_LCD.X.production.sym \
  --cmf=dist/default/production\NRC8449_Sem10_LCD.X.production.cmf -z \
  -Q18F57Q43 -oC:\Users\Alumnos\AppData\Local\Temp\xcAscws.0\driver_tmp_3.o \
  --defsym=__MPLAB_BUILD=1 --fixupoverflow=error \
  -Mdist/default/production/NRC8449_Sem10_LCD.X.production.map \
  --md=C:\Users\Alumnos\AppData\Local\Temp\xcAscws.0\driver_tmp_0.dat -E1 \
  -ver=XC8 Compiler -ACODE=00h-01FFFFh -ACONST=00h-01FFFFh \
  -ASMALLCONST=02600h-026FFhx218,012600h-0126FFhx218 \
  -AMEDIUMCONST=02600h-0FFFFh,012600h-01FFFFh -ACOMRAM=0501h-055Fh \
  -AABS1=0500h-024FFh -ABIGRAM=0501h-024FFh \
  -ARAM=0560h-05FFh,0600h-06FFhx31 -ABANK5=0560h-05FFh -ABANK6=0600h-06FFh \
  -ABANK7=0700h-07FFh -ABANK8=0800h-08FFh -ABANK9=0900h-09FFh \
  -ABANK10=0A00h-0AFFh -ABANK11=0B00h-0BFFh -ABANK12=0C00h-0CFFh \
  -ABANK13=0D00h-0DFFh -ABANK14=0E00h-0EFFh -ABANK15=0F00h-0FFFh \
  -ABANK16=01000h-010FFh -ABANK17=01100h-011FFh -ABANK18=01200h-012FFh \
  -ABANK19=01300h-013FFh -ABANK20=01400h-014FFh -ABANK21=01500h-015FFh \
  -ABANK22=01600h-016FFh -ABANK23=01700h-017FFh -ABANK24=01800h-018FFh \
  -ABANK25=01900h-019FFh -ABANK26=01A00h-01AFFh -ABANK27=01B00h-01BFFh \
  -ABANK28=01C00h-01CFFh -ABANK29=01D00h-01DFFh -ABANK30=01E00h-01EFFh \
  -ABANK31=01F00h-01FFFh -ABANK32=02000h-020FFh -ABANK33=02100h-021FFh \
  -ABANK34=02200h-022FFh -ABANK35=02300h-023FFh -ABANK36=02400h-024FFh \
  -ASFR=00h-0FFhx4,0400h-045Fh,0460h-04FFh,02500h-025FFh \
  -ABIGSFR=00h-04FFh,02500h-025FFh -ACONFIG=0300000h-0300011h \
  -AIDLOC=0200000h-020003Fh -AEEDATA=0380000h-03803FFh -peeprom_data=EEDATA \
  -preset_vec=00h -ppowerup=CODE,init -pramtop=02600h \
  -psmallconst=SMALLCONST -pmediumconst=MEDIUMCONST -pconst=CONST \
  -AFARRAM=00h-00h \
  -prdata=COMRAM,nvrram=COMRAM,nvbit=COMRAM,rbss=COMRAM,rbit=COMRAM \
  -pfarbss=FARRAM,fardata=FARRAM,nvFARRAM=FARRAM \
  -pintsave_regs=BIGRAM,bigbss=BIGRAM,bigdata=BIGRAM -pbss=RAM \
  -pidata=CODE,irdata=CODE,ibigdata=CODE,ifardata=CODE -prparam=COMRAM \
  C:\Users\Alumnos\AppData\Local\Temp\xcAscws.0\driver_tmp_9.o \
  dist/default/production\NRC8449_Sem10_LCD.X.production.o 

Object code version is 3.11

Machine type is 18F57Q43



                Name                               Link     Load   Length Selector   Space Scale
C:\Users\Alumnos\AppData\Local\Temp\xcAscws.0\driver_tmp_9.o
                config                           300000   300000        A        0       4
                init                                102      102        4        4       0
                reset_vec                             0        0        4        0       0
dist/default/production\NRC8449_Sem10_LCD.X.production.o
                config                           300000   300000        A        0       4
                smallconst                         2600     2600       36     1300       0
                ivt0x8                                8        8       FA        4       0
                text22                             2E68     2E68        2      B9A       0
                text21                             2A7C     2A7C       6A      A9F       0
                text20                             2A10     2A10       6A      A69       0
                text19                             2CC8     2CC8       3C      A9F       0
                text18                             29A4     29A4       6C      A69       0
                text17                             2C4A     2C4A       40      A9F       0
                text16                             2E34     2E34       1C      A9F       0
                text15                             2930     2930       72     131B       0
                text14                             2DA8     2DA8       32      A9F       0
                text13                             2D3E     2D3E       38      A9F       0
                text12                             2D76     2D76       32      A9F       0
                text11                             2D04     2D04       3A      A9F       0
                text10                             2AE6     2AE6       62      A9F       0
                text9                              2BFA     2BFA       50      A9F       0
                text8                              27C2     27C2       C0     131B       0
                text7                              2882     2882       AE     131B       0
                text6                              2BA8     2BA8       52      A9F       0
                text5                              2E58     2E58        8      A9F       0
                text4                              2E50     2E50        8      A9F       0
                text3                              2DDA     2DDA       30      A9F       0
                text2                              2B48     2B48       60      A9F       0
                text1                              2E0A     2E0A       2A      A9F       0
                text0                              2636     2636      18C     131B       0
                cstackCOMRAM                        501      501        F      501       1
                dataCOMRAM                          510      510        6      501       1
                bssCOMRAM                           516      516        5      501       1
                cinit                              2C8A     2C8A       3E      A9F       0
                idataCOMRAM                        2E60     2E60        6      A9F       0

TOTAL           Name                               Link     Load   Length     Space
        CLASS   CODE           
                init                                102      102        4         0
                reset_vec                             0        0        4         0
                ivt0x8                                8        8       FA         0
                text22                             2E68     2E68        2         0
                text21                             2A7C     2A7C       6A         0
                text20                             2A10     2A10       6A         0
                text19                             2CC8     2CC8       3C         0
                text18                             29A4     29A4       6C         0
                text17                             2C4A     2C4A       40         0
                text16                             2E34     2E34       1C         0
                text15                             2930     2930       72         0
                text14                             2DA8     2DA8       32         0
                text13                             2D3E     2D3E       38         0
                text12                             2D76     2D76       32         0
                text11                             2D04     2D04       3A         0
                text10                             2AE6     2AE6       62         0
                text9                              2BFA     2BFA       50         0
                text8                              27C2     27C2       C0         0
                text7                              2882     2882       AE         0
                text6                              2BA8     2BA8       52         0
                text5                              2E58     2E58        8         0
                text4                              2E50     2E50        8         0
                text3                              2DDA     2DDA       30         0
                text2                              2B48     2B48       60         0
                text1                              2E0A     2E0A       2A         0
                text0                              2636     2636      18C         0
                cinit                              2C8A     2C8A       3E         0
                idataCOMRAM                        2E60     2E60        6         0

        CLASS   CONST          

        CLASS   SMALLCONST     
                smallconst                         2600     2600       36         0

        CLASS   MEDIUMCONST    

        CLASS   COMRAM         
                cstackCOMRAM                        501      501        F         1
                dataCOMRAM                          510      510        6         1
                bssCOMRAM                           516      516        5         1

        CLASS   ABS1           

        CLASS   BIGRAM         

        CLASS   RAM            

        CLASS   BANK5          

        CLASS   BANK6          

        CLASS   BANK7          

        CLASS   BANK8          

        CLASS   BANK9          

        CLASS   BANK10         

        CLASS   BANK11         

        CLASS   BANK12         

        CLASS   BANK13         

        CLASS   BANK14         

        CLASS   BANK15         

        CLASS   BANK16         

        CLASS   BANK17         

        CLASS   BANK18         

        CLASS   BANK19         

        CLASS   BANK20         

        CLASS   BANK21         

        CLASS   BANK22         

        CLASS   BANK23         

        CLASS   BANK24         

        CLASS   BANK25         

        CLASS   BANK26         

        CLASS   BANK27         

        CLASS   BANK28         

        CLASS   BANK29         

        CLASS   BANK30         

        CLASS   BANK31         

        CLASS   BANK32         

        CLASS   BANK33         

        CLASS   BANK34         

        CLASS   BANK35         

        CLASS   BANK36         

        CLASS   SFR            

        CLASS   BIGSFR         

        CLASS   CONFIG         
                config                           300000   300000        A         4

        CLASS   IDLOC          

        CLASS   EEDATA         

        CLASS   FARRAM         

        CLASS   HEAP           

        CLASS   STACK          



SEGMENTS        Name                           Load    Length   Top    Selector   Space  Class

                reset_vec                      000000  000004  000004         0       0  CODE    
                ivt0x8                         000008  0000FE  000106         4       0  CODE    
                cstackCOMRAM                   000501  00001A  00051B       501       1  COMRAM  
                smallconst                     002600  000036  002636      1300       0  SMALLCON
                text0                          002636  00036C  0029A2      131B       0  CODE    
                text18                         0029A4  0000D6  002A7A       A69       0  CODE    
                text21                         002A7C  0003EA  002E66       A9F       0  CODE    
                text22                         002E68  000002  002E6A       B9A       0  CODE    


UNUSED ADDRESS RANGES

        Name                Unused          Largest block    Delta
        BANK10           000A00-000AFF              100
        BANK11           000B00-000BFF              100
        BANK12           000C00-000CFF              100
        BANK13           000D00-000DFF              100
        BANK14           000E00-000EFF              100
        BANK15           000F00-000FFF              100
        BANK16           001000-0010FF              100
        BANK17           001100-0011FF              100
        BANK18           001200-0012FF              100
        BANK19           001300-0013FF              100
        BANK20           001400-0014FF              100
        BANK21           001500-0015FF              100
        BANK22           001600-0016FF              100
        BANK23           001700-0017FF              100
        BANK24           001800-0018FF              100
        BANK25           001900-0019FF              100
        BANK26           001A00-001AFF              100
        BANK27           001B00-001BFF              100
        BANK28           001C00-001CFF              100
        BANK29           001D00-001DFF              100
        BANK30           001E00-001EFF              100
        BANK31           001F00-001FFF              100
        BANK32           002000-0020FF              100
        BANK33           002100-0021FF              100
        BANK34           002200-0022FF              100
        BANK35           002300-0023FF              100
        BANK36           002400-0024FF              100
        BANK5            000560-0005FF               A0
        BANK6            000600-0006FF              100
        BANK7            000700-0007FF              100
        BANK8            000800-0008FF              100
        BANK9            000900-0009FF              100
        BIGRAM           00051B-0024FF             1FE5
        BIGSFR           000000-0004FF              500
                         002500-0025FF              100
        CODE             000004-000007                4
                         000106-0025FF             24FA
                         0029A2-0029A3                2
                         002A7A-002A7B                2
                         002E66-002E67                2
                         002E6A-01FFFF            1D196
        COMRAM           00051B-00055F               45
        CONFIG           30000A-300011                8
        CONST            000004-000007                4
                         000106-0025FF             24FA
                         0029A2-0029A3                2
                         002A7A-002A7B                2
                         002E66-002E67                2
                         002E6A-01FFFF            1D196
        EEDATA           380000-3803FF              400
        IDLOC            200000-20003F               40
        MEDIUMCONST      0029A2-0029A3                2
                         002A7A-002A7B                2
                         002E66-002E67                2
                         002E6A-00FFFF             D196
                         012600-01FFFF             DA00
        RAM              000560-0024FF              100
        SFR              000000-0004FF              100
                         002500-0025FF              100
        SMALLCONST       0029A2-0029A3                2
                         002A7A-002A7B                2
                         002E66-002E67                2
                         002E6A-00FFFF              100
                         012600-01FFFF              100

                                  Symbol Table

?___awdiv                cstackCOMRAM 000507
?___awmod                cstackCOMRAM 000501
CURSOR_ONOFF@estado      cstackCOMRAM 000504
ENVIA_CHAR@aux           cstackCOMRAM 000503
ENVIA_CHAR@dato          cstackCOMRAM 000502
ENVIA_LCD_CMD@aux        cstackCOMRAM 000503
ENVIA_LCD_CMD@dato       cstackCOMRAM 000502
ENVIA_NIBBLE@dato        cstackCOMRAM 000501
ESCRIBE_MENSAJE@cadena   cstackCOMRAM 000504
ESCRIBE_MENSAJE@i        cstackCOMRAM 000507
ESCRIBE_MENSAJE@tam      cstackCOMRAM 000505
IVTBASEH                 (abs)        00045E
IVTBASEL                 (abs)        00045D
IVTBASEU                 (abs)        00045F
LEER_LCD@aux             cstackCOMRAM 000501
POS_CURSOR@columna       cstackCOMRAM 000504
POS_CURSOR@fila          cstackCOMRAM 000505
_ALARM                   dataCOMRAM   000510
_ANSELB                  (abs)        000408
_ANSELD                  (abs)        000418
_ANSELEbits              (abs)        000420
_BORRAR_LCD              text5        002E58
_CCP1CON                 (abs)        000342
_CCP1_ISR                text18       0029A4
_CCPR1H                  (abs)        000341
_CCPR1L                  (abs)        000340
_CTL_AL                  text17       002C4A
_CURSOR_HOME             text4        002E50
_CURSOR_ONOFF            text3        002DDA
_DEFAULT_ISR             text22       002E68
_DISP_ALARMA             text10       002AE6
_ENVIA_CHAR              text14       002DA8
_ENVIA_LCD_CMD           text12       002D76
_ENVIA_NIBBLE            text16       002E34
_ESCRIBE_MENSAJE         text13       002D3E
_INT0_ISR                text19       002CC8
_INT1_ISR                text20       002A10
_INT2_ISR                text21       002A7C
_INTCON0bits             (abs)        0004D6
_LATD                    (abs)        0004C1
_LATDbits                (abs)        0004C1
_LATEbits                (abs)        0004C2
_LCD_CONFIG              text2        002B48
_LEER_LCD                text15       002930
_MODO                    bssCOMRAM    000516
_OSCCON1                 (abs)        0000AD
_OSCEN                   (abs)        0000B3
_OSCFRQ                  (abs)        0000B1
_PIE10bits               (abs)        0004A8
_PIE1bits                (abs)        00049F
_PIE3bits                (abs)        0004A1
_PIE6bits                (abs)        0004A4
_PIR10bits               (abs)        0004B8
_PIR1bits                (abs)        0004AF
_PIR3bits                (abs)        0004B1
_PIR6bits                (abs)        0004B4
_PORTD                   (abs)        0004D1
_POS_CURSOR              text11       002D04
_T1CLK                   (abs)        000321
_T1CON                   (abs)        00031E
_TRISB                   (abs)        0004C7
_TRISD                   (abs)        0004C9
_TRISEbits               (abs)        0004CA
_WPUB                    (abs)        000409
__HRAM                   (abs)        000000
__H__absolute__          __absolute__ 000000
__Habs1                  abs1         000000
__Hbank10                bank10       000000
__Hbank11                bank11       000000
__Hbank12                bank12       000000
__Hbank13                bank13       000000
__Hbank14                bank14       000000
__Hbank15                bank15       000000
__Hbank16                bank16       000000
__Hbank17                bank17       000000
__Hbank18                bank18       000000
__Hbank19                bank19       000000
__Hbank20                bank20       000000
__Hbank21                bank21       000000
__Hbank22                bank22       000000
__Hbank23                bank23       000000
__Hbank24                bank24       000000
__Hbank25                bank25       000000
__Hbank26                bank26       000000
__Hbank27                bank27       000000
__Hbank28                bank28       000000
__Hbank29                bank29       000000
__Hbank30                bank30       000000
__Hbank31                bank31       000000
__Hbank32                bank32       000000
__Hbank33                bank33       000000
__Hbank34                bank34       000000
__Hbank35                bank35       000000
__Hbank36                bank36       000000
__Hbank5                 bank5        000000
__Hbank6                 bank6        000000
__Hbank7                 bank7        000000
__Hbank8                 bank8        000000
__Hbank9                 bank9        000000
__Hbigbss                bigbss       000000
__Hbigdata               bigdata      000000
__Hbigram                bigram       000000
__Hbigsfr                bigsfr       000000
__Hbss                   bss          000000
__HbssCOMRAM             bssCOMRAM    000000
__Hcinit                 cinit        000000
__Hclrtext               clrtext      000000
__Hcomram                comram       000000
__Hconfig                config       30000A
__Hconst                 const        000000
__HcstackCOMRAM          cstackCOMRAM 000000
__Hdata                  data         000000
__HdataCOMRAM            dataCOMRAM   000000
__Heeprom_data           eeprom_data  000000
__Hfarbss                farbss       000000
__Hfardata               fardata      000000
__Hheap                  heap         000000
__Hibigdata              ibigdata     000000
__Hidata                 idata        000000
__HidataCOMRAM           idataCOMRAM  000000
__Hidloc                 idloc        000000
__Hifardata              ifardata     000000
__Hinit                  init         000106
__Hintsave_regs          intsave_regs 000000
__Hirdata                irdata       000000
__Hivt0x8                ivt0x8       000102
__Hmediumconst           mediumconst  000000
__HnvFARRAM              nvFARRAM     000000
__Hnvbit                 nvbit        000000
__Hnvrram                nvrram       000000
__Hparam                 rparam       000000
__Hpowerup               powerup      000000
__Hram                   ram          000000
__Hramtop                ramtop       002600
__Hrbit                  rbit         000000
__Hrbss                  rbss         000000
__Hrdata                 rdata        000000
__Hreset_vec             reset_vec    000004
__Hrparam                rparam       000000
__Hsfr                   sfr          000000
__Hsmallconst            smallconst   002636
__Hspace_0               (abs)        002E6A
__Hspace_1               (abs)        00051B
__Hspace_2               (abs)        000000
__Hspace_4               (abs)        60000A
__Hstack                 stack        000000
__Hstruct                struct       000000
__Htemp                  temp         000000
__Htext                  text         000000
__Htext0                 text0        000000
__Htext1                 text1        000000
__Htext10                text10       000000
__Htext11                text11       000000
__Htext12                text12       000000
__Htext13                text13       000000
__Htext14                text14       000000
__Htext15                text15       000000
__Htext16                text16       000000
__Htext17                text17       000000
__Htext18                text18       000000
__Htext19                text19       000000
__Htext2                 text2        000000
__Htext20                text20       000000
__Htext21                text21       000000
__Htext22                text22       000000
__Htext3                 text3        000000
__Htext4                 text4        000000
__Htext5                 text5        000000
__Htext6                 text6        000000
__Htext7                 text7        000000
__Htext8                 text8        000000
__Htext9                 text9        000000
__LRAM                   (abs)        000001
__L__absolute__          __absolute__ 000000
__Labs1                  abs1         000000
__Lbank10                bank10       000000
__Lbank11                bank11       000000
__Lbank12                bank12       000000
__Lbank13                bank13       000000
__Lbank14                bank14       000000
__Lbank15                bank15       000000
__Lbank16                bank16       000000
__Lbank17                bank17       000000
__Lbank18                bank18       000000
__Lbank19                bank19       000000
__Lbank20                bank20       000000
__Lbank21                bank21       000000
__Lbank22                bank22       000000
__Lbank23                bank23       000000
__Lbank24                bank24       000000
__Lbank25                bank25       000000
__Lbank26                bank26       000000
__Lbank27                bank27       000000
__Lbank28                bank28       000000
__Lbank29                bank29       000000
__Lbank30                bank30       000000
__Lbank31                bank31       000000
__Lbank32                bank32       000000
__Lbank33                bank33       000000
__Lbank34                bank34       000000
__Lbank35                bank35       000000
__Lbank36                bank36       000000
__Lbank5                 bank5        000000
__Lbank6                 bank6        000000
__Lbank7                 bank7        000000
__Lbank8                 bank8        000000
__Lbank9                 bank9        000000
__Lbigbss                bigbss       000000
__Lbigdata               bigdata      000000
__Lbigram                bigram       000000
__Lbigsfr                bigsfr       000000
__Lbss                   bss          000000
__LbssCOMRAM             bssCOMRAM    000000
__Lcinit                 cinit        000000
__Lclrtext               clrtext      000000
__Lcomram                comram       000000
__Lconfig                config       000000
__Lconst                 const        000000
__LcstackCOMRAM          cstackCOMRAM 000000
__Ldata                  data         000000
__LdataCOMRAM            dataCOMRAM   000000
__Leeprom_data           eeprom_data  000000
__Lfarbss                farbss       000000
__Lfardata               fardata      000000
__Lheap                  heap         000000
__Libigdata              ibigdata     000000
__Lidata                 idata        000000
__LidataCOMRAM           idataCOMRAM  000000
__Lidloc                 idloc        000000
__Lifardata              ifardata     000000
__Linit                  init         000102
__Lintsave_regs          intsave_regs 000000
__Lirdata                irdata       000000
__Livt0x8                ivt0x8       000008
__Lmediumconst           mediumconst  000000
__LnvFARRAM              nvFARRAM     000000
__Lnvbit                 nvbit        000000
__Lnvrram                nvrram       000000
__Lparam                 rparam       000000
__Lpowerup               powerup      000000
__Lram                   ram          000000
__Lramtop                ramtop       002600
__Lrbit                  rbit         000000
__Lrbss                  rbss         000000
__Lrdata                 rdata        000000
__Lreset_vec             reset_vec    000000
__Lrparam                rparam       000000
__Lsfr                   sfr          000000
__Lsmallconst            smallconst   002600
__Lspace_0               (abs)        000000
__Lspace_1               (abs)        000000
__Lspace_2               (abs)        000000
__Lspace_4               (abs)        000000
__Lstack                 stack        000000
__Lstruct                struct       000000
__Ltemp                  temp         000000
__Ltext                  text         000000
__Ltext0                 text0        000000
__Ltext1                 text1        000000
__Ltext10                text10       000000
__Ltext11                text11       000000
__Ltext12                text12       000000
__Ltext13                text13       000000
__Ltext14                text14       000000
__Ltext15                text15       000000
__Ltext16                text16       000000
__Ltext17                text17       000000
__Ltext18                text18       000000
__Ltext19                text19       000000
__Ltext2                 text2        000000
__Ltext20                text20       000000
__Ltext21                text21       000000
__Ltext22                text22       000000
__Ltext3                 text3        000000
__Ltext4                 text4        000000
__Ltext5                 text5        000000
__Ltext6                 text6        000000
__Ltext7                 text7        000000
__Ltext8                 text8        000000
__Ltext9                 text9        000000
__S0                     (abs)        002E6A
__S1                     (abs)        00051B
__S4                     (abs)        000000
__S5                     (abs)        000000
___awdiv                 text8        0027C2
___awdiv@counter         cstackCOMRAM 00050B
___awdiv@dividend        cstackCOMRAM 000507
___awdiv@divisor         cstackCOMRAM 000509
___awdiv@quotient        cstackCOMRAM 00050D
___awdiv@sign            cstackCOMRAM 00050C
___awmod                 text7        002882
___awmod@counter         cstackCOMRAM 000505
___awmod@dividend        cstackCOMRAM 000501
___awmod@divisor         cstackCOMRAM 000503
___awmod@sign            cstackCOMRAM 000506
___heap_hi               (abs)        000000
___heap_lo               (abs)        000000
___inthi_sp              stack        000000
___inthi_stack_hi        stack        000000
___inthi_stack_lo        stack        000000
___intlo_sp              stack        000000
___intlo_stack_hi        stack        000000
___intlo_stack_lo        stack        000000
___param_bank            (abs)        000000
___rparam_used           (abs)        000001
___sp                    stack        000000
___stack_hi              stack        000000
___stack_lo              stack        000000
__accesstop              (abs)        000560
__activetblptr           (abs)        000003
__end_of_BORRAR_LCD      text5        002E60
__end_of_CCP1_ISR        text18       002A10
__end_of_CTL_AL          text17       002C8A
__end_of_CURSOR_HOME     text4        002E58
__end_of_CURSOR_ONOFF    text3        002E0A
__end_of_DEFAULT_ISR     text22       002E6A
__end_of_DISP_ALARMA     text10       002B48
__end_of_ENVIA_CHAR      text14       002DDA
__end_of_ENVIA_LCD_CMD   text12       002DA8
__end_of_ENVIA_NIBBLE    text16       002E50
__end_of_ESCRIBE_MENSAJE text13       002D76
__end_of_INT0_ISR        text19       002D04
__end_of_INT1_ISR        text20       002A7A
__end_of_INT2_ISR        text21       002AE6
__end_of_LCD_CONFIG      text2        002BA8
__end_of_LEER_LCD        text15       0029A2
__end_of_POS_CURSOR      text11       002D3E
__end_of___awdiv         text8        002882
__end_of___awmod         text7        002930
__end_of__initialization cinit        002CC2
__end_of_configuro       text9        002C4A
__end_of_convierte       text6        002BFA
__end_of_lcd_init        text1        002E34
__end_of_main            text0        0027C2
__initialization         cinit        002C8A
__mediumconst            smallconst   002600
__pbssCOMRAM             bssCOMRAM    000516
__pcinit                 cinit        002C8A
__pcstackCOMRAM          cstackCOMRAM 000501
__pdataCOMRAM            dataCOMRAM   000510
__pidataCOMRAM           idataCOMRAM  002E60
__pivt0x8                ivt0x8       000008
__psmallconst            smallconst   002600
__ptext0                 text0        002636
__ptext1                 text1        002E0A
__ptext10                text10       002AE6
__ptext11                text11       002D04
__ptext12                text12       002D76
__ptext13                text13       002D3E
__ptext14                text14       002DA8
__ptext15                text15       002930
__ptext16                text16       002E34
__ptext17                text17       002C4A
__ptext18                text18       0029A4
__ptext19                text19       002CC8
__ptext2                 text2        002B48
__ptext20                text20       002A10
__ptext21                text21       002A7C
__ptext22                text22       002E68
__ptext3                 text3        002DDA
__ptext4                 text4        002E50
__ptext5                 text5        002E58
__ptext6                 text6        002BA8
__ptext7                 text7        002882
__ptext8                 text8        0027C2
__ptext9                 text9        002BFA
__ramtop                 ramtop       002600
__smallconst             smallconst   002600
_al_hora                 dataCOMRAM   000511
_al_mins                 bssCOMRAM    00051A
_centena                 bssCOMRAM    000519
_centesimas              dataCOMRAM   000512
_configuro               text9        002BFA
_convierte               text6        002BA8
_decena                  bssCOMRAM    000518
_horas                   dataCOMRAM   000515
_lcd_init                text1        002E0A
_main                    text0        002636
_minutos                 dataCOMRAM   000514
_segundos                dataCOMRAM   000513
_unidad                  bssCOMRAM    000517
convierte@numero         cstackCOMRAM 00050F
end_of_initialization    cinit        002CC2
intlevel0                text         000000
intlevel1                text         000000
intlevel2                text         000000
intlevel3                text         000000
isa$std                  (abs)        000001
isa$xinst                (abs)        000000
ivt0x8_base              ivt0x8       000008
ivt0x8_undefint          ivt0x8       000100
stackhi                  (abs)        000000
stacklo                  (abs)        000000
start                    init         000102
start_initialization     cinit        002C8A


MODULE INFORMATION

Module		Function		Class		Link	Load	Size
C:\Program Files\Microchip\xc8\v3.10\pic\sources\c99\common\awmod.c
		___awmod       		CODE           	2882	0000	174

C:\Program Files\Microchip\xc8\v3.10\pic\sources\c99\common\awmod.c estimated size: 174

maincode02.c
		_configuro     		CODE           	2BFA	0000	80
		_main          		CODE           	2636	0000	396
		_CTL_AL        		CODE           	2C4A	0000	64
		_CCP1_ISR      		CODE           	29A4	0000	108
		_DEFAULT_ISR   		CODE           	2E68	0000	2
		_convierte     		CODE           	2BA8	0000	82
		_INT0_ISR      		CODE           	2CC8	0000	60
		_DISP_ALARMA   		CODE           	2AE6	0000	98
		_INT1_ISR      		CODE           	2A10	0000	106
		_lcd_init      		CODE           	2E0A	0000	42
		_INT2_ISR      		CODE           	2A7C	0000	106

maincode02.c estimated size: 1144

C:\Program Files\Microchip\xc8\v3.10\pic\sources\c99\common\awdiv.c
		___awdiv       		CODE           	27C2	0000	192

C:\Program Files\Microchip\xc8\v3.10\pic\sources\c99\common\awdiv.c estimated size: 192

shared
		__initialization		CODE           	2C8A	0000	56

shared estimated size: 56

LCD.c
		_ENVIA_NIBBLE  		CODE           	2E34	0000	28
		_ENVIA_CHAR    		CODE           	2DA8	0000	50
		_CURSOR_HOME   		CODE           	2E50	0000	8
		_CURSOR_ONOFF  		CODE           	2DDA	0000	48
		_POS_CURSOR    		CODE           	2D04	0000	58
		_ESCRIBE_MENSAJE		CODE           	2D3E	0000	56
		_ENVIA_LCD_CMD 		CODE           	2D76	0000	50
		_LCD_CONFIG    		CODE           	2B48	0000	96
		_BORRAR_LCD    		CODE           	2E58	0000	8
		_LEER_LCD      		CODE           	2930	0000	114

LCD.c estimated size: 516

