Microchip MPLAB XC8 Compiler V2.46

Linker command line:

-W-3 \
  --edf=C:\Program Files\Microchip\xc8\v2.46\pic\dat\20240104201356_en.msgs \
  -pivt0x8=08h -cn \
  -h+dist/default/production\Sem09_Relojon.X.production.sym \
  --cmf=dist/default/production\Sem09_Relojon.X.production.cmf -z \
  -Q18F57Q43 -oC:\Users\upao\AppData\Local\Temp\xcAsllg.\driver_tmp_3.o \
  --defsym=__MPLAB_BUILD=1 --fixupoverflow=error \
  -Mdist/default/production/Sem09_Relojon.X.production.map \
  --md=C:\Users\upao\AppData\Local\Temp\xcAsllg.\driver_tmp_0.dat -E1 \
  -ver=XC8 Compiler --acfsm=1493 -ACODE=00h-01FFFFh -ACONST=00h-01FFFFh \
  -ASMALLCONST=02500h-025FFhx475 \
  -AMEDIUMCONST=02500h-0FFFFh,012500h-01FFFFh -ACOMRAM=0501h-055Fh \
  -AABS1=0500h-024FFh -ABIGRAM=0501h-024FFh \
  -ARAM=0560h-05FFh,0600h-06FFhx31 -ABANK5=0560h-05FFh -ABANK6=0600h-06FFh \
  -ABANK7=0700h-07FFh -ABANK8=0800h-08FFh -ABANK9=0900h-09FFh \
  -ABANK10=0A00h-0AFFh -ABANK11=0B00h-0BFFh -ABANK12=0C00h-0CFFh \
  -ABANK13=0D00h-0DFFh -ABANK14=0E00h-0EFFh -ABANK15=0F00h-0FFFh \
  -ABANK16=01000h-010FFh -ABANK17=01100h-011FFh -ABANK18=01200h-012FFh \
  -ABANK19=01300h-013FFh -ABANK20=01400h-014FFh -ABANK21=01500h-015FFh \
  -ABANK22=01600h-016FFh -ABANK23=01700h-017FFh -ABANK24=01800h-018FFh \
  -ABANK25=01900h-019FFh -ABANK26=01A00h-01AFFh -ABANK27=01B00h-01BFFh \
  -ABANK28=01C00h-01CFFh -ABANK29=01D00h-01DFFh -ABANK30=01E00h-01EFFh \
  -ABANK31=01F00h-01FFFh -ABANK32=02000h-020FFh -ABANK33=02100h-021FFh \
  -ABANK34=02200h-022FFh -ABANK35=02300h-023FFh -ABANK36=02400h-024FFh \
  -ASFR=00h-0FFhx4,0400h-045Fh,0460h-04FFh,02500h-025FFh \
  -ABIGSFR=00h-04FFh,02500h-025FFh -ACONFIG=0300000h-0300011h \
  -AIDLOC=0200000h-020003Fh -AEEDATA=0380000h-03803FFh -peeprom_data=EEDATA \
  -preset_vec=00h -ppowerup=CODE,init -pramtop=02500h \
  -psmallconst=SMALLCONST -pmediumconst=MEDIUMCONST -pconst=CONST \
  -AFARRAM=00h-00h \
  -prdata=COMRAM,nvrram=COMRAM,nvbit=COMRAM,rbss=COMRAM,rbit=COMRAM \
  -pfarbss=FARRAM,fardata=FARRAM,nvFARRAM=FARRAM \
  -pintsave_regs=BIGRAM,bigbss=BIGRAM,bigdata=BIGRAM -pbss=RAM \
  -pidata=CODE,irdata=CODE,ibigdata=CODE,ifardata=CODE -prparam=COMRAM \
  C:\Users\upao\AppData\Local\Temp\xcAsllg.\driver_tmp_9.o \
  dist/default/production\Sem09_Relojon.X.production.o 

Object code version is 3.11

Machine type is 18F57Q43



                Name                               Link     Load   Length Selector   Space Scale
C:\Users\upao\AppData\Local\Temp\xcAsllg.\driver_tmp_9.o
                config                           300000   300000        A        0       4
                init                                102      102        4        4       0
                reset_vec                             0        0        4        0       0
dist/default/production\Sem09_Relojon.X.production.o
                config                           300000   300000        A        0       4
                smallconst                         2500     2500        E     1280       0
                ivt0x8                                8        8       FA        4       0
                text18                             2D04     2D04        2      B41       0
                text17                             2B6C     2B6C       44      ADB       0
                text16                             2CAE     2CAE       24      ADB       0
                text15                             2960     2960       6C     1287       0
                text14                             2C58     2C58       2C      ADB       0
                text13                             2BEA     2BEA       38      ADB       0
                text12                             28F0     28F0       70     1287       0
                text11                             2BB0     2BB0       3A      ADB       0
                text10                             2C84     2C84       2A      ADB       0
                text9                              2862     2862       8E     1287       0
                text8                              29CC     29CC       68     1287       0
                text7                              2A34     2A34       58     1287       0
                text6                              2AD8     2AD8       4A     1287       0
                text5                              2CF6     2CF6        8      ADB       0
                text4                              2CEE     2CEE        8      ADB       0
                text3                              2CD2     2CD2       1C      ADB       0
                text2                              250E     250E      354     1287       0
                text1                              2B22     2B22       48     1287       0
                text0                              2A8C     2A8C       4C     1287       0
                cstackCOMRAM                        501      501        F      501       1
                dataCOMRAM                          510      510        3      501       1
                bssCOMRAM                           513      513        2      501       1
                cinit                              2C22     2C22       36      ADB       0
                idataCOMRAM                        2CFE     2CFE        3      ADB       0

TOTAL           Name                               Link     Load   Length     Space
        CLASS   CODE           
                init                                102      102        4         0
                reset_vec                             0        0        4         0
                ivt0x8                                8        8       FA         0
                text18                             2D04     2D04        2         0
                text17                             2B6C     2B6C       44         0
                text16                             2CAE     2CAE       24         0
                text15                             2960     2960       6C         0
                text14                             2C58     2C58       2C         0
                text13                             2BEA     2BEA       38         0
                text12                             28F0     28F0       70         0
                text11                             2BB0     2BB0       3A         0
                text10                             2C84     2C84       2A         0
                text9                              2862     2862       8E         0
                text8                              29CC     29CC       68         0
                text7                              2A34     2A34       58         0
                text6                              2AD8     2AD8       4A         0
                text5                              2CF6     2CF6        8         0
                text4                              2CEE     2CEE        8         0
                text3                              2CD2     2CD2       1C         0
                text2                              250E     250E      354         0
                text1                              2B22     2B22       48         0
                text0                              2A8C     2A8C       4C         0
                cinit                              2C22     2C22       36         0
                idataCOMRAM                        2CFE     2CFE        3         0

        CLASS   CONST          

        CLASS   SMALLCONST     
                smallconst                         2500     2500        E         0

        CLASS   MEDIUMCONST    

        CLASS   COMRAM         
                cstackCOMRAM                        501      501        F         1
                dataCOMRAM                          510      510        3         1
                bssCOMRAM                           513      513        2         1

        CLASS   ABS1           

        CLASS   BIGRAM         

        CLASS   RAM            

        CLASS   BANK5          

        CLASS   BANK6          

        CLASS   BANK7          

        CLASS   BANK8          

        CLASS   BANK9          

        CLASS   BANK10         

        CLASS   BANK11         

        CLASS   BANK12         

        CLASS   BANK13         

        CLASS   BANK14         

        CLASS   BANK15         

        CLASS   BANK16         

        CLASS   BANK17         

        CLASS   BANK18         

        CLASS   BANK19         

        CLASS   BANK20         

        CLASS   BANK21         

        CLASS   BANK22         

        CLASS   BANK23         

        CLASS   BANK24         

        CLASS   BANK25         

        CLASS   BANK26         

        CLASS   BANK27         

        CLASS   BANK28         

        CLASS   BANK29         

        CLASS   BANK30         

        CLASS   BANK31         

        CLASS   BANK32         

        CLASS   BANK33         

        CLASS   BANK34         

        CLASS   BANK35         

        CLASS   BANK36         

        CLASS   SFR            

        CLASS   BIGSFR         

        CLASS   CONFIG         
                config                           300000   300000        A         4

        CLASS   IDLOC          

        CLASS   EEDATA         

        CLASS   FARRAM         

        CLASS   HEAP           

        CLASS   STACK          



SEGMENTS        Name                           Load    Length   Top    Selector   Space  Class

                reset_vec                      000000  000004  000004         0       0  CODE    
                ivt0x8                         000008  0000FE  000106         4       0  CODE    
                cstackCOMRAM                   000501  000014  000515       501       1  COMRAM  
                smallconst                     002500  00000E  00250E      1280       0  SMALLCON
                text2                          00250E  00065C  002B6A      1287       0  CODE    
                text17                         002B6C  000195  002D01       ADB       0  CODE    
                text18                         002D04  000002  002D06       B41       0  CODE    


UNUSED ADDRESS RANGES

        Name                Unused          Largest block    Delta
        BANK10           000A00-000AFF              100
        BANK11           000B00-000BFF              100
        BANK12           000C00-000CFF              100
        BANK13           000D00-000DFF              100
        BANK14           000E00-000EFF              100
        BANK15           000F00-000FFF              100
        BANK16           001000-0010FF              100
        BANK17           001100-0011FF              100
        BANK18           001200-0012FF              100
        BANK19           001300-0013FF              100
        BANK20           001400-0014FF              100
        BANK21           001500-0015FF              100
        BANK22           001600-0016FF              100
        BANK23           001700-0017FF              100
        BANK24           001800-0018FF              100
        BANK25           001900-0019FF              100
        BANK26           001A00-001AFF              100
        BANK27           001B00-001BFF              100
        BANK28           001C00-001CFF              100
        BANK29           001D00-001DFF              100
        BANK30           001E00-001EFF              100
        BANK31           001F00-001FFF              100
        BANK32           002000-0020FF              100
        BANK33           002100-0021FF              100
        BANK34           002200-0022FF              100
        BANK35           002300-0023FF              100
        BANK36           002400-0024FF              100
        BANK5            000560-0005FF               A0
        BANK6            000600-0006FF              100
        BANK7            000700-0007FF              100
        BANK8            000800-0008FF              100
        BANK9            000900-0009FF              100
        BIGRAM           000515-0024FF             1FEB
        BIGSFR           000000-0004FF              500
                         002500-0025FF              100
        CODE             000004-000007                4
                         000106-0024FF             23FA
                         002B6A-002B6B                2
                         002D01-002D03                3
                         002D06-01FFFF            1D2FA
        COMRAM           000515-00055F               4B
        CONFIG           30000A-300011                8
        CONST            000004-000007                4
                         000106-0024FF             23FA
                         002B6A-002B6B                2
                         002D01-002D03                3
                         002D06-01FFFF            1D2FA
        EEDATA           380000-3803FF              400
        IDLOC            200000-20003F               40
        MEDIUMCONST      002B6A-002B6B                2
                         002D01-002D03                3
                         002D06-00FFFF             D2FA
                         012500-01FFFF             DB00
        RAM              000560-0024FF              100
        SFR              000000-0004FF              100
                         002500-0025FF              100
        SMALLCONST       002B6A-002B6B                2
                         002D01-002D03                3
                         002D06-01FFFF              100

                                  Symbol Table

?___awmod                          cstackCOMRAM 000501
?_strlen                           cstackCOMRAM 000501
I2C1_WRITESINGLEBYTE@dato          cstackCOMRAM 000501
I2C1_WRITESINGLEBYTE@direccion     cstackCOMRAM 000502
I2C_CURSOR_ONOFF@estado            cstackCOMRAM 000507
I2C_ENVIA_LCD_CMD@command          cstackCOMRAM 000504
I2C_ENVIA_LCD_CMD@highnibble       cstackCOMRAM 000505
I2C_ENVIA_LCD_CMD@lownibble        cstackCOMRAM 000506
I2C_ENVIA_LCD_DATA@data            cstackCOMRAM 000504
I2C_ENVIA_LCD_DATA@highnibble      cstackCOMRAM 000505
I2C_ENVIA_LCD_DATA@lownibble       cstackCOMRAM 000506
I2C_ESCRIBE_MENSAJE2@cadena        cstackCOMRAM 000507
I2C_ESCRIBE_MENSAJE2@i             cstackCOMRAM 00050A
I2C_ESCRIBE_MENSAJE2@tam           cstackCOMRAM 000509
I2C_LCD_ESCRIBE_VAR_CHAR@centena   cstackCOMRAM 00050C
I2C_LCD_ESCRIBE_VAR_CHAR@decena    cstackCOMRAM 00050D
I2C_LCD_ESCRIBE_VAR_CHAR@n_digitos cstackCOMRAM 00050B
I2C_LCD_ESCRIBE_VAR_CHAR@numero    cstackCOMRAM 00050E
I2C_LCD_ESCRIBE_VAR_CHAR@unidad    cstackCOMRAM 00050F
I2C_POS_CURSOR@columna             cstackCOMRAM 000507
I2C_POS_CURSOR@fila                cstackCOMRAM 000509
IVTBASEH                           (abs)        00045E
IVTBASEL                           (abs)        00045D
IVTBASEU                           (abs)        00045F
_ANSELCbits                        (abs)        000410
_ANSELD                            (abs)        000418
_CCP1CON                           (abs)        000342
_CCP1_ISR                          text17       002B6C
_CCPR1H                            (abs)        000341
_CCPR1L                            (abs)        000340
_I2C1ADB1                          (abs)        00028F
_I2C1CLKbits                       (abs)        00029C
_I2C1CNT                           (abs)        00028D
_I2C1CON0bits                      (abs)        000294
_I2C1CON1bits                      (abs)        000295
_I2C1CON2bits                      (abs)        000296
_I2C1PIRbits                       (abs)        00029A
_I2C1STAT1bits                     (abs)        000299
_I2C1TXB                           (abs)        00028C
_I2C1_INIT                         text6        002AD8
_I2C1_WRITESINGLEBYTE              text16       002CAE
_I2C_BORRAR_LCD                    text5        002CF6
_I2C_CURSOR_HOME                   text4        002CEE
_I2C_CURSOR_ONOFF                  text3        002CD2
_I2C_ENVIA_LCD_CMD                 text8        0029CC
_I2C_ENVIA_LCD_DATA                text15       002960
_I2C_ESCRIBE_MENSAJE2              text13       002BEA
_I2C_LCD_ADDR                      dataCOMRAM   000510
_I2C_LCD_ESCRIBE_VAR_CHAR          text9        002862
_I2C_LCD_INIT                      text2        00250E
_I2C_POS_CURSOR                    text7        002A34
_INTCON0bits                       (abs)        0004D6
_LATDbits                          (abs)        0004C1
_ODCONCbits                        (abs)        000412
_OSCCON1                           (abs)        0000AD
_OSCEN                             (abs)        0000B3
_OSCFRQ                            (abs)        0000B1
_PIE3bits                          (abs)        0004A1
_PIR3bits                          (abs)        0004B1
_PORTD                             (abs)        0004D1
_RC3I2Cbits                        (abs)        000287
_RC3PPS                            (abs)        000214
_RC4I2Cbits                        (abs)        000286
_RC4PPS                            (abs)        000215
_T1CLK                             (abs)        000321
_T1CON                             (abs)        00031E
_TRISCbits                         (abs)        0004C8
_TRISD                             (abs)        0004C9
__HRAM                             (abs)        000000
__H__absolute__                    __absolute__ 000000
__Habs1                            abs1         000000
__Hbank10                          bank10       000000
__Hbank11                          bank11       000000
__Hbank12                          bank12       000000
__Hbank13                          bank13       000000
__Hbank14                          bank14       000000
__Hbank15                          bank15       000000
__Hbank16                          bank16       000000
__Hbank17                          bank17       000000
__Hbank18                          bank18       000000
__Hbank19                          bank19       000000
__Hbank20                          bank20       000000
__Hbank21                          bank21       000000
__Hbank22                          bank22       000000
__Hbank23                          bank23       000000
__Hbank24                          bank24       000000
__Hbank25                          bank25       000000
__Hbank26                          bank26       000000
__Hbank27                          bank27       000000
__Hbank28                          bank28       000000
__Hbank29                          bank29       000000
__Hbank30                          bank30       000000
__Hbank31                          bank31       000000
__Hbank32                          bank32       000000
__Hbank33                          bank33       000000
__Hbank34                          bank34       000000
__Hbank35                          bank35       000000
__Hbank36                          bank36       000000
__Hbank5                           bank5        000000
__Hbank6                           bank6        000000
__Hbank7                           bank7        000000
__Hbank8                           bank8        000000
__Hbank9                           bank9        000000
__Hbigbss                          bigbss       000000
__Hbigdata                         bigdata      000000
__Hbigram                          bigram       000000
__Hbigsfr                          bigsfr       000000
__Hbss                             bss          000000
__HbssCOMRAM                       bssCOMRAM    000000
__Hcinit                           cinit        000000
__Hclrtext                         clrtext      000000
__Hcomram                          comram       000000
__Hconfig                          config       30000A
__Hconst                           const        000000
__HcstackCOMRAM                    cstackCOMRAM 000000
__Hdata                            data         000000
__HdataCOMRAM                      dataCOMRAM   000000
__Heeprom_data                     eeprom_data  000000
__Hfarbss                          farbss       000000
__Hfardata                         fardata      000000
__Hheap                            heap         000000
__Hibigdata                        ibigdata     000000
__Hidata                           idata        000000
__HidataCOMRAM                     idataCOMRAM  000000
__Hidloc                           idloc        000000
__Hifardata                        ifardata     000000
__Hinit                            init         000106
__Hintsave_regs                    intsave_regs 000000
__Hirdata                          irdata       000000
__Hivt0x8                          ivt0x8       000102
__Hmediumconst                     mediumconst  000000
__HnvFARRAM                        nvFARRAM     000000
__Hnvbit                           nvbit        000000
__Hnvrram                          nvrram       000000
__Hparam                           rparam       000000
__Hpowerup                         powerup      000000
__Hram                             ram          000000
__Hramtop                          ramtop       002500
__Hrbit                            rbit         000000
__Hrbss                            rbss         000000
__Hrdata                           rdata        000000
__Hreset_vec                       reset_vec    000004
__Hrparam                          rparam       000000
__Hsfr                             sfr          000000
__Hsmallconst                      smallconst   00250E
__Hspace_0                         (abs)        002D06
__Hspace_1                         (abs)        000515
__Hspace_2                         (abs)        000000
__Hspace_4                         (abs)        60000A
__Hstack                           stack        000000
__Hstruct                          struct       000000
__Htemp                            temp         000000
__Htext                            text         000000
__Htext0                           text0        000000
__Htext1                           text1        000000
__Htext10                          text10       000000
__Htext11                          text11       000000
__Htext12                          text12       000000
__Htext13                          text13       000000
__Htext14                          text14       000000
__Htext15                          text15       000000
__Htext16                          text16       000000
__Htext17                          text17       000000
__Htext18                          text18       000000
__Htext2                           text2        000000
__Htext3                           text3        000000
__Htext4                           text4        000000
__Htext5                           text5        000000
__Htext6                           text6        000000
__Htext7                           text7        000000
__Htext8                           text8        000000
__Htext9                           text9        000000
__LRAM                             (abs)        000001
__L__absolute__                    __absolute__ 000000
__Labs1                            abs1         000000
__Lbank10                          bank10       000000
__Lbank11                          bank11       000000
__Lbank12                          bank12       000000
__Lbank13                          bank13       000000
__Lbank14                          bank14       000000
__Lbank15                          bank15       000000
__Lbank16                          bank16       000000
__Lbank17                          bank17       000000
__Lbank18                          bank18       000000
__Lbank19                          bank19       000000
__Lbank20                          bank20       000000
__Lbank21                          bank21       000000
__Lbank22                          bank22       000000
__Lbank23                          bank23       000000
__Lbank24                          bank24       000000
__Lbank25                          bank25       000000
__Lbank26                          bank26       000000
__Lbank27                          bank27       000000
__Lbank28                          bank28       000000
__Lbank29                          bank29       000000
__Lbank30                          bank30       000000
__Lbank31                          bank31       000000
__Lbank32                          bank32       000000
__Lbank33                          bank33       000000
__Lbank34                          bank34       000000
__Lbank35                          bank35       000000
__Lbank36                          bank36       000000
__Lbank5                           bank5        000000
__Lbank6                           bank6        000000
__Lbank7                           bank7        000000
__Lbank8                           bank8        000000
__Lbank9                           bank9        000000
__Lbigbss                          bigbss       000000
__Lbigdata                         bigdata      000000
__Lbigram                          bigram       000000
__Lbigsfr                          bigsfr       000000
__Lbss                             bss          000000
__LbssCOMRAM                       bssCOMRAM    000000
__Lcinit                           cinit        000000
__Lclrtext                         clrtext      000000
__Lcomram                          comram       000000
__Lconfig                          config       000000
__Lconst                           const        000000
__LcstackCOMRAM                    cstackCOMRAM 000000
__Ldata                            data         000000
__LdataCOMRAM                      dataCOMRAM   000000
__Leeprom_data                     eeprom_data  000000
__Lfarbss                          farbss       000000
__Lfardata                         fardata      000000
__Lheap                            heap         000000
__Libigdata                        ibigdata     000000
__Lidata                           idata        000000
__LidataCOMRAM                     idataCOMRAM  000000
__Lidloc                           idloc        000000
__Lifardata                        ifardata     000000
__Linit                            init         000102
__Lintsave_regs                    intsave_regs 000000
__Lirdata                          irdata       000000
__Livt0x8                          ivt0x8       000008
__Lmediumconst                     mediumconst  000000
__LnvFARRAM                        nvFARRAM     000000
__Lnvbit                           nvbit        000000
__Lnvrram                          nvrram       000000
__Lparam                           rparam       000000
__Lpowerup                         powerup      000000
__Lram                             ram          000000
__Lramtop                          ramtop       002500
__Lrbit                            rbit         000000
__Lrbss                            rbss         000000
__Lrdata                           rdata        000000
__Lreset_vec                       reset_vec    000000
__Lrparam                          rparam       000000
__Lsfr                             sfr          000000
__Lsmallconst                      smallconst   002500
__Lspace_0                         (abs)        000000
__Lspace_1                         (abs)        000000
__Lspace_2                         (abs)        000000
__Lspace_4                         (abs)        000000
__Lstack                           stack        000000
__Lstruct                          struct       000000
__Ltemp                            temp         000000
__Ltext                            text         000000
__Ltext0                           text0        000000
__Ltext1                           text1        000000
__Ltext10                          text10       000000
__Ltext11                          text11       000000
__Ltext12                          text12       000000
__Ltext13                          text13       000000
__Ltext14                          text14       000000
__Ltext15                          text15       000000
__Ltext16                          text16       000000
__Ltext17                          text17       000000
__Ltext18                          text18       000000
__Ltext2                           text2        000000
__Ltext3                           text3        000000
__Ltext4                           text4        000000
__Ltext5                           text5        000000
__Ltext6                           text6        000000
__Ltext7                           text7        000000
__Ltext8                           text8        000000
__Ltext9                           text9        000000
__S0                               (abs)        002D06
__S1                               (abs)        000515
__S4                               (abs)        000000
__S5                               (abs)        000000
___awmod                           text12       0028F0
___awmod@counter                   cstackCOMRAM 000505
___awmod@dividend                  cstackCOMRAM 000501
___awmod@divisor                   cstackCOMRAM 000503
___awmod@sign                      cstackCOMRAM 000506
___heap_hi                         (abs)        000000
___heap_lo                         (abs)        000000
___inthi_sp                        stack        000000
___inthi_stack_hi                  stack        000000
___inthi_stack_lo                  stack        000000
___intlo_sp                        stack        000000
___intlo_stack_hi                  stack        000000
___intlo_stack_lo                  stack        000000
___lbdiv                           text11       002BB0
___lbdiv@counter                   cstackCOMRAM 000509
___lbdiv@dividend                  cstackCOMRAM 000508
___lbdiv@divisor                   cstackCOMRAM 000507
___lbdiv@quotient                  cstackCOMRAM 00050A
___lbmod                           text10       002C84
___lbmod@counter                   cstackCOMRAM 000503
___lbmod@dividend                  cstackCOMRAM 000502
___lbmod@divisor                   cstackCOMRAM 000501
___lbmod@rem                       cstackCOMRAM 000504
___param_bank                      (abs)        000000
___rparam_used                     (abs)        000001
___sp                              stack        000000
___stack_hi                        stack        000000
___stack_lo                        stack        000000
__accesstop                        (abs)        000560
__activetblptr                     (abs)        000003
__end_of_CCP1_ISR                  text17       002BB0
__end_of_I2C1_INIT                 text6        002B22
__end_of_I2C1_WRITESINGLEBYTE      text16       002CD2
__end_of_I2C_BORRAR_LCD            text5        002CFE
__end_of_I2C_CURSOR_HOME           text4        002CF6
__end_of_I2C_CURSOR_ONOFF          text3        002CEE
__end_of_I2C_ENVIA_LCD_CMD         text8        002A34
__end_of_I2C_ENVIA_LCD_DATA        text15       0029CC
__end_of_I2C_ESCRIBE_MENSAJE2      text13       002C22
__end_of_I2C_LCD_ESCRIBE_VAR_CHAR  text9        0028F0
__end_of_I2C_LCD_INIT              text2        002862
__end_of_I2C_POS_CURSOR            text7        002A8C
__end_of___awmod                   text12       002960
__end_of___lbdiv                   text11       002BEA
__end_of___lbmod                   text10       002CAE
__end_of__initialization           cinit        002C52
__end_of_configuro                 text1        002B6A
__end_of_default_ISR               text18       002D06
__end_of_main                      text0        002AD8
__end_of_strlen                    text14       002C84
__initialization                   cinit        002C22
__mediumconst                      mediumconst  000000
__pbssCOMRAM                       bssCOMRAM    000513
__pcinit                           cinit        002C22
__pcstackCOMRAM                    cstackCOMRAM 000501
__pdataCOMRAM                      dataCOMRAM   000510
__pidataCOMRAM                     idataCOMRAM  002CFE
__pivt0x8                          ivt0x8       000008
__psmallconst                      smallconst   002500
__ptext0                           text0        002A8C
__ptext1                           text1        002B22
__ptext10                          text10       002C84
__ptext11                          text11       002BB0
__ptext12                          text12       0028F0
__ptext13                          text13       002BEA
__ptext14                          text14       002C58
__ptext15                          text15       002960
__ptext16                          text16       002CAE
__ptext17                          text17       002B6C
__ptext18                          text18       002D04
__ptext2                           text2        00250E
__ptext3                           text3        002CD2
__ptext4                           text4        002CEE
__ptext5                           text5        002CF6
__ptext6                           text6        002AD8
__ptext7                           text7        002A34
__ptext8                           text8        0029CC
__ptext9                           text9        002862
__ramtop                           ramtop       002500
__smallconst                       smallconst   002500
_configuro                         text1        002B22
_default_ISR                       text18       002D04
_horas                             dataCOMRAM   000512
_main                              text0        002A8C
_minutos                           dataCOMRAM   000511
_segundos                          bssCOMRAM    000514
_strlen                            text14       002C58
_ticks                             bssCOMRAM    000513
end_of_initialization              cinit        002C52
intlevel0                          text         000000
intlevel1                          text         000000
intlevel2                          text         000000
intlevel3                          text         000000
isa$std                            (abs)        000001
isa$xinst                          (abs)        000000
ivt0x8_base                        ivt0x8       000008
ivt0x8_undefint                    ivt0x8       000100
stackhi                            (abs)        000000
stacklo                            (abs)        000000
start                              init         000102
start_initialization               cinit        002C22
strlen@a                           cstackCOMRAM 000503
strlen@s                           cstackCOMRAM 000501


MODULE INFORMATION

Module		Function		Class		Link	Load	Size
C:\Program Files\Microchip\xc8\v2.46\pic\sources\c99\common\lbmod.c
		___lbmod       		CODE           	2C84	0000	42

C:\Program Files\Microchip\xc8\v2.46\pic\sources\c99\common\lbmod.c estimated size: 42

C:\Program Files\Microchip\xc8\v2.46\pic\sources\c99\common\strlen.c
		_strlen        		CODE           	2C58	0000	44

C:\Program Files\Microchip\xc8\v2.46\pic\sources\c99\common\strlen.c estimated size: 44

C:\Program Files\Microchip\xc8\v2.46\pic\sources\c99\common\lbdiv.c
		___lbdiv       		CODE           	2BB0	0000	58

C:\Program Files\Microchip\xc8\v2.46\pic\sources\c99\common\lbdiv.c estimated size: 58

shared
		__initialization		CODE           	2C22	0000	48

shared estimated size: 48

I2C_LCD.c
		_I2C_BORRAR_LCD		CODE           	2CF6	0000	8
		_I2C1_INIT     		CODE           	2AD8	0000	74
		_I2C_POS_CURSOR		CODE           	2A34	0000	88
		_I2C_ENVIA_LCD_CMD		CODE           	29CC	0000	104
		_I2C_CURSOR_HOME		CODE           	2CEE	0000	8
		_I2C1_WRITESINGLEBYTE		CODE           	2CAE	0000	36
		_I2C_LCD_ESCRIBE_VAR_CHAR		CODE           	2862	0000	142
		_I2C_ENVIA_LCD_DATA		CODE           	2960	0000	108
		_I2C_ESCRIBE_MENSAJE2		CODE           	2BEA	0000	56
		_I2C_LCD_INIT  		CODE           	250E	0000	852
		_I2C_CURSOR_ONOFF		CODE           	2CD2	0000	28

I2C_LCD.c estimated size: 1504

maincode01.c
		_configuro     		CODE           	2B22	0000	72
		_default_ISR   		CODE           	2D04	0000	2
		_main          		CODE           	2A8C	0000	76
		_CCP1_ISR      		CODE           	2B6C	0000	68

maincode01.c estimated size: 218

C:\Program Files\Microchip\xc8\v2.46\pic\sources\c99\common\awmod.c
		___awmod       		CODE           	28F0	0000	112

C:\Program Files\Microchip\xc8\v2.46\pic\sources\c99\common\awmod.c estimated size: 112

