Microchip MPLAB XC8 Compiler V2.45

Linker command line:

-W-3 \
  --edf=C:\Program Files\Microchip\xc8\v2.45\pic\dat\20230818022343_en.msgs \
  -pivt0x8=08h -cn -h+dist/default/production\Semana06.X.production.sym \
  --cmf=dist/default/production\Semana06.X.production.cmf -z -Q18F57Q43 \
  -oC:\Users\ELECTR~1.DES\AppData\Local\Temp\xcAsmpg.\driver_tmp_3.o \
  --defsym=__MPLAB_BUILD=1 --fixupoverflow=error \
  -Mdist/default/production/Semana06.X.production.map \
  --md=C:\Users\ELECTR~1.DES\AppData\Local\Temp\xcAsmpg.\driver_tmp_0.dat \
  -E1 -ver=XC8 Compiler --acfsm=1493 -ACODE=00h-01FFFFh -ACONST=00h-01FFFFh \
  -ASMALLCONST=02500h-025FFhx475 \
  -AMEDIUMCONST=02500h-0FFFFh,012500h-01FFFFh -ACOMRAM=0501h-055Fh \
  -AABS1=0500h-024FFh -ABIGRAM=0501h-024FFh \
  -ARAM=0560h-05FFh,0600h-06FFhx31 -ABANK5=0560h-05FFh -ABANK6=0600h-06FFh \
  -ABANK7=0700h-07FFh -ABANK8=0800h-08FFh -ABANK9=0900h-09FFh \
  -ABANK10=0A00h-0AFFh -ABANK11=0B00h-0BFFh -ABANK12=0C00h-0CFFh \
  -ABANK13=0D00h-0DFFh -ABANK14=0E00h-0EFFh -ABANK15=0F00h-0FFFh \
  -ABANK16=01000h-010FFh -ABANK17=01100h-011FFh -ABANK18=01200h-012FFh \
  -ABANK19=01300h-013FFh -ABANK20=01400h-014FFh -ABANK21=01500h-015FFh \
  -ABANK22=01600h-016FFh -ABANK23=01700h-017FFh -ABANK24=01800h-018FFh \
  -ABANK25=01900h-019FFh -ABANK26=01A00h-01AFFh -ABANK27=01B00h-01BFFh \
  -ABANK28=01C00h-01CFFh -ABANK29=01D00h-01DFFh -ABANK30=01E00h-01EFFh \
  -ABANK31=01F00h-01FFFh -ABANK32=02000h-020FFh -ABANK33=02100h-021FFh \
  -ABANK34=02200h-022FFh -ABANK35=02300h-023FFh -ABANK36=02400h-024FFh \
  -ASFR=00h-0FFhx4,0400h-045Fh,0460h-04FFh,02500h-025FFh \
  -ABIGSFR=00h-04FFh,02500h-025FFh -ACONFIG=0300000h-0300011h \
  -AIDLOC=0200000h-020003Fh -AEEDATA=0380000h-03803FFh -peeprom_data=EEDATA \
  -preset_vec=00h -ppowerup=CODE,init -pramtop=02500h \
  -psmallconst=SMALLCONST -pmediumconst=MEDIUMCONST -pconst=CONST \
  -AFARRAM=00h-00h \
  -prdata=COMRAM,nvrram=COMRAM,nvbit=COMRAM,rbss=COMRAM,rbit=COMRAM \
  -pfarbss=FARRAM,fardata=FARRAM,nvFARRAM=FARRAM \
  -pintsave_regs=BIGRAM,bigbss=BIGRAM,bigdata=BIGRAM -pbss=RAM \
  -pidata=CODE,irdata=CODE,ibigdata=CODE,ifardata=CODE -prparam=COMRAM \
  C:\Users\ELECTR~1.DES\AppData\Local\Temp\xcAsmpg.\driver_tmp_9.o \
  dist/default/production\Semana06.X.production.o 

Object code version is 3.11

Machine type is 18F57Q43



                Name                               Link     Load   Length Selector   Space Scale
C:\Users\ELECTR~1.DES\AppData\Local\Temp\xcAsmpg.\driver_tmp_9.o
                config                           300000   300000        A        0       4
                init                                102      102        4        4       0
                reset_vec                             0        0        4        0       0
dist/default/production\Semana06.X.production.o
                config                           300000   300000        A        0       4
                smallconst                         2500     2500       50     1280       0
                ivt0x8                                8        8       FA        4       0
                text14                             2550     2550       CC      954       0
                text13                             299A     299A       1C      954       0
                text12                             275A     275A       72      954       0
                text11                             2908     2908       34      954       0
                text10                             289C     289C       38      954       0
                text9                              281E     281E       44      954       0
                text8                              28D4     28D4       34      954       0
                text7                              29D4     29D4        8      954       0
                text6                              29CC     29CC        8      954       0
                text5                              293C     293C       30      954       0
                text4                              27CC     27CC       52      954       0
                text3                              2862     2862       3A      954       0
                text2                              26E0     26E0       7A      954       0
                text1                              296C     296C       2E      954       0
                text0                              261C     261C       C4      954       0
                cstackCOMRAM                        501      501        B      501       1
                bssCOMRAM                           50C      50C        1      501       1
                cinit                              29B6     29B6       16      954       0

TOTAL           Name                               Link     Load   Length     Space
        CLASS   CODE           
                init                                102      102        4         0
                reset_vec                             0        0        4         0
                ivt0x8                                8        8       FA         0
                text14                             2550     2550       CC         0
                text13                             299A     299A       1C         0
                text12                             275A     275A       72         0
                text11                             2908     2908       34         0
                text10                             289C     289C       38         0
                text9                              281E     281E       44         0
                text8                              28D4     28D4       34         0
                text7                              29D4     29D4        8         0
                text6                              29CC     29CC        8         0
                text5                              293C     293C       30         0
                text4                              27CC     27CC       52         0
                text3                              2862     2862       3A         0
                text2                              26E0     26E0       7A         0
                text1                              296C     296C       2E         0
                text0                              261C     261C       C4         0
                cinit                              29B6     29B6       16         0

        CLASS   CONST          

        CLASS   SMALLCONST     
                smallconst                         2500     2500       50         0

        CLASS   MEDIUMCONST    

        CLASS   COMRAM         
                cstackCOMRAM                        501      501        B         1
                bssCOMRAM                           50C      50C        1         1

        CLASS   ABS1           

        CLASS   BIGRAM         

        CLASS   RAM            

        CLASS   BANK5          

        CLASS   BANK6          

        CLASS   BANK7          

        CLASS   BANK8          

        CLASS   BANK9          

        CLASS   BANK10         

        CLASS   BANK11         

        CLASS   BANK12         

        CLASS   BANK13         

        CLASS   BANK14         

        CLASS   BANK15         

        CLASS   BANK16         

        CLASS   BANK17         

        CLASS   BANK18         

        CLASS   BANK19         

        CLASS   BANK20         

        CLASS   BANK21         

        CLASS   BANK22         

        CLASS   BANK23         

        CLASS   BANK24         

        CLASS   BANK25         

        CLASS   BANK26         

        CLASS   BANK27         

        CLASS   BANK28         

        CLASS   BANK29         

        CLASS   BANK30         

        CLASS   BANK31         

        CLASS   BANK32         

        CLASS   BANK33         

        CLASS   BANK34         

        CLASS   BANK35         

        CLASS   BANK36         

        CLASS   SFR            

        CLASS   BIGSFR         

        CLASS   CONFIG         
                config                           300000   300000        A         4

        CLASS   IDLOC          

        CLASS   EEDATA         

        CLASS   FARRAM         

        CLASS   HEAP           

        CLASS   STACK          



SEGMENTS        Name                           Load    Length   Top    Selector   Space  Class

                reset_vec                      000000  000004  000004         0       0  CODE    
                ivt0x8                         000008  0000FE  000106         4       0  CODE    
                cstackCOMRAM                   000501  00000C  00050D       501       1  COMRAM  
                smallconst                     002500  000050  002550      1280       0  SMALLCON
                text14                         002550  00048C  0029DC       954       0  CODE    


UNUSED ADDRESS RANGES

        Name                Unused          Largest block    Delta
        BANK10           000A00-000AFF              100
        BANK11           000B00-000BFF              100
        BANK12           000C00-000CFF              100
        BANK13           000D00-000DFF              100
        BANK14           000E00-000EFF              100
        BANK15           000F00-000FFF              100
        BANK16           001000-0010FF              100
        BANK17           001100-0011FF              100
        BANK18           001200-0012FF              100
        BANK19           001300-0013FF              100
        BANK20           001400-0014FF              100
        BANK21           001500-0015FF              100
        BANK22           001600-0016FF              100
        BANK23           001700-0017FF              100
        BANK24           001800-0018FF              100
        BANK25           001900-0019FF              100
        BANK26           001A00-001AFF              100
        BANK27           001B00-001BFF              100
        BANK28           001C00-001CFF              100
        BANK29           001D00-001DFF              100
        BANK30           001E00-001EFF              100
        BANK31           001F00-001FFF              100
        BANK32           002000-0020FF              100
        BANK33           002100-0021FF              100
        BANK34           002200-0022FF              100
        BANK35           002300-0023FF              100
        BANK36           002400-0024FF              100
        BANK5            000560-0005FF               A0
        BANK6            000600-0006FF              100
        BANK7            000700-0007FF              100
        BANK8            000800-0008FF              100
        BANK9            000900-0009FF              100
        BIGRAM           00050D-0024FF             1FF3
        BIGSFR           000000-0004FF              500
                         002500-0025FF              100
        CODE             000004-000007                4
                         000106-0024FF             23FA
                         0029DC-01FFFF            1D624
        COMRAM           00050D-00055F               53
        CONFIG           30000A-300011                8
        CONST            000004-000007                4
                         000106-0024FF             23FA
                         0029DC-01FFFF            1D624
        EEDATA           380000-3803FF              400
        IDLOC            200000-20003F               40
        MEDIUMCONST      0029DC-00FFFF             D624
                         012500-01FFFF             DB00
        RAM              000560-0024FF              100
        SFR              000000-0004FF              100
                         002500-0025FF              100
        SMALLCONST       0029DC-01FFFF              100

                                  Symbol Table

?_strlen                  cstackCOMRAM 000503
CURSOR_ONOFF@estado       cstackCOMRAM 000506
ENVIA_CHAR@aux            cstackCOMRAM 000505
ENVIA_CHAR@dato           cstackCOMRAM 000504
ENVIA_LCD_CMD@aux         cstackCOMRAM 000505
ENVIA_LCD_CMD@dato        cstackCOMRAM 000504
ENVIA_NIBBLE@dato         cstackCOMRAM 000503
ESCRIBE_MENSAJE2@cadena   cstackCOMRAM 000506
ESCRIBE_MENSAJE2@i        cstackCOMRAM 000509
ESCRIBE_MENSAJE2@tam      cstackCOMRAM 000508
IVTBASEH                  (abs)        00045E
IVTBASEL                  (abs)        00045D
IVTBASEU                  (abs)        00045F
LEER_LCD@aux              cstackCOMRAM 000503
POS_CURSOR@columna        cstackCOMRAM 000506
POS_CURSOR@fila           cstackCOMRAM 000507
_ANSELBbits               (abs)        000408
_ANSELD                   (abs)        000418
_ANSELE                   (abs)        000420
_BORRAR_LCD               text7        0029D4
_CURSOR_HOME              text6        0029CC
_CURSOR_ONOFF             text5        00293C
_ENVIA_CHAR               text11       002908
_ENVIA_LCD_CMD            text8        0028D4
_ENVIA_NIBBLE             text13       00299A
_ESCRIBE_MENSAJE2         text9        00281E
_INTCON0bits              (abs)        0004D6
_LATBbits                 (abs)        0004BF
_LATD                     (abs)        0004C1
_LATDbits                 (abs)        0004C1
_LCD_CONFIG               text4        0027CC
_LCD_INIT                 text3        002862
_LEER_LCD                 text12       00275A
_OSCCON1                  (abs)        0000AD
_OSCEN                    (abs)        0000B3
_OSCFRQ                   (abs)        0000B1
_PIE3bits                 (abs)        0004A1
_PIR3bits                 (abs)        0004B1
_PORTD                    (abs)        0004D1
_PORTE                    (abs)        0004D2
_POS_CURSOR               text2        0026E0
_T0CON0                   (abs)        00031A
_T0CON1                   (abs)        00031B
_TMR0H                    (abs)        000319
_TMR0L                    (abs)        000318
_TMR0_ISR                 text14       002550
_TRISBbits                (abs)        0004C7
_TRISD                    (abs)        0004C9
_TRISE                    (abs)        0004CA
_WPUE                     (abs)        000421
__HRAM                    (abs)        000000
__H__absolute__           __absolute__ 000000
__Habs1                   abs1         000000
__Hbank10                 bank10       000000
__Hbank11                 bank11       000000
__Hbank12                 bank12       000000
__Hbank13                 bank13       000000
__Hbank14                 bank14       000000
__Hbank15                 bank15       000000
__Hbank16                 bank16       000000
__Hbank17                 bank17       000000
__Hbank18                 bank18       000000
__Hbank19                 bank19       000000
__Hbank20                 bank20       000000
__Hbank21                 bank21       000000
__Hbank22                 bank22       000000
__Hbank23                 bank23       000000
__Hbank24                 bank24       000000
__Hbank25                 bank25       000000
__Hbank26                 bank26       000000
__Hbank27                 bank27       000000
__Hbank28                 bank28       000000
__Hbank29                 bank29       000000
__Hbank30                 bank30       000000
__Hbank31                 bank31       000000
__Hbank32                 bank32       000000
__Hbank33                 bank33       000000
__Hbank34                 bank34       000000
__Hbank35                 bank35       000000
__Hbank36                 bank36       000000
__Hbank5                  bank5        000000
__Hbank6                  bank6        000000
__Hbank7                  bank7        000000
__Hbank8                  bank8        000000
__Hbank9                  bank9        000000
__Hbigbss                 bigbss       000000
__Hbigdata                bigdata      000000
__Hbigram                 bigram       000000
__Hbigsfr                 bigsfr       000000
__Hbss                    bss          000000
__HbssCOMRAM              bssCOMRAM    000000
__Hcinit                  cinit        000000
__Hclrtext                clrtext      000000
__Hcomram                 comram       000000
__Hconfig                 config       30000A
__Hconst                  const        000000
__HcstackCOMRAM           cstackCOMRAM 000000
__Hdata                   data         000000
__Heeprom_data            eeprom_data  000000
__Hfarbss                 farbss       000000
__Hfardata                fardata      000000
__Hheap                   heap         000000
__Hibigdata               ibigdata     000000
__Hidata                  idata        000000
__Hidloc                  idloc        000000
__Hifardata               ifardata     000000
__Hinit                   init         000106
__Hintsave_regs           intsave_regs 000000
__Hirdata                 irdata       000000
__Hivt0x8                 ivt0x8       000102
__Hmediumconst            mediumconst  000000
__HnvFARRAM               nvFARRAM     000000
__Hnvbit                  nvbit        000000
__Hnvrram                 nvrram       000000
__Hparam                  rparam       000000
__Hpowerup                powerup      000000
__Hram                    ram          000000
__Hramtop                 ramtop       002500
__Hrbit                   rbit         000000
__Hrbss                   rbss         000000
__Hrdata                  rdata        000000
__Hreset_vec              reset_vec    000004
__Hrparam                 rparam       000000
__Hsfr                    sfr          000000
__Hsmallconst             smallconst   002550
__Hspace_0                (abs)        0029DC
__Hspace_1                (abs)        00050D
__Hspace_2                (abs)        000000
__Hspace_4                (abs)        60000A
__Hstack                  stack        000000
__Hstruct                 struct       000000
__Htemp                   temp         000000
__Htext                   text         000000
__Htext0                  text0        000000
__Htext1                  text1        000000
__Htext10                 text10       000000
__Htext11                 text11       000000
__Htext12                 text12       000000
__Htext13                 text13       000000
__Htext14                 text14       000000
__Htext2                  text2        000000
__Htext3                  text3        000000
__Htext4                  text4        000000
__Htext5                  text5        000000
__Htext6                  text6        000000
__Htext7                  text7        000000
__Htext8                  text8        000000
__Htext9                  text9        000000
__LRAM                    (abs)        000001
__L__absolute__           __absolute__ 000000
__Labs1                   abs1         000000
__Lbank10                 bank10       000000
__Lbank11                 bank11       000000
__Lbank12                 bank12       000000
__Lbank13                 bank13       000000
__Lbank14                 bank14       000000
__Lbank15                 bank15       000000
__Lbank16                 bank16       000000
__Lbank17                 bank17       000000
__Lbank18                 bank18       000000
__Lbank19                 bank19       000000
__Lbank20                 bank20       000000
__Lbank21                 bank21       000000
__Lbank22                 bank22       000000
__Lbank23                 bank23       000000
__Lbank24                 bank24       000000
__Lbank25                 bank25       000000
__Lbank26                 bank26       000000
__Lbank27                 bank27       000000
__Lbank28                 bank28       000000
__Lbank29                 bank29       000000
__Lbank30                 bank30       000000
__Lbank31                 bank31       000000
__Lbank32                 bank32       000000
__Lbank33                 bank33       000000
__Lbank34                 bank34       000000
__Lbank35                 bank35       000000
__Lbank36                 bank36       000000
__Lbank5                  bank5        000000
__Lbank6                  bank6        000000
__Lbank7                  bank7        000000
__Lbank8                  bank8        000000
__Lbank9                  bank9        000000
__Lbigbss                 bigbss       000000
__Lbigdata                bigdata      000000
__Lbigram                 bigram       000000
__Lbigsfr                 bigsfr       000000
__Lbss                    bss          000000
__LbssCOMRAM              bssCOMRAM    000000
__Lcinit                  cinit        000000
__Lclrtext                clrtext      000000
__Lcomram                 comram       000000
__Lconfig                 config       000000
__Lconst                  const        000000
__LcstackCOMRAM           cstackCOMRAM 000000
__Ldata                   data         000000
__Leeprom_data            eeprom_data  000000
__Lfarbss                 farbss       000000
__Lfardata                fardata      000000
__Lheap                   heap         000000
__Libigdata               ibigdata     000000
__Lidata                  idata        000000
__Lidloc                  idloc        000000
__Lifardata               ifardata     000000
__Linit                   init         000102
__Lintsave_regs           intsave_regs 000000
__Lirdata                 irdata       000000
__Livt0x8                 ivt0x8       000008
__Lmediumconst            mediumconst  000000
__LnvFARRAM               nvFARRAM     000000
__Lnvbit                  nvbit        000000
__Lnvrram                 nvrram       000000
__Lparam                  rparam       000000
__Lpowerup                powerup      000000
__Lram                    ram          000000
__Lramtop                 ramtop       002500
__Lrbit                   rbit         000000
__Lrbss                   rbss         000000
__Lrdata                  rdata        000000
__Lreset_vec              reset_vec    000000
__Lrparam                 rparam       000000
__Lsfr                    sfr          000000
__Lsmallconst             smallconst   002500
__Lspace_0                (abs)        000000
__Lspace_1                (abs)        000000
__Lspace_2                (abs)        000000
__Lspace_4                (abs)        000000
__Lstack                  stack        000000
__Lstruct                 struct       000000
__Ltemp                   temp         000000
__Ltext                   text         000000
__Ltext0                  text0        000000
__Ltext1                  text1        000000
__Ltext10                 text10       000000
__Ltext11                 text11       000000
__Ltext12                 text12       000000
__Ltext13                 text13       000000
__Ltext14                 text14       000000
__Ltext2                  text2        000000
__Ltext3                  text3        000000
__Ltext4                  text4        000000
__Ltext5                  text5        000000
__Ltext6                  text6        000000
__Ltext7                  text7        000000
__Ltext8                  text8        000000
__Ltext9                  text9        000000
__S0                      (abs)        0029DC
__S1                      (abs)        00050D
__S4                      (abs)        000000
__S5                      (abs)        000000
___heap_hi                (abs)        000000
___heap_lo                (abs)        000000
___inthi_sp               stack        000000
___inthi_stack_hi         stack        000000
___inthi_stack_lo         stack        000000
___intlo_sp               stack        000000
___intlo_stack_hi         stack        000000
___intlo_stack_lo         stack        000000
___param_bank             (abs)        000000
___rparam_used            (abs)        000001
___sp                     stack        000000
___stack_hi               stack        000000
___stack_lo               stack        000000
__accesstop               (abs)        000560
__activetblptr            (abs)        000003
__end_of_BORRAR_LCD       text7        0029DC
__end_of_CURSOR_HOME      text6        0029D4
__end_of_CURSOR_ONOFF     text5        00296C
__end_of_ENVIA_CHAR       text11       00293C
__end_of_ENVIA_LCD_CMD    text8        002908
__end_of_ENVIA_NIBBLE     text13       0029B6
__end_of_ESCRIBE_MENSAJE2 text9        002862
__end_of_LCD_CONFIG       text4        00281E
__end_of_LCD_INIT         text3        00289C
__end_of_LEER_LCD         text12       0027CC
__end_of_POS_CURSOR       text2        00275A
__end_of_TMR0_ISR         text14       00261C
__end_of__initialization  cinit        0029C6
__end_of_configuro        text1        00299A
__end_of_main             text0        0026E0
__end_of_strlen           text10       0028D4
__initialization          cinit        0029B6
__mediumconst             mediumconst  000000
__pbssCOMRAM              bssCOMRAM    00050C
__pcinit                  cinit        0029B6
__pcstackCOMRAM           cstackCOMRAM 000501
__pivt0x8                 ivt0x8       000008
__psmallconst             smallconst   002500
__ptext0                  text0        00261C
__ptext1                  text1        00296C
__ptext10                 text10       00289C
__ptext11                 text11       002908
__ptext12                 text12       00275A
__ptext13                 text13       00299A
__ptext14                 text14       002550
__ptext2                  text2        0026E0
__ptext3                  text3        002862
__ptext4                  text4        0027CC
__ptext5                  text5        00293C
__ptext6                  text6        0029CC
__ptext7                  text7        0029D4
__ptext8                  text8        0028D4
__ptext9                  text9        00281E
__ramtop                  ramtop       002500
__smallconst              smallconst   002500
_configuro                text1        00296C
_main                     text0        00261C
_opcion                   bssCOMRAM    00050C
_strlen                   text10       00289C
end_of_initialization     cinit        0029C6
intlevel0                 text         000000
intlevel1                 text         000000
intlevel2                 text         000000
intlevel3                 text         000000
isa$std                   (abs)        000001
isa$xinst                 (abs)        000000
ivt0x8_base               ivt0x8       000008
ivt0x8_undefint           ivt0x8       000100
stackhi                   (abs)        000000
stacklo                   (abs)        000000
start                     init         000102
start_initialization      cinit        0029B6
strlen@a                  cstackCOMRAM 000505
strlen@s                  cstackCOMRAM 000503


MODULE INFORMATION

Module		Function		Class		Link	Load	Size
maincode02.c
		_configuro     		CODE           	296C	0000	46
		_main          		CODE           	261C	0000	196
		_TMR0_ISR      		CODE           	2550	0000	204

maincode02.c estimated size: 446

shared
		__initialization		CODE           	29B6	0000	16

shared estimated size: 16

C:\Program Files\Microchip\xc8\v2.45\pic\sources\c99\common\strlen.c
		_strlen        		CODE           	289C	0000	56

C:\Program Files\Microchip\xc8\v2.45\pic\sources\c99\common\strlen.c estimated size: 56

LCD.c
		_ENVIA_NIBBLE  		CODE           	299A	0000	28
		_LCD_INIT      		CODE           	2862	0000	58
		_ENVIA_CHAR    		CODE           	2908	0000	52
		_CURSOR_HOME   		CODE           	29CC	0000	8
		_CURSOR_ONOFF  		CODE           	293C	0000	48
		_POS_CURSOR    		CODE           	26E0	0000	122
		_ENVIA_LCD_CMD 		CODE           	28D4	0000	52
		_LCD_CONFIG    		CODE           	27CC	0000	82
		_BORRAR_LCD    		CODE           	29D4	0000	8
		_ESCRIBE_MENSAJE2		CODE           	281E	0000	68
		_LEER_LCD      		CODE           	275A	0000	114

LCD.c estimated size: 640

