Microchip MPLAB XC8 Compiler V3.10

Linker command line:

-W-3 \
  --edf=C:\Program Files\Microchip\xc8\v3.10\pic\dat\20250813170317_en.msgs \
  -pivt0x8=08h -cn -h+dist/default/debug\NRC3260_Sem13_new.X.debug.sym \
  --cmf=dist/default/debug\NRC3260_Sem13_new.X.debug.cmf -z -Q18F57Q43 \
  -oC:\Users\ALUMNOS\AppData\Local\Temp\xcAs99g.0\driver_tmp_3.o \
  --defsym=__MPLAB_BUILD=1 --fixupoverflow=error \
  -Mdist/default/debug/NRC3260_Sem13_new.X.debug.map \
  --md=C:\Users\ALUMNOS\AppData\Local\Temp\xcAs99g.0\driver_tmp_0.dat -E1 \
  -ver=XC8 Compiler -ACODE=00h-01FFFFh -ACONST=00h-01FFFFh \
  -ASMALLCONST=02600h-026FFhx218,012600h-0126FFhx218 \
  -AMEDIUMCONST=02600h-0FFFFh,012600h-01FFFFh -ACOMRAM=0501h-055Fh \
  -AABS1=0500h-024FFh -ABIGRAM=0501h-024FFh \
  -ARAM=0560h-05FFh,0600h-06FFhx31 -ABANK5=0560h-05FFh -ABANK6=0600h-06FFh \
  -ABANK7=0700h-07FFh -ABANK8=0800h-08FFh -ABANK9=0900h-09FFh \
  -ABANK10=0A00h-0AFFh -ABANK11=0B00h-0BFFh -ABANK12=0C00h-0CFFh \
  -ABANK13=0D00h-0DFFh -ABANK14=0E00h-0EFFh -ABANK15=0F00h-0FFFh \
  -ABANK16=01000h-010FFh -ABANK17=01100h-011FFh -ABANK18=01200h-012FFh \
  -ABANK19=01300h-013FFh -ABANK20=01400h-014FFh -ABANK21=01500h-015FFh \
  -ABANK22=01600h-016FFh -ABANK23=01700h-017FFh -ABANK24=01800h-018FFh \
  -ABANK25=01900h-019FFh -ABANK26=01A00h-01AFFh -ABANK27=01B00h-01BFFh \
  -ABANK28=01C00h-01CFFh -ABANK29=01D00h-01DFFh -ABANK30=01E00h-01EFFh \
  -ABANK31=01F00h-01FFFh -ABANK32=02000h-020FFh -ABANK33=02100h-021FFh \
  -ABANK34=02200h-022FFh -ABANK35=02300h-023FFh -ABANK36=02400h-024FFh \
  -ASFR=00h-0FFhx4,0400h-045Fh,0460h-04FFh,02500h-025FFh \
  -ABIGSFR=00h-04FFh,02500h-025FFh -ACONFIG=0300000h-0300011h \
  -AIDLOC=0200000h-020003Fh -AEEDATA=0380000h-03803FFh -peeprom_data=EEDATA \
  -preset_vec=00h -ppowerup=CODE,init -pramtop=02600h \
  -psmallconst=SMALLCONST -pmediumconst=MEDIUMCONST -pconst=CONST \
  -AFARRAM=00h-00h \
  -prdata=COMRAM,nvrram=COMRAM,nvbit=COMRAM,rbss=COMRAM,rbit=COMRAM \
  -pfarbss=FARRAM,fardata=FARRAM,nvFARRAM=FARRAM \
  -pintsave_regs=BIGRAM,bigbss=BIGRAM,bigdata=BIGRAM -pbss=RAM \
  -pidata=CODE,irdata=CODE,ibigdata=CODE,ifardata=CODE -prparam=COMRAM \
  C:\Users\ALUMNOS\AppData\Local\Temp\xcAs99g.0\driver_tmp_9.o \
  dist/default/debug\NRC3260_Sem13_new.X.debug.o 

Object code version is 3.11

Machine type is 18F57Q43



                Name                               Link     Load   Length Selector   Space Scale
C:\Users\ALUMNOS\AppData\Local\Temp\xcAs99g.0\driver_tmp_9.o
                config                           300000   300000        A        0       4
                init                                102      102        4        4       0
                reset_vec                             0        0        4        0       0
dist/default/debug\NRC3260_Sem13_new.X.debug.o
                config                           300000   300000        A        0       4
                smallconst                         2600     2600       20     1300       0
                ivt0x8                                8        8       FA        4       0
                text36                             2B94     2B94        4      AE4       0
                text35                             2B90     2B90        4      AE4       0
                text34                             2B0C     2B0C       14     1310       0
                text33                             2B44     2B44       12     1310       0
                text32                             2B80     2B80        E     1310       0
                text31                             2B32     2B32       12     1310       0
                text30                             2930     2930       3A     1310       0
                text29                             2810     2810       54     1310       0
                text28                             296A     296A       28     1310       0
                text27                             2AF8     2AF8       14     1310       0
                text26                             28B0     28B0       42     1310       0
                text25                             2B9E     2B9E        2      AE4       0
                text24                             29D6     29D6       22     1310       0
                text23                             2ACC     2ACC       18     1310       0
                text22                             2B9C     2B9C        2      AE4       0
                text21                             29B4     29B4       22     1310       0
                text20                             2AB4     2AB4       18     1310       0
                text19                             2B9A     2B9A        2      AE4       0
                text18                             2992     2992       22     1310       0
                text17                             2A9C     2A9C       18     1310       0
                text16                             2B98     2B98        2      AE4       0
                text15                             27B6     27B6       5A     1310       0
                text14                             2AE4     2AE4       14     1310       0
                text13                             2B20     2B20       12     1310       0
                text12                             2864     2864       4C     1310       0
                text11                             2B72     2B72        E     1310       0
                text10                             2B64     2B64        E     1310       0
                text9                              2B56     2B56        E     1310       0
                text8                              26CC     26CC       80     1310       0
                text7                              2620     2620       AC     1310       0
                text6                              2A36     2A36       1E     1310       0
                text5                              2A84     2A84       18     1310       0
                text4                              2A6C     2A6C       18     1310       0
                text3                              2A54     2A54       18     1310       0
                text2                              274C     274C       6A     1310       0
                text1                              2A18     2A18       1E     1310       0
                text0                              28F2     28F2       3E     1310       0
                cstackCOMRAM                        52F      52F        C      501       1
                bssCOMRAM                           501      501       2E      501       1
                cinit                              29F8     29F8       20     1310       0

TOTAL           Name                               Link     Load   Length     Space
        CLASS   CODE           
                init                                102      102        4         0
                reset_vec                             0        0        4         0
                ivt0x8                                8        8       FA         0
                text36                             2B94     2B94        4         0
                text35                             2B90     2B90        4         0
                text34                             2B0C     2B0C       14         0
                text33                             2B44     2B44       12         0
                text32                             2B80     2B80        E         0
                text31                             2B32     2B32       12         0
                text30                             2930     2930       3A         0
                text29                             2810     2810       54         0
                text28                             296A     296A       28         0
                text27                             2AF8     2AF8       14         0
                text26                             28B0     28B0       42         0
                text25                             2B9E     2B9E        2         0
                text24                             29D6     29D6       22         0
                text23                             2ACC     2ACC       18         0
                text22                             2B9C     2B9C        2         0
                text21                             29B4     29B4       22         0
                text20                             2AB4     2AB4       18         0
                text19                             2B9A     2B9A        2         0
                text18                             2992     2992       22         0
                text17                             2A9C     2A9C       18         0
                text16                             2B98     2B98        2         0
                text15                             27B6     27B6       5A         0
                text14                             2AE4     2AE4       14         0
                text13                             2B20     2B20       12         0
                text12                             2864     2864       4C         0
                text11                             2B72     2B72        E         0
                text10                             2B64     2B64        E         0
                text9                              2B56     2B56        E         0
                text8                              26CC     26CC       80         0
                text7                              2620     2620       AC         0
                text6                              2A36     2A36       1E         0
                text5                              2A84     2A84       18         0
                text4                              2A6C     2A6C       18         0
                text3                              2A54     2A54       18         0
                text2                              274C     274C       6A         0
                text1                              2A18     2A18       1E         0
                text0                              28F2     28F2       3E         0
                cinit                              29F8     29F8       20         0

        CLASS   CONST          

        CLASS   SMALLCONST     
                smallconst                         2600     2600       20         0

        CLASS   MEDIUMCONST    

        CLASS   COMRAM         
                cstackCOMRAM                        52F      52F        C         1
                bssCOMRAM                           501      501       2E         1

        CLASS   ABS1           

        CLASS   BIGRAM         

        CLASS   RAM            

        CLASS   BANK5          

        CLASS   BANK6          

        CLASS   BANK7          

        CLASS   BANK8          

        CLASS   BANK9          

        CLASS   BANK10         

        CLASS   BANK11         

        CLASS   BANK12         

        CLASS   BANK13         

        CLASS   BANK14         

        CLASS   BANK15         

        CLASS   BANK16         

        CLASS   BANK17         

        CLASS   BANK18         

        CLASS   BANK19         

        CLASS   BANK20         

        CLASS   BANK21         

        CLASS   BANK22         

        CLASS   BANK23         

        CLASS   BANK24         

        CLASS   BANK25         

        CLASS   BANK26         

        CLASS   BANK27         

        CLASS   BANK28         

        CLASS   BANK29         

        CLASS   BANK30         

        CLASS   BANK31         

        CLASS   BANK32         

        CLASS   BANK33         

        CLASS   BANK34         

        CLASS   BANK35         

        CLASS   BANK36         

        CLASS   SFR            

        CLASS   BIGSFR         

        CLASS   CONFIG         
                config                           300000   300000        A         4

        CLASS   IDLOC          

        CLASS   EEDATA         

        CLASS   FARRAM         

        CLASS   HEAP           

        CLASS   STACK          



SEGMENTS        Name                           Load    Length   Top    Selector   Space  Class

                reset_vec                      000000  000004  000004         0       0  CODE    
                ivt0x8                         000008  0000FE  000106         4       0  CODE    
                bssCOMRAM                      000501  00003A  00053B       501       1  COMRAM  
                smallconst                     002600  000020  002620      1300       0  SMALLCON
                text7                          002620  00056E  002B8E      1310       0  CODE    
                text35                         002B90  000010  002BA0       AE4       0  CODE    


UNUSED ADDRESS RANGES

        Name                Unused          Largest block    Delta
        BANK10           000A00-000AFF              100
        BANK11           000B00-000BFF              100
        BANK12           000C00-000CFF              100
        BANK13           000D00-000DFF              100
        BANK14           000E00-000EFF              100
        BANK15           000F00-000FFF              100
        BANK16           001000-0010FF              100
        BANK17           001100-0011FF              100
        BANK18           001200-0012FF              100
        BANK19           001300-0013FF              100
        BANK20           001400-0014FF              100
        BANK21           001500-0015FF              100
        BANK22           001600-0016FF              100
        BANK23           001700-0017FF              100
        BANK24           001800-0018FF              100
        BANK25           001900-0019FF              100
        BANK26           001A00-001AFF              100
        BANK27           001B00-001BFF              100
        BANK28           001C00-001CFF              100
        BANK29           001D00-001DFF              100
        BANK30           001E00-001EFF              100
        BANK31           001F00-001FFF              100
        BANK32           002000-0020FF              100
        BANK33           002100-0021FF              100
        BANK34           002200-0022FF              100
        BANK35           002300-0023FF              100
        BANK36           002400-0024FF              100
        BANK5            000560-0005FF               A0
        BANK6            000600-0006FF              100
        BANK7            000700-0007FF              100
        BANK8            000800-0008FF              100
        BANK9            000900-0009FF              100
        BIGRAM           00053B-0024FF             1FC5
        BIGSFR           000000-0004FF              500
                         002500-0025FF              100
        CODE             000004-000007                4
                         000106-0025FF             24FA
                         002B8E-002B8F                2
                         002BA0-01FFFF            1D460
        COMRAM           00053B-00055F               25
        CONFIG           30000A-300011                8
        CONST            000004-000007                4
                         000106-0025FF             24FA
                         002B8E-002B8F                2
                         002BA0-01FFFF            1D460
        EEDATA           380000-3803FF              400
        IDLOC            200000-20003F               40
        MEDIUMCONST      002B8E-002B8F                2
                         002BA0-00FFFF             D460
                         012600-01FFFF             DA00
        RAM              000560-0024FF              100
        SFR              000000-0004FF              100
                         002500-0025FF              100
        SMALLCONST       002B8E-002B8F                2
                         002BA0-00FFFF              100
                         012600-01FFFF              100

                                  Symbol Table

INT0_SetInterruptHandler@InterruptHandler          cstackCOMRAM 000535
INT1_SetInterruptHandler@InterruptHandler          cstackCOMRAM 000535
INT2_SetInterruptHandler@InterruptHandler          cstackCOMRAM 000535
INTERRUPT_Initialize@state                         cstackCOMRAM 000538
IVTBASEH                                           (abs)        00045E
IVTBASEL                                           (abs)        00045D
IVTBASEU                                           (abs)        00045F
UART1_FramingErrorCallbackRegister@callbackHandler cstackCOMRAM 000535
UART1_OverrunErrorCallbackRegister@callbackHandler cstackCOMRAM 000535
UART1_ParityErrorCallbackRegister@callbackHandler  cstackCOMRAM 000535
_ACTCON                                            (abs)        0000AC
_ADACCU                                            (abs)        0003E5
_ADACQH                                            (abs)        0003EF
_ADACQL                                            (abs)        0003EE
_ADACT                                             (abs)        0003F9
_ADCAP                                             (abs)        0003F0
_ADCLK                                             (abs)        0003FA
_ADCON0                                            (abs)        0003F3
_ADCON0bits                                        (abs)        0003F3
_ADCON1                                            (abs)        0003F4
_ADCON2                                            (abs)        0003F5
_ADCON3                                            (abs)        0003F6
_ADCP                                              (abs)        0003D8
_ADC_ConversionDoneCallback                        bssCOMRAM    00051A
_ADC_ISR                                           text35       002B90
_ADC_Initialize                                    text15       0027B6
_ADC_ThresholdCallback                             bssCOMRAM    000517
_ADC_ThresholdISR                                  text36       002B94
_ADLTHH                                            (abs)        0003DA
_ADLTHL                                            (abs)        0003D9
_ADPCH                                             (abs)        0003EC
_ADPREH                                            (abs)        0003F2
_ADPREL                                            (abs)        0003F1
_ADREF                                             (abs)        0003F8
_ADRPT                                             (abs)        0003E7
_ADSTAT                                            (abs)        0003F7
_ADSTPTH                                           (abs)        0003E0
_ADSTPTL                                           (abs)        0003DF
_ADUTHH                                            (abs)        0003DC
_ADUTHL                                            (abs)        0003DB
_ANSELA                                            (abs)        000400
_ANSELB                                            (abs)        000408
_ANSELC                                            (abs)        000410
_ANSELD                                            (abs)        000418
_ANSELE                                            (abs)        000420
_ANSELF                                            (abs)        000428
_CLOCK_Initialize                                  text14       002AE4
_Default_ISR                                       text16       002B98
_GIE                                               (abs)        0026B7
_I2C1ADB1                                          (abs)        00028F
_I2C1CLK                                           (abs)        00029C
_I2C1CNT                                           (abs)        00028D
_I2C1CON0                                          (abs)        000294
_I2C1CON0bits                                      (abs)        000294
_I2C1CON1                                          (abs)        000295
_I2C1CON1bits                                      (abs)        000295
_I2C1CON2                                          (abs)        000296
_I2C1ERR                                           (abs)        000297
_I2C1ERRbits                                       (abs)        000297
_I2C1PIE                                           (abs)        00029B
_I2C1PIEbits                                       (abs)        00029B
_I2C1PIR                                           (abs)        00029A
_I2C1PIRbits                                       (abs)        00029A
_I2C1RXB                                           (abs)        00028B
_I2C1SCLPPS                                        (abs)        000271
_I2C1SDAPPS                                        (abs)        000270
_I2C1STAT0bits                                     (abs)        000298
_I2C1STAT1                                         (abs)        000299
_I2C1STAT1bits                                     (abs)        000299
_I2C1TXB                                           (abs)        00028C
_I2C1_BusReset                                     text30       002930
_I2C1_Callback                                     bssCOMRAM    000520
_I2C1_CallbackRegister                             (abs)        000000
_I2C1_Close                                        text28       00296A
_I2C1_Deinitialize                                 (abs)        000000
_I2C1_ERROR_ISR                                    text29       002810
_I2C1_ErrorGet                                     (abs)        000000
_I2C1_Host                                         smallconst   002601
_I2C1_ISR                                          text26       0028B0
_I2C1_Initialize                                   text12       002864
_I2C1_InterruptsDisable                            text32       002B80
_I2C1_InterruptsEnable                             text13       002B20
_I2C1_IsBusy                                       (abs)        000000
_I2C1_RX_ISR                                       text33       002B44
_I2C1_Read                                         (abs)        000000
_I2C1_ReadStart                                    text27       002AF8
_I2C1_TX_ISR                                       text34       002B0C
_I2C1_Write                                        (abs)        000000
_I2C1_WriteRead                                    (abs)        000000
_INLVLA                                            (abs)        000404
_INLVLB                                            (abs)        00040C
_INLVLC                                            (abs)        000414
_INLVLD                                            (abs)        00041C
_INLVLE                                            (abs)        000424
_INLVLF                                            (abs)        00042C
_INT0_CallBack                                     text18       002992
_INT0_DefaultInterruptHandler                      text19       002B9A
_INT0_ISR                                          text17       002A9C
_INT0_InterruptHandler                             bssCOMRAM    000529
_INT0_SetInterruptHandler                          text11       002B72
_INT1_CallBack                                     text21       0029B4
_INT1_DefaultInterruptHandler                      text22       002B9C
_INT1_ISR                                          text20       002AB4
_INT1_InterruptHandler                             bssCOMRAM    000526
_INT1_SetInterruptHandler                          text10       002B64
_INT2_CallBack                                     text24       0029D6
_INT2_DefaultInterruptHandler                      text25       002B9E
_INT2_ISR                                          text23       002ACC
_INT2_InterruptHandler                             bssCOMRAM    000523
_INT2_SetInterruptHandler                          text9        002B56
_INTCON0bits                                       (abs)        0004D6
_INTERRUPT_Initialize                              text8        0026CC
_IOCAF                                             (abs)        000407
_IOCAN                                             (abs)        000406
_IOCAP                                             (abs)        000405
_IOCBF                                             (abs)        00040F
_IOCBN                                             (abs)        00040E
_IOCBP                                             (abs)        00040D
_IOCCF                                             (abs)        000417
_IOCCN                                             (abs)        000416
_IOCCP                                             (abs)        000415
_IOCEF                                             (abs)        000427
_IOCEN                                             (abs)        000426
_IOCEP                                             (abs)        000425
_IPR1bits                                          (abs)        000363
_IPR2bits                                          (abs)        000364
_IPR7bits                                          (abs)        000369
_IVTBASEH                                          (abs)        00045E
_IVTBASEL                                          (abs)        00045D
_IVTBASEU                                          (abs)        00045F
_IVTLOCK                                           (abs)        000459
_IVTLOCKbits                                       (abs)        000459
_LATA                                              (abs)        0004BE
_LATB                                              (abs)        0004BF
_LATC                                              (abs)        0004C0
_LATD                                              (abs)        0004C1
_LATE                                              (abs)        0004C2
_LATEbits                                          (abs)        0004C2
_LATF                                              (abs)        0004C3
_ODCONA                                            (abs)        000402
_ODCONB                                            (abs)        00040A
_ODCONC                                            (abs)        000412
_ODCOND                                            (abs)        00041A
_ODCONE                                            (abs)        000422
_ODCONF                                            (abs)        00042A
_OSCCON1                                           (abs)        0000AD
_OSCCON3                                           (abs)        0000AF
_OSCEN                                             (abs)        0000B3
_OSCFRQ                                            (abs)        0000B1
_OSCTUNE                                           (abs)        0000B0
_PIE1bits                                          (abs)        00049F
_PIE2bits                                          (abs)        0004A0
_PIE7bits                                          (abs)        0004A5
_PIN_MANAGER_Initialize                            text7        002620
_PIR10bits                                         (abs)        0004B8
_PIR1bits                                          (abs)        0004AF
_PIR2bits                                          (abs)        0004B0
_PIR3bits                                          (abs)        0004B1
_PIR6bits                                          (abs)        0004B4
_RB1I2C                                            (abs)        000289
_RB2I2C                                            (abs)        000288
_RC0PPS                                            (abs)        000211
_RC1PPS                                            (abs)        000212
_RC3I2C                                            (abs)        000287
_RC4I2C                                            (abs)        000286
_RF0PPS                                            (abs)        000229
_SLRCONA                                           (abs)        000403
_SLRCONB                                           (abs)        00040B
_SLRCONC                                           (abs)        000413
_SLRCOND                                           (abs)        00041B
_SLRCONE                                           (abs)        000423
_SLRCONF                                           (abs)        00042B
_SYSTEM_Initialize                                 text1        002A18
_T0CON0                                            (abs)        00031A
_T0CON1                                            (abs)        00031B
_TMR0H                                             (abs)        000319
_TMR0L                                             (abs)        000318
_TMR0_DefaultCallback                              (abs)        000000
_TMR0_Initialize                                   text6        002A36
_TMR0_PeriodMatchCallback                          bssCOMRAM    00051D
_TRISA                                             (abs)        0004C6
_TRISB                                             (abs)        0004C7
_TRISC                                             (abs)        0004C8
_TRISD                                             (abs)        0004C9
_TRISE                                             (abs)        0004CA
_TRISF                                             (abs)        0004CB
_U1BRGH                                            (abs)        0002AF
_U1BRGL                                            (abs)        0002AE
_U1CON0                                            (abs)        0002AB
_U1CON1                                            (abs)        0002AC
_U1CON2                                            (abs)        0002AD
_U1ERRIE                                           (abs)        0002B3
_U1ERRIR                                           (abs)        0002B2
_U1FIFO                                            (abs)        0002B0
_U1P1H                                             (abs)        0002A6
_U1P1L                                             (abs)        0002A5
_U1P2H                                             (abs)        0002A8
_U1P2L                                             (abs)        0002A7
_U1P3H                                             (abs)        0002AA
_U1P3L                                             (abs)        0002A9
_U1RXCHK                                           (abs)        0002A2
_U1RXPPS                                           (abs)        000272
_U1TXCHK                                           (abs)        0002A4
_U1UIR                                             (abs)        0002B1
_UART1_DefaultFramingErrorCallback                 (abs)        000000
_UART1_DefaultOverrunErrorCallback                 (abs)        000000
_UART1_DefaultParityErrorCallback                  (abs)        000000
_UART1_FramingErrorCallbackRegister                text5        002A84
_UART1_FramingErrorHandler                         bssCOMRAM    000514
_UART1_Initialize                                  text2        00274C
_UART1_OverrunErrorCallbackRegister                text4        002A6C
_UART1_OverrunErrorHandler                         bssCOMRAM    000511
_UART1_ParityErrorCallbackRegister                 text3        002A54
_UART1_ParityErrorHandler                          bssCOMRAM    00050E
_WPUA                                              (abs)        000401
_WPUB                                              (abs)        000409
_WPUC                                              (abs)        000411
_WPUD                                              (abs)        000419
_WPUE                                              (abs)        000421
_WPUF                                              (abs)        000429
__HRAM                                             (abs)        000000
__H__absolute__                                    __absolute__ 000000
__Habs1                                            abs1         000000
__Hbank10                                          bank10       000000
__Hbank11                                          bank11       000000
__Hbank12                                          bank12       000000
__Hbank13                                          bank13       000000
__Hbank14                                          bank14       000000
__Hbank15                                          bank15       000000
__Hbank16                                          bank16       000000
__Hbank17                                          bank17       000000
__Hbank18                                          bank18       000000
__Hbank19                                          bank19       000000
__Hbank20                                          bank20       000000
__Hbank21                                          bank21       000000
__Hbank22                                          bank22       000000
__Hbank23                                          bank23       000000
__Hbank24                                          bank24       000000
__Hbank25                                          bank25       000000
__Hbank26                                          bank26       000000
__Hbank27                                          bank27       000000
__Hbank28                                          bank28       000000
__Hbank29                                          bank29       000000
__Hbank30                                          bank30       000000
__Hbank31                                          bank31       000000
__Hbank32                                          bank32       000000
__Hbank33                                          bank33       000000
__Hbank34                                          bank34       000000
__Hbank35                                          bank35       000000
__Hbank36                                          bank36       000000
__Hbank5                                           bank5        000000
__Hbank6                                           bank6        000000
__Hbank7                                           bank7        000000
__Hbank8                                           bank8        000000
__Hbank9                                           bank9        000000
__Hbigbss                                          bigbss       000000
__Hbigdata                                         bigdata      000000
__Hbigram                                          bigram       000000
__Hbigsfr                                          bigsfr       000000
__Hbss                                             bss          000000
__HbssCOMRAM                                       bssCOMRAM    000000
__Hcinit                                           cinit        000000
__Hclrtext                                         clrtext      000000
__Hcomram                                          comram       000000
__Hconfig                                          config       30000A
__Hconst                                           const        000000
__HcstackCOMRAM                                    cstackCOMRAM 000000
__Hdata                                            data         000000
__Heeprom_data                                     eeprom_data  000000
__Hfarbss                                          farbss       000000
__Hfardata                                         fardata      000000
__Hheap                                            heap         000000
__Hibigdata                                        ibigdata     000000
__Hidata                                           idata        000000
__Hidloc                                           idloc        000000
__Hifardata                                        ifardata     000000
__Hinit                                            init         000106
__Hintsave_regs                                    intsave_regs 000000
__Hirdata                                          irdata       000000
__Hivt0x8                                          ivt0x8       000102
__Hmediumconst                                     mediumconst  000000
__HnvFARRAM                                        nvFARRAM     000000
__Hnvbit                                           nvbit        000000
__Hnvrram                                          nvrram       000000
__Hparam                                           rparam       000000
__Hpowerup                                         powerup      000000
__Hram                                             ram          000000
__Hramtop                                          ramtop       002600
__Hrbit                                            rbit         000000
__Hrbss                                            rbss         000000
__Hrdata                                           rdata        000000
__Hreset_vec                                       reset_vec    000004
__Hrparam                                          rparam       000000
__Hsfr                                             sfr          000000
__Hsmallconst                                      smallconst   002620
__Hspace_0                                         (abs)        002BA0
__Hspace_1                                         (abs)        00053B
__Hspace_2                                         (abs)        000000
__Hspace_4                                         (abs)        60000A
__Hstack                                           stack        000000
__Hstruct                                          struct       000000
__Htemp                                            temp         000000
__Htext                                            text         000000
__Htext0                                           text0        000000
__Htext1                                           text1        000000
__Htext10                                          text10       000000
__Htext11                                          text11       000000
__Htext12                                          text12       000000
__Htext13                                          text13       000000
__Htext14                                          text14       000000
__Htext15                                          text15       000000
__Htext16                                          text16       000000
__Htext17                                          text17       000000
__Htext18                                          text18       000000
__Htext19                                          text19       000000
__Htext2                                           text2        000000
__Htext20                                          text20       000000
__Htext21                                          text21       000000
__Htext22                                          text22       000000
__Htext23                                          text23       000000
__Htext24                                          text24       000000
__Htext25                                          text25       000000
__Htext26                                          text26       000000
__Htext27                                          text27       000000
__Htext28                                          text28       000000
__Htext29                                          text29       000000
__Htext3                                           text3        000000
__Htext30                                          text30       000000
__Htext31                                          text31       000000
__Htext32                                          text32       000000
__Htext33                                          text33       000000
__Htext34                                          text34       000000
__Htext35                                          text35       000000
__Htext36                                          text36       000000
__Htext4                                           text4        000000
__Htext5                                           text5        000000
__Htext6                                           text6        000000
__Htext7                                           text7        000000
__Htext8                                           text8        000000
__Htext9                                           text9        000000
__LRAM                                             (abs)        000001
__L__absolute__                                    __absolute__ 000000
__Labs1                                            abs1         000000
__Lbank10                                          bank10       000000
__Lbank11                                          bank11       000000
__Lbank12                                          bank12       000000
__Lbank13                                          bank13       000000
__Lbank14                                          bank14       000000
__Lbank15                                          bank15       000000
__Lbank16                                          bank16       000000
__Lbank17                                          bank17       000000
__Lbank18                                          bank18       000000
__Lbank19                                          bank19       000000
__Lbank20                                          bank20       000000
__Lbank21                                          bank21       000000
__Lbank22                                          bank22       000000
__Lbank23                                          bank23       000000
__Lbank24                                          bank24       000000
__Lbank25                                          bank25       000000
__Lbank26                                          bank26       000000
__Lbank27                                          bank27       000000
__Lbank28                                          bank28       000000
__Lbank29                                          bank29       000000
__Lbank30                                          bank30       000000
__Lbank31                                          bank31       000000
__Lbank32                                          bank32       000000
__Lbank33                                          bank33       000000
__Lbank34                                          bank34       000000
__Lbank35                                          bank35       000000
__Lbank36                                          bank36       000000
__Lbank5                                           bank5        000000
__Lbank6                                           bank6        000000
__Lbank7                                           bank7        000000
__Lbank8                                           bank8        000000
__Lbank9                                           bank9        000000
__Lbigbss                                          bigbss       000000
__Lbigdata                                         bigdata      000000
__Lbigram                                          bigram       000000
__Lbigsfr                                          bigsfr       000000
__Lbss                                             bss          000000
__LbssCOMRAM                                       bssCOMRAM    000000
__Lcinit                                           cinit        000000
__Lclrtext                                         clrtext      000000
__Lcomram                                          comram       000000
__Lconfig                                          config       000000
__Lconst                                           const        000000
__LcstackCOMRAM                                    cstackCOMRAM 000000
__Ldata                                            data         000000
__Leeprom_data                                     eeprom_data  000000
__Lfarbss                                          farbss       000000
__Lfardata                                         fardata      000000
__Lheap                                            heap         000000
__Libigdata                                        ibigdata     000000
__Lidata                                           idata        000000
__Lidloc                                           idloc        000000
__Lifardata                                        ifardata     000000
__Linit                                            init         000102
__Lintsave_regs                                    intsave_regs 000000
__Lirdata                                          irdata       000000
__Livt0x8                                          ivt0x8       000008
__Lmediumconst                                     mediumconst  000000
__LnvFARRAM                                        nvFARRAM     000000
__Lnvbit                                           nvbit        000000
__Lnvrram                                          nvrram       000000
__Lparam                                           rparam       000000
__Lpowerup                                         powerup      000000
__Lram                                             ram          000000
__Lramtop                                          ramtop       002600
__Lrbit                                            rbit         000000
__Lrbss                                            rbss         000000
__Lrdata                                           rdata        000000
__Lreset_vec                                       reset_vec    000000
__Lrparam                                          rparam       000000
__Lsfr                                             sfr          000000
__Lsmallconst                                      smallconst   002600
__Lspace_0                                         (abs)        000000
__Lspace_1                                         (abs)        000000
__Lspace_2                                         (abs)        000000
__Lspace_4                                         (abs)        000000
__Lstack                                           stack        000000
__Lstruct                                          struct       000000
__Ltemp                                            temp         000000
__Ltext                                            text         000000
__Ltext0                                           text0        000000
__Ltext1                                           text1        000000
__Ltext10                                          text10       000000
__Ltext11                                          text11       000000
__Ltext12                                          text12       000000
__Ltext13                                          text13       000000
__Ltext14                                          text14       000000
__Ltext15                                          text15       000000
__Ltext16                                          text16       000000
__Ltext17                                          text17       000000
__Ltext18                                          text18       000000
__Ltext19                                          text19       000000
__Ltext2                                           text2        000000
__Ltext20                                          text20       000000
__Ltext21                                          text21       000000
__Ltext22                                          text22       000000
__Ltext23                                          text23       000000
__Ltext24                                          text24       000000
__Ltext25                                          text25       000000
__Ltext26                                          text26       000000
__Ltext27                                          text27       000000
__Ltext28                                          text28       000000
__Ltext29                                          text29       000000
__Ltext3                                           text3        000000
__Ltext30                                          text30       000000
__Ltext31                                          text31       000000
__Ltext32                                          text32       000000
__Ltext33                                          text33       000000
__Ltext34                                          text34       000000
__Ltext35                                          text35       000000
__Ltext36                                          text36       000000
__Ltext4                                           text4        000000
__Ltext5                                           text5        000000
__Ltext6                                           text6        000000
__Ltext7                                           text7        000000
__Ltext8                                           text8        000000
__Ltext9                                           text9        000000
__S0                                               (abs)        002BA0
__S1                                               (abs)        00053B
__S4                                               (abs)        000000
__S5                                               (abs)        000000
___heap_hi                                         (abs)        000000
___heap_lo                                         (abs)        000000
___inthi_sp                                        stack        000000
___inthi_stack_hi                                  stack        000000
___inthi_stack_lo                                  stack        000000
___intlo_sp                                        stack        000000
___intlo_stack_hi                                  stack        000000
___intlo_stack_lo                                  stack        000000
___param_bank                                      (abs)        000000
___rparam_used                                     (abs)        000001
___sp                                              stack        000000
___stack_hi                                        stack        000000
___stack_lo                                        stack        000000
__accesstop                                        (abs)        000560
__activetblptr                                     (abs)        000003
__end_of_ADC_ISR                                   text35       002B94
__end_of_ADC_Initialize                            text15       002810
__end_of_ADC_ThresholdISR                          text36       002B98
__end_of_CLOCK_Initialize                          text14       002AF8
__end_of_Default_ISR                               text16       002B9A
__end_of_I2C1_BusReset                             text30       00296A
__end_of_I2C1_Close                                text28       002992
__end_of_I2C1_ERROR_ISR                            text29       002864
__end_of_I2C1_Host                                 smallconst   00261F
__end_of_I2C1_ISR                                  text26       0028F2
__end_of_I2C1_Initialize                           text12       0028B0
__end_of_I2C1_InterruptsDisable                    text32       002B8E
__end_of_I2C1_InterruptsEnable                     text13       002B32
__end_of_I2C1_RX_ISR                               text33       002B56
__end_of_I2C1_ReadStart                            text27       002B0C
__end_of_I2C1_TX_ISR                               text34       002B20
__end_of_INT0_CallBack                             text18       0029B4
__end_of_INT0_DefaultInterruptHandler              text19       002B9C
__end_of_INT0_ISR                                  text17       002AB4
__end_of_INT0_SetInterruptHandler                  text11       002B80
__end_of_INT1_CallBack                             text21       0029D6
__end_of_INT1_DefaultInterruptHandler              text22       002B9E
__end_of_INT1_ISR                                  text20       002ACC
__end_of_INT1_SetInterruptHandler                  text10       002B72
__end_of_INT2_CallBack                             text24       0029F8
__end_of_INT2_DefaultInterruptHandler              text25       002BA0
__end_of_INT2_ISR                                  text23       002AE4
__end_of_INT2_SetInterruptHandler                  text9        002B64
__end_of_INTERRUPT_Initialize                      text8        00274C
__end_of_PIN_MANAGER_Initialize                    text7        0026CC
__end_of_SYSTEM_Initialize                         text1        002A36
__end_of_TMR0_Initialize                           text6        002A54
__end_of_UART1_FramingErrorCallbackRegister        text5        002A9C
__end_of_UART1_Initialize                          text2        0027B6
__end_of_UART1_OverrunErrorCallbackRegister        text4        002A84
__end_of_UART1_ParityErrorCallbackRegister         text3        002A6C
__end_of__initialization                           cinit        002A12
__end_of_main                                      text0        002930
__end_ofi2_I2C1_InterruptsEnable                   text31       002B44
__initialization                                   cinit        0029F8
__mediumconst                                      smallconst   002600
__pbssCOMRAM                                       bssCOMRAM    000501
__pcinit                                           cinit        0029F8
__pcstackCOMRAM                                    cstackCOMRAM 00052F
__pivt0x8                                          ivt0x8       000008
__psmallconst                                      smallconst   002600
__ptext0                                           text0        0028F2
__ptext1                                           text1        002A18
__ptext10                                          text10       002B64
__ptext11                                          text11       002B72
__ptext12                                          text12       002864
__ptext13                                          text13       002B20
__ptext14                                          text14       002AE4
__ptext15                                          text15       0027B6
__ptext16                                          text16       002B98
__ptext17                                          text17       002A9C
__ptext18                                          text18       002992
__ptext19                                          text19       002B9A
__ptext2                                           text2        00274C
__ptext20                                          text20       002AB4
__ptext21                                          text21       0029B4
__ptext22                                          text22       002B9C
__ptext23                                          text23       002ACC
__ptext24                                          text24       0029D6
__ptext25                                          text25       002B9E
__ptext26                                          text26       0028B0
__ptext27                                          text27       002AF8
__ptext28                                          text28       00296A
__ptext29                                          text29       002810
__ptext3                                           text3        002A54
__ptext30                                          text30       002930
__ptext31                                          text31       002B32
__ptext32                                          text32       002B80
__ptext33                                          text33       002B44
__ptext34                                          text34       002B0C
__ptext35                                          text35       002B90
__ptext36                                          text36       002B94
__ptext4                                           text4        002A6C
__ptext5                                           text5        002A84
__ptext6                                           text6        002A36
__ptext7                                           text7        002620
__ptext8                                           text8        0026CC
__ptext9                                           text9        002B56
__ramtop                                           ramtop       002600
__smallconst                                       smallconst   002600
_adc_busy_status                                   bssCOMRAM    00052E
_i2c1Status                                        bssCOMRAM    000501
_main                                              text0        0028F2
_uart1RxLastError                                  bssCOMRAM    00052C
end_of_initialization                              cinit        002A12
i2_I2C1_InterruptsEnable                           text31       002B32
intlevel0                                          text         000000
intlevel1                                          text         000000
intlevel2                                          text         000000
intlevel3                                          text         000000
isa$std                                            (abs)        000001
isa$xinst                                          (abs)        000000
ivt0x8_base                                        ivt0x8       000008
ivt0x8_undefint                                    ivt0x8       000100
stackhi                                            (abs)        000000
stacklo                                            (abs)        000000
start                                              init         000102
start_initialization                               cinit        0029F8


MODULE INFORMATION

Module		Function		Class		Link	Load	Size
mcc_generated_files/system/src/interrupt.c
		_INT0_SetInterruptHandler		CODE           	2B72	0000	14
		_INT1_SetInterruptHandler		CODE           	2B64	0000	14
		_INT2_SetInterruptHandler		CODE           	2B56	0000	14
		_INTERRUPT_Initialize		CODE           	26CC	0000	128
		_INT0_DefaultInterruptHandler		CODE           	2B9A	0000	2
		_INT0_CallBack 		CODE           	2992	0000	34
		_INT1_DefaultInterruptHandler		CODE           	2B9C	0000	2
		_INT1_CallBack 		CODE           	29B4	0000	34
		_INT2_DefaultInterruptHandler		CODE           	2B9E	0000	2
		_INT2_CallBack 		CODE           	29D6	0000	34
		_Default_ISR   		CODE           	2B98	0000	2
		_INT0_ISR      		CODE           	2A9C	0000	24
		_INT1_ISR      		CODE           	2AB4	0000	24
		_INT2_ISR      		CODE           	2ACC	0000	24

mcc_generated_files/system/src/interrupt.c estimated size: 352

mcc_generated_files/adc/src/adc.c
		_ADC_Initialize		CODE           	27B6	0000	90
		_ADC_ISR       		CODE           	2B90	0000	4
		_ADC_ThresholdISR		CODE           	2B94	0000	4

mcc_generated_files/adc/src/adc.c estimated size: 98

mcc_generated_files/uart/src/uart1.c
		_UART1_FramingErrorCallbackRegister		CODE           	2A84	0000	24
		_UART1_OverrunErrorCallbackRegister		CODE           	2A6C	0000	24
		_UART1_Initialize		CODE           	274C	0000	106
		_UART1_ParityErrorCallbackRegister		CODE           	2A54	0000	24

mcc_generated_files/uart/src/uart1.c estimated size: 178

mcc_generated_files/i2c_host/src/i2c1.c
		_I2C1_RX_ISR   		CODE           	2B44	0000	18
		_I2C1_InterruptsEnable		CODE           	2B20	0000	18
		_I2C1_ReadStart		CODE           	2AF8	0000	20
		_I2C1_ISR      		CODE           	28B0	0000	66
		_I2C1_InterruptsDisable		CODE           	2B80	0000	14
		_I2C1_BusReset 		CODE           	2930	0000	58
		_I2C1_Initialize		CODE           	2864	0000	76
		_I2C1_Close    		CODE           	296A	0000	40
		_I2C1_ERROR_ISR		CODE           	2810	0000	84
		_I2C1_TX_ISR   		CODE           	2B0C	0000	20

mcc_generated_files/i2c_host/src/i2c1.c estimated size: 414

mcc_generated_files/system/src/pins.c
		_PIN_MANAGER_Initialize		CODE           	2620	0000	172

mcc_generated_files/system/src/pins.c estimated size: 172

shared
		i2_I2C1_InterruptsEnable		CODE           	2B32	0000	18
		__initialization		CODE           	29F8	0000	26
		_I2C1_Host     		SMALLCONST     	2601	0000	30

shared estimated size: 74

mcc_generated_files/system/src/clock.c
		_CLOCK_Initialize		CODE           	2AE4	0000	20

mcc_generated_files/system/src/clock.c estimated size: 20

mcc_generated_files/timer/src/tmr0.c
		_TMR0_Initialize		CODE           	2A36	0000	30

mcc_generated_files/timer/src/tmr0.c estimated size: 30

main.c
		_main          		CODE           	28F2	0000	62

main.c estimated size: 62

mcc_generated_files/system/src/system.c
		_SYSTEM_Initialize		CODE           	2A18	0000	30

mcc_generated_files/system/src/system.c estimated size: 30

