Microchip MPLAB XC8 Compiler V2.46

Linker command line:

-W-3 \
  --edf=C:\Program Files\Microchip\xc8\v2.46\pic\dat\20240104201356_en.msgs \
  -pivt0x8=08h -cn \
  -h+dist/default/production\Sem13_uart_txrt.X.production.sym \
  --cmf=dist/default/production\Sem13_uart_txrt.X.production.cmf -z \
  -Q18F57Q43 -oC:\Users\upao\AppData\Local\Temp\xcBsmgo.1\driver_tmp_3.o \
  --defsym=__MPLAB_BUILD=1 --fixupoverflow=error \
  -Mdist/default/production/Sem13_uart_txrt.X.production.map \
  --md=C:\Users\upao\AppData\Local\Temp\xcBsmgo.1\driver_tmp_0.dat -E1 \
  -ver=XC8 Compiler --acfsm=1493 -ACODE=00h-01FFFFh -ACONST=00h-01FFFFh \
  -ASMALLCONST=02500h-025FFhx475 \
  -AMEDIUMCONST=02500h-0FFFFh,012500h-01FFFFh -ACOMRAM=0501h-055Fh \
  -AABS1=0500h-024FFh -ABIGRAM=0501h-024FFh \
  -ARAM=0560h-05FFh,0600h-06FFhx31 -ABANK5=0560h-05FFh -ABANK6=0600h-06FFh \
  -ABANK7=0700h-07FFh -ABANK8=0800h-08FFh -ABANK9=0900h-09FFh \
  -ABANK10=0A00h-0AFFh -ABANK11=0B00h-0BFFh -ABANK12=0C00h-0CFFh \
  -ABANK13=0D00h-0DFFh -ABANK14=0E00h-0EFFh -ABANK15=0F00h-0FFFh \
  -ABANK16=01000h-010FFh -ABANK17=01100h-011FFh -ABANK18=01200h-012FFh \
  -ABANK19=01300h-013FFh -ABANK20=01400h-014FFh -ABANK21=01500h-015FFh \
  -ABANK22=01600h-016FFh -ABANK23=01700h-017FFh -ABANK24=01800h-018FFh \
  -ABANK25=01900h-019FFh -ABANK26=01A00h-01AFFh -ABANK27=01B00h-01BFFh \
  -ABANK28=01C00h-01CFFh -ABANK29=01D00h-01DFFh -ABANK30=01E00h-01EFFh \
  -ABANK31=01F00h-01FFFh -ABANK32=02000h-020FFh -ABANK33=02100h-021FFh \
  -ABANK34=02200h-022FFh -ABANK35=02300h-023FFh -ABANK36=02400h-024FFh \
  -ASFR=00h-0FFhx4,0400h-045Fh,0460h-04FFh,02500h-025FFh \
  -ABIGSFR=00h-04FFh,02500h-025FFh -ACONFIG=0300000h-0300011h \
  -AIDLOC=0200000h-020003Fh -AEEDATA=0380000h-03803FFh -peeprom_data=EEDATA \
  -preset_vec=00h -ppowerup=CODE,init -pramtop=02500h \
  -psmallconst=SMALLCONST -pmediumconst=MEDIUMCONST -pconst=CONST \
  -AFARRAM=00h-00h \
  -prdata=COMRAM,nvrram=COMRAM,nvbit=COMRAM,rbss=COMRAM,rbit=COMRAM \
  -pfarbss=FARRAM,fardata=FARRAM,nvFARRAM=FARRAM \
  -pintsave_regs=BIGRAM,bigbss=BIGRAM,bigdata=BIGRAM -pbss=RAM \
  -pidata=CODE,irdata=CODE,ibigdata=CODE,ifardata=CODE -prparam=COMRAM \
  C:\Users\upao\AppData\Local\Temp\xcBsmgo.1\driver_tmp_9.o \
  dist/default/production\Sem13_uart_txrt.X.production.o 

Object code version is 3.11

Machine type is 18F57Q43



                Name                               Link     Load   Length Selector   Space Scale
C:\Users\upao\AppData\Local\Temp\xcBsmgo.1\driver_tmp_9.o
                config                           300000   300000        A        0       4
                init                                102      102        4        4       0
                reset_vec                             0        0        4        0       0
dist/default/production\Sem13_uart_txrt.X.production.o
                config                           300000   300000        A        0       4
                mediumconst                        FCD8     FCD8      328     7E6C       0
                ivt0x8                                8        8       FA        4       0
                text28                            10D08    10D08        2     4342       0
                text27                            10B12    10B12       42     8000       0
                text26                            10860    10860       6C     8000       0
                text25                            10B92    10B92       3E     8000       0
                text24                            10A38    10A38       4E     8000       0
                text23                            10934    10934       68     8000       0
                text22                            107D6    107D6       8A     8000       0
                text21                            10CBA    10CBA       18     8000       0
                text20                            10CE0    10CE0        E     8000       0
                text19                            109EA    109EA       4E     8000       0
                text18                            10734    10734       A2     8000       0
                text17                            10CFE    10CFE        8     8000       0
                text16                            10602    10602      132     8000       0
                text15                            10354    10354      17C     8000       0
                text14                            10A86    10A86       4A     8000       0
                text13                            10AD0    10AD0       42     8000       0
                text12                            108CC    108CC       68     8000       0
                text11                            10CF6    10CF6        8     8000       0
                text10                            10CEE    10CEE        8     8000       0
                text9                             10BD0    10BD0       30     8000       0
                text8                             10000    10000      354     8000       0
                text7                             10C7C    10C7C       26     8000       0
                text6                             10C00    10C00       2C     8000       0
                text5                             10CA2    10CA2       18     8000       0
                text4                             10CD2    10CD2        E     8000       0
                text3                             10B54    10B54       3E     8000       0
                text2                             1099C    1099C       4E     8000       0
                text1                             104D0    104D0      132     8000       0
                text0                             10C54    10C54       28     8000       0
                cstackCOMRAM                        501      501       1C      501       1
                dataCOMRAM                          51E      51E        1      501       1
                bssCOMRAM                           51D      51D        1      501       1
                cinit                             10C2C    10C2C       28     8000       0
                idataCOMRAM                       10D0A    10D0A        1     4342       0

TOTAL           Name                               Link     Load   Length     Space
        CLASS   CODE           
                init                                102      102        4         0
                reset_vec                             0        0        4         0
                ivt0x8                                8        8       FA         0
                text28                            10D08    10D08        2         0
                text27                            10B12    10B12       42         0
                text26                            10860    10860       6C         0
                text25                            10B92    10B92       3E         0
                text24                            10A38    10A38       4E         0
                text23                            10934    10934       68         0
                text22                            107D6    107D6       8A         0
                text21                            10CBA    10CBA       18         0
                text20                            10CE0    10CE0        E         0
                text19                            109EA    109EA       4E         0
                text18                            10734    10734       A2         0
                text17                            10CFE    10CFE        8         0
                text16                            10602    10602      132         0
                text15                            10354    10354      17C         0
                text14                            10A86    10A86       4A         0
                text13                            10AD0    10AD0       42         0
                text12                            108CC    108CC       68         0
                text11                            10CF6    10CF6        8         0
                text10                            10CEE    10CEE        8         0
                text9                             10BD0    10BD0       30         0
                text8                             10000    10000      354         0
                text7                             10C7C    10C7C       26         0
                text6                             10C00    10C00       2C         0
                text5                             10CA2    10CA2       18         0
                text4                             10CD2    10CD2        E         0
                text3                             10B54    10B54       3E         0
                text2                             1099C    1099C       4E         0
                text1                             104D0    104D0      132         0
                text0                             10C54    10C54       28         0
                cinit                             10C2C    10C2C       28         0
                idataCOMRAM                       10D0A    10D0A        1         0

        CLASS   CONST          

        CLASS   SMALLCONST     

        CLASS   MEDIUMCONST    
                mediumconst                        FCD8     FCD8      328         0

        CLASS   COMRAM         
                cstackCOMRAM                        501      501       1C         1
                dataCOMRAM                          51E      51E        1         1
                bssCOMRAM                           51D      51D        1         1

        CLASS   ABS1           

        CLASS   BIGRAM         

        CLASS   RAM            

        CLASS   BANK5          

        CLASS   BANK6          

        CLASS   BANK7          

        CLASS   BANK8          

        CLASS   BANK9          

        CLASS   BANK10         

        CLASS   BANK11         

        CLASS   BANK12         

        CLASS   BANK13         

        CLASS   BANK14         

        CLASS   BANK15         

        CLASS   BANK16         

        CLASS   BANK17         

        CLASS   BANK18         

        CLASS   BANK19         

        CLASS   BANK20         

        CLASS   BANK21         

        CLASS   BANK22         

        CLASS   BANK23         

        CLASS   BANK24         

        CLASS   BANK25         

        CLASS   BANK26         

        CLASS   BANK27         

        CLASS   BANK28         

        CLASS   BANK29         

        CLASS   BANK30         

        CLASS   BANK31         

        CLASS   BANK32         

        CLASS   BANK33         

        CLASS   BANK34         

        CLASS   BANK35         

        CLASS   BANK36         

        CLASS   SFR            

        CLASS   BIGSFR         

        CLASS   CONFIG         
                config                           300000   300000        A         4

        CLASS   IDLOC          

        CLASS   EEDATA         

        CLASS   FARRAM         

        CLASS   HEAP           

        CLASS   STACK          



SEGMENTS        Name                           Load    Length   Top    Selector   Space  Class

                reset_vec                      000000  000004  000004         0       0  CODE    
                ivt0x8                         000008  0000FE  000106         4       0  CODE    
                cstackCOMRAM                   000501  00001E  00051F       501       1  COMRAM  
                mediumconst                    00FCD8  000328  010000      7E6C       0  MEDIUMCO
                text8                          010000  000D06  010D06      8000       0  CODE    
                text28                         010D08  000003  010D0B      4342       0  CODE    


UNUSED ADDRESS RANGES

        Name                Unused          Largest block    Delta
        BANK10           000A00-000AFF              100
        BANK11           000B00-000BFF              100
        BANK12           000C00-000CFF              100
        BANK13           000D00-000DFF              100
        BANK14           000E00-000EFF              100
        BANK15           000F00-000FFF              100
        BANK16           001000-0010FF              100
        BANK17           001100-0011FF              100
        BANK18           001200-0012FF              100
        BANK19           001300-0013FF              100
        BANK20           001400-0014FF              100
        BANK21           001500-0015FF              100
        BANK22           001600-0016FF              100
        BANK23           001700-0017FF              100
        BANK24           001800-0018FF              100
        BANK25           001900-0019FF              100
        BANK26           001A00-001AFF              100
        BANK27           001B00-001BFF              100
        BANK28           001C00-001CFF              100
        BANK29           001D00-001DFF              100
        BANK30           001E00-001EFF              100
        BANK31           001F00-001FFF              100
        BANK32           002000-0020FF              100
        BANK33           002100-0021FF              100
        BANK34           002200-0022FF              100
        BANK35           002300-0023FF              100
        BANK36           002400-0024FF              100
        BANK5            000560-0005FF               A0
        BANK6            000600-0006FF              100
        BANK7            000700-0007FF              100
        BANK8            000800-0008FF              100
        BANK9            000900-0009FF              100
        BIGRAM           00051F-0024FF             1FE1
        BIGSFR           000000-0004FF              500
                         002500-0025FF              100
        CODE             000004-000007                4
                         000106-00FCD7             FBD2
                         010D06-010D07                2
                         010D0B-01FFFF             F2F5
        COMRAM           00051F-00055F               41
        CONFIG           30000A-300011                8
        CONST            000004-000007                4
                         000106-00FCD7             FBD2
                         010D06-010D07                2
                         010D0B-01FFFF             F2F5
        EEDATA           380000-3803FF              400
        IDLOC            200000-20003F               40
        MEDIUMCONST      002500-00FCD7             D7D8
                         012500-01FFFF             DB00
        RAM              000560-0024FF              100
        SFR              000000-0004FF              100
                         002500-0025FF              100
        SMALLCONST       002500-00FCD7              100
                         010D06-010D07                2
                         010D0B-01FFFF              100

                                  Symbol Table

?_strlen                         cstackCOMRAM 000511
?i2_strlen                       cstackCOMRAM 000501
I2C1_WRITESINGLEBYTE@dato        cstackCOMRAM 000511
I2C1_WRITESINGLEBYTE@direccion   cstackCOMRAM 000512
I2C_CURSOR_ONOFF@estado          cstackCOMRAM 000517
I2C_ENVIA_LCD_CMD@command        cstackCOMRAM 000514
I2C_ENVIA_LCD_CMD@highnibble     cstackCOMRAM 000515
I2C_ENVIA_LCD_CMD@lownibble      cstackCOMRAM 000516
I2C_ENVIA_LCD_DATA@data          cstackCOMRAM 000504
I2C_ENVIA_LCD_DATA@highnibble    cstackCOMRAM 000505
I2C_ENVIA_LCD_DATA@lownibble     cstackCOMRAM 000506
I2C_ESCRIBE_MENSAJE2@cadena      cstackCOMRAM 000507
I2C_ESCRIBE_MENSAJE2@i           cstackCOMRAM 00050C
I2C_ESCRIBE_MENSAJE2@tam         cstackCOMRAM 00050B
I2C_POS_CURSOR@columna           cstackCOMRAM 000507
I2C_POS_CURSOR@fila              cstackCOMRAM 000509
IVTBASEH                         (abs)        00045E
IVTBASEL                         (abs)        00045D
IVTBASEU                         (abs)        00045F
U1_BYTE_SEND@dato                cstackCOMRAM 000511
U1_INIT@velocidad                cstackCOMRAM 000511
U1_STRING_SEND@cadena            cstackCOMRAM 000515
U1_STRING_SEND@i                 cstackCOMRAM 00051A
U1_STRING_SEND@tam               cstackCOMRAM 000519
_ANSELCbits                      (abs)        000410
_ANSELEbits                      (abs)        000420
_ANSELFbits                      (abs)        000428
_I2C1ADB1                        (abs)        00028F
_I2C1CLKbits                     (abs)        00029C
_I2C1CNT                         (abs)        00028D
_I2C1CON0bits                    (abs)        000294
_I2C1CON1bits                    (abs)        000295
_I2C1CON2bits                    (abs)        000296
_I2C1PIRbits                     (abs)        00029A
_I2C1STAT1bits                   (abs)        000299
_I2C1TXB                         (abs)        00028C
_I2C1_INIT                       text14       010A86
_I2C1_WRITESINGLEBYTE            text13       010AD0
_I2C_BORRAR_LCD                  text11       010CF6
_I2C_CURSOR_HOME                 text10       010CEE
_I2C_CURSOR_ONOFF                text9        010BD0
_I2C_ENVIA_LCD_CMD               text12       0108CC
_I2C_ENVIA_LCD_DATA              text26       010860
_I2C_ESCRIBE_MENSAJE2            text24       010A38
_I2C_LCD_ADDR                    dataCOMRAM   00051E
_I2C_LCD_INIT                    text8        010000
_I2C_POS_CURSOR                  text22       0107D6
_INTCON0bits                     (abs)        0004D6
_LATEbits                        (abs)        0004C2
_ODCONCbits                      (abs)        000412
_OSCCON1                         (abs)        0000AD
_OSCEN                           (abs)        0000B3
_OSCFRQ                          (abs)        0000B1
_PIE4bits                        (abs)        0004A2
_PIR4bits                        (abs)        0004B2
_RC3I2Cbits                      (abs)        000287
_RC3PPS                          (abs)        000214
_RC4I2Cbits                      (abs)        000286
_RC4PPS                          (abs)        000215
_RF0PPS                          (abs)        000229
_TRISCbits                       (abs)        0004C8
_TRISEbits                       (abs)        0004CA
_TRISFbits                       (abs)        0004CB
_U1BRGH                          (abs)        0002AF
_U1BRGL                          (abs)        0002AE
_U1CON0                          (abs)        0002AB
_U1CON1                          (abs)        0002AC
_U1CON2                          (abs)        0002AD
_U1ERRIRbits                     (abs)        0002B2
_U1RXB                           (abs)        0002A1
_U1RXPPS                         (abs)        000272
_U1RX_ISR                        text15       010354
_U1TXB                           (abs)        0002A3
_U1_BYTE_SEND                    text5        010CA2
_U1_INIT                         text7        010C7C
_U1_NEWLINE                      text4        010CD2
_U1_STRING_SEND                  text2        01099C
__HRAM                           (abs)        000000
__H__absolute__                  __absolute__ 000000
__Habs1                          abs1         000000
__Hbank10                        bank10       000000
__Hbank11                        bank11       000000
__Hbank12                        bank12       000000
__Hbank13                        bank13       000000
__Hbank14                        bank14       000000
__Hbank15                        bank15       000000
__Hbank16                        bank16       000000
__Hbank17                        bank17       000000
__Hbank18                        bank18       000000
__Hbank19                        bank19       000000
__Hbank20                        bank20       000000
__Hbank21                        bank21       000000
__Hbank22                        bank22       000000
__Hbank23                        bank23       000000
__Hbank24                        bank24       000000
__Hbank25                        bank25       000000
__Hbank26                        bank26       000000
__Hbank27                        bank27       000000
__Hbank28                        bank28       000000
__Hbank29                        bank29       000000
__Hbank30                        bank30       000000
__Hbank31                        bank31       000000
__Hbank32                        bank32       000000
__Hbank33                        bank33       000000
__Hbank34                        bank34       000000
__Hbank35                        bank35       000000
__Hbank36                        bank36       000000
__Hbank5                         bank5        000000
__Hbank6                         bank6        000000
__Hbank7                         bank7        000000
__Hbank8                         bank8        000000
__Hbank9                         bank9        000000
__Hbigbss                        bigbss       000000
__Hbigdata                       bigdata      000000
__Hbigram                        bigram       000000
__Hbigsfr                        bigsfr       000000
__Hbss                           bss          000000
__HbssCOMRAM                     bssCOMRAM    000000
__Hcinit                         cinit        000000
__Hclrtext                       clrtext      000000
__Hcomram                        comram       000000
__Hconfig                        config       30000A
__Hconst                         const        000000
__HcstackCOMRAM                  cstackCOMRAM 000000
__Hdata                          data         000000
__HdataCOMRAM                    dataCOMRAM   000000
__Heeprom_data                   eeprom_data  000000
__Hfarbss                        farbss       000000
__Hfardata                       fardata      000000
__Hheap                          heap         000000
__Hibigdata                      ibigdata     000000
__Hidata                         idata        000000
__HidataCOMRAM                   idataCOMRAM  000000
__Hidloc                         idloc        000000
__Hifardata                      ifardata     000000
__Hinit                          init         000106
__Hintsave_regs                  intsave_regs 000000
__Hirdata                        irdata       000000
__Hivt0x8                        ivt0x8       000102
__Hmediumconst                   mediumconst  010000
__HnvFARRAM                      nvFARRAM     000000
__Hnvbit                         nvbit        000000
__Hnvrram                        nvrram       000000
__Hparam                         rparam       000000
__Hpowerup                       powerup      000000
__Hram                           ram          000000
__Hramtop                        ramtop       002500
__Hrbit                          rbit         000000
__Hrbss                          rbss         000000
__Hrdata                         rdata        000000
__Hreset_vec                     reset_vec    000004
__Hrparam                        rparam       000000
__Hsfr                           sfr          000000
__Hsmallconst                    smallconst   000000
__Hspace_0                       (abs)        010D0B
__Hspace_1                       (abs)        00051F
__Hspace_2                       (abs)        000000
__Hspace_4                       (abs)        60000A
__Hstack                         stack        000000
__Hstruct                        struct       000000
__Htemp                          temp         000000
__Htext                          text         000000
__Htext0                         text0        000000
__Htext1                         text1        000000
__Htext10                        text10       000000
__Htext11                        text11       000000
__Htext12                        text12       000000
__Htext13                        text13       000000
__Htext14                        text14       000000
__Htext15                        text15       000000
__Htext16                        text16       000000
__Htext17                        text17       000000
__Htext18                        text18       000000
__Htext19                        text19       000000
__Htext2                         text2        000000
__Htext20                        text20       000000
__Htext21                        text21       000000
__Htext22                        text22       000000
__Htext23                        text23       000000
__Htext24                        text24       000000
__Htext25                        text25       000000
__Htext26                        text26       000000
__Htext27                        text27       000000
__Htext28                        text28       000000
__Htext3                         text3        000000
__Htext4                         text4        000000
__Htext5                         text5        000000
__Htext6                         text6        000000
__Htext7                         text7        000000
__Htext8                         text8        000000
__Htext9                         text9        000000
__LRAM                           (abs)        000001
__L__absolute__                  __absolute__ 000000
__Labs1                          abs1         000000
__Lbank10                        bank10       000000
__Lbank11                        bank11       000000
__Lbank12                        bank12       000000
__Lbank13                        bank13       000000
__Lbank14                        bank14       000000
__Lbank15                        bank15       000000
__Lbank16                        bank16       000000
__Lbank17                        bank17       000000
__Lbank18                        bank18       000000
__Lbank19                        bank19       000000
__Lbank20                        bank20       000000
__Lbank21                        bank21       000000
__Lbank22                        bank22       000000
__Lbank23                        bank23       000000
__Lbank24                        bank24       000000
__Lbank25                        bank25       000000
__Lbank26                        bank26       000000
__Lbank27                        bank27       000000
__Lbank28                        bank28       000000
__Lbank29                        bank29       000000
__Lbank30                        bank30       000000
__Lbank31                        bank31       000000
__Lbank32                        bank32       000000
__Lbank33                        bank33       000000
__Lbank34                        bank34       000000
__Lbank35                        bank35       000000
__Lbank36                        bank36       000000
__Lbank5                         bank5        000000
__Lbank6                         bank6        000000
__Lbank7                         bank7        000000
__Lbank8                         bank8        000000
__Lbank9                         bank9        000000
__Lbigbss                        bigbss       000000
__Lbigdata                       bigdata      000000
__Lbigram                        bigram       000000
__Lbigsfr                        bigsfr       000000
__Lbss                           bss          000000
__LbssCOMRAM                     bssCOMRAM    000000
__Lcinit                         cinit        000000
__Lclrtext                       clrtext      000000
__Lcomram                        comram       000000
__Lconfig                        config       000000
__Lconst                         const        000000
__LcstackCOMRAM                  cstackCOMRAM 000000
__Ldata                          data         000000
__LdataCOMRAM                    dataCOMRAM   000000
__Leeprom_data                   eeprom_data  000000
__Lfarbss                        farbss       000000
__Lfardata                       fardata      000000
__Lheap                          heap         000000
__Libigdata                      ibigdata     000000
__Lidata                         idata        000000
__LidataCOMRAM                   idataCOMRAM  000000
__Lidloc                         idloc        000000
__Lifardata                      ifardata     000000
__Linit                          init         000102
__Lintsave_regs                  intsave_regs 000000
__Lirdata                        irdata       000000
__Livt0x8                        ivt0x8       000008
__Lmediumconst                   mediumconst  00FCD8
__LnvFARRAM                      nvFARRAM     000000
__Lnvbit                         nvbit        000000
__Lnvrram                        nvrram       000000
__Lparam                         rparam       000000
__Lpowerup                       powerup      000000
__Lram                           ram          000000
__Lramtop                        ramtop       002500
__Lrbit                          rbit         000000
__Lrbss                          rbss         000000
__Lrdata                         rdata        000000
__Lreset_vec                     reset_vec    000000
__Lrparam                        rparam       000000
__Lsfr                           sfr          000000
__Lsmallconst                    smallconst   000000
__Lspace_0                       (abs)        000000
__Lspace_1                       (abs)        000000
__Lspace_2                       (abs)        000000
__Lspace_4                       (abs)        000000
__Lstack                         stack        000000
__Lstruct                        struct       000000
__Ltemp                          temp         000000
__Ltext                          text         000000
__Ltext0                         text0        000000
__Ltext1                         text1        000000
__Ltext10                        text10       000000
__Ltext11                        text11       000000
__Ltext12                        text12       000000
__Ltext13                        text13       000000
__Ltext14                        text14       000000
__Ltext15                        text15       000000
__Ltext16                        text16       000000
__Ltext17                        text17       000000
__Ltext18                        text18       000000
__Ltext19                        text19       000000
__Ltext2                         text2        000000
__Ltext20                        text20       000000
__Ltext21                        text21       000000
__Ltext22                        text22       000000
__Ltext23                        text23       000000
__Ltext24                        text24       000000
__Ltext25                        text25       000000
__Ltext26                        text26       000000
__Ltext27                        text27       000000
__Ltext28                        text28       000000
__Ltext3                         text3        000000
__Ltext4                         text4        000000
__Ltext5                         text5        000000
__Ltext6                         text6        000000
__Ltext7                         text7        000000
__Ltext8                         text8        000000
__Ltext9                         text9        000000
__S0                             (abs)        010D0B
__S1                             (abs)        00051F
__S4                             (abs)        000000
__S5                             (abs)        000000
___heap_hi                       (abs)        000000
___heap_lo                       (abs)        000000
___inthi_sp                      stack        000000
___inthi_stack_hi                stack        000000
___inthi_stack_lo                stack        000000
___intlo_sp                      stack        000000
___intlo_stack_hi                stack        000000
___intlo_stack_lo                stack        000000
___param_bank                    (abs)        000000
___rparam_used                   (abs)        000001
___sp                            stack        000000
___stack_hi                      stack        000000
___stack_lo                      stack        000000
__accesstop                      (abs)        000560
__activetblptr                   (abs)        000003
__end_of_I2C1_INIT               text14       010AD0
__end_of_I2C1_WRITESINGLEBYTE    text13       010B12
__end_of_I2C_BORRAR_LCD          text11       010CFE
__end_of_I2C_CURSOR_HOME         text10       010CF6
__end_of_I2C_CURSOR_ONOFF        text9        010C00
__end_of_I2C_ENVIA_LCD_CMD       text12       010934
__end_of_I2C_ENVIA_LCD_DATA      text26       0108CC
__end_of_I2C_ESCRIBE_MENSAJE2    text24       010A86
__end_of_I2C_LCD_INIT            text8        010354
__end_of_I2C_POS_CURSOR          text22       010860
__end_of_U1RX_ISR                text15       0104D0
__end_of_U1_BYTE_SEND            text5        010CBA
__end_of_U1_INIT                 text7        010CA2
__end_of_U1_NEWLINE              text4        010CE0
__end_of_U1_STRING_SEND          text2        0109EA
__end_of__initialization         cinit        010C4E
__end_of_configuro               text6        010C2C
__end_of_default_ISR             text28       010D0A
__end_of_main                    text0        010C7C
__end_of_strlen                  text3        010B92
__end_of_vis_menu_LCD            text18       0107D6
__end_of_vis_menu_P              text1        010602
__end_ofi2_I2C1_WRITESINGLEBYTE  text27       010B54
__end_ofi2_I2C_BORRAR_LCD        text17       010D06
__end_ofi2_I2C_ENVIA_LCD_CMD     text23       01099C
__end_ofi2_U1_BYTE_SEND          text21       010CD2
__end_ofi2_U1_NEWLINE            text20       010CEE
__end_ofi2_U1_STRING_SEND        text19       010A38
__end_ofi2_strlen                text25       010BD0
__end_ofi2_vis_menu_P            text16       010734
__initialization                 cinit        010C2C
__mediumconst                    mediumconst  00FCD8
__pbssCOMRAM                     bssCOMRAM    00051D
__pcinit                         cinit        010C2C
__pcstackCOMRAM                  cstackCOMRAM 000501
__pdataCOMRAM                    dataCOMRAM   00051E
__pidataCOMRAM                   idataCOMRAM  010D0A
__pivt0x8                        ivt0x8       000008
__pmediumconst                   mediumconst  00FCD8
__ptext0                         text0        010C54
__ptext1                         text1        0104D0
__ptext10                        text10       010CEE
__ptext11                        text11       010CF6
__ptext12                        text12       0108CC
__ptext13                        text13       010AD0
__ptext14                        text14       010A86
__ptext15                        text15       010354
__ptext16                        text16       010602
__ptext17                        text17       010CFE
__ptext18                        text18       010734
__ptext19                        text19       0109EA
__ptext2                         text2        01099C
__ptext20                        text20       010CE0
__ptext21                        text21       010CBA
__ptext22                        text22       0107D6
__ptext23                        text23       010934
__ptext24                        text24       010A38
__ptext25                        text25       010B92
__ptext26                        text26       010860
__ptext27                        text27       010B12
__ptext28                        text28       010D08
__ptext3                         text3        010B54
__ptext4                         text4        010CD2
__ptext5                         text5        010CA2
__ptext6                         text6        010C00
__ptext7                         text7        010C7C
__ptext8                         text8        010000
__ptext9                         text9        010BD0
__ramtop                         ramtop       002500
__smallconst                     smallconst   000000
_configuro                       text6        010C00
_default_ISR                     text28       010D08
_main                            text0        010C54
_menu_activo                     bssCOMRAM    00051D
_strlen                          text3        010B54
_vis_menu_LCD                    text18       010734
_vis_menu_P                      text1        0104D0
end_of_initialization            cinit        010C4E
i2I2C1_WRITESINGLEBYTE@dato      cstackCOMRAM 000501
i2I2C1_WRITESINGLEBYTE@direccion cstackCOMRAM 000502
i2I2C_ENVIA_LCD_CMD@command      cstackCOMRAM 000504
i2I2C_ENVIA_LCD_CMD@highnibble   cstackCOMRAM 000505
i2I2C_ENVIA_LCD_CMD@lownibble    cstackCOMRAM 000506
i2U1_BYTE_SEND@dato              cstackCOMRAM 000501
i2U1_STRING_SEND@cadena          cstackCOMRAM 000505
i2U1_STRING_SEND@i               cstackCOMRAM 00050A
i2U1_STRING_SEND@tam             cstackCOMRAM 000509
i2_I2C1_WRITESINGLEBYTE          text27       010B12
i2_I2C_BORRAR_LCD                text17       010CFE
i2_I2C_ENVIA_LCD_CMD             text23       010934
i2_U1_BYTE_SEND                  text21       010CBA
i2_U1_NEWLINE                    text20       010CE0
i2_U1_STRING_SEND                text19       0109EA
i2_strlen                        text25       010B92
i2_vis_menu_P                    text16       010602
i2strlen@a                       cstackCOMRAM 000503
i2strlen@s                       cstackCOMRAM 000501
intlevel0                        text         000000
intlevel1                        text         000000
intlevel2                        text         000000
intlevel3                        text         000000
isa$std                          (abs)        000001
isa$xinst                        (abs)        000000
ivt0x8_base                      ivt0x8       000008
ivt0x8_undefint                  ivt0x8       000100
stackhi                          (abs)        000000
stacklo                          (abs)        000000
start                            init         000102
start_initialization             cinit        010C2C
strlen@a                         cstackCOMRAM 000513
strlen@s                         cstackCOMRAM 000511


MODULE INFORMATION

Module		Function		Class		Link	Load	Size
maincode02.c
		_configuro     		CODE           	10C00	0000	44
		_default_ISR   		CODE           	10D08	0000	2
		_main          		CODE           	10C54	0000	40
		_U1RX_ISR      		CODE           	10354	0000	380
		_vis_menu_P    		CODE           	104D0	0000	306
		_vis_menu_LCD  		CODE           	10734	0000	162

maincode02.c estimated size: 934

C:\Program Files\Microchip\xc8\v2.46\pic\sources\c99\common\strlen.c
		_strlen        		CODE           	10B54	0000	62

C:\Program Files\Microchip\xc8\v2.46\pic\sources\c99\common\strlen.c estimated size: 62

LIB_UART.c
		_U1_STRING_SEND		CODE           	1099C	0000	78
		_U1_BYTE_SEND  		CODE           	10CA2	0000	24
		_U1_INIT       		CODE           	10C7C	0000	38
		_U1_NEWLINE    		CODE           	10CD2	0000	14

LIB_UART.c estimated size: 154

shared
		i2_U1_STRING_SEND		CODE           	109EA	0000	78
		i2_U1_BYTE_SEND		CODE           	10CBA	0000	24
		i2_U1_NEWLINE  		CODE           	10CE0	0000	14
		i2_vis_menu_P  		CODE           	10602	0000	306
		__initialization		CODE           	10C2C	0000	34
		i2_I2C_BORRAR_LCD		CODE           	10CFE	0000	8
		i2_I2C1_WRITESINGLEBYTE		CODE           	10B12	0000	66
		i2_strlen      		CODE           	10B92	0000	62
		i2_I2C_ENVIA_LCD_CMD		CODE           	10934	0000	104

shared estimated size: 696

I2C_LCD.c
		_I2C_BORRAR_LCD		CODE           	10CF6	0000	8
		_I2C1_INIT     		CODE           	10A86	0000	74
		_I2C_POS_CURSOR		CODE           	107D6	0000	138
		_I2C_ENVIA_LCD_CMD		CODE           	108CC	0000	104
		_I2C_CURSOR_HOME		CODE           	10CEE	0000	8
		_I2C1_WRITESINGLEBYTE		CODE           	10AD0	0000	66
		_I2C_ENVIA_LCD_DATA		CODE           	10860	0000	108
		_I2C_ESCRIBE_MENSAJE2		CODE           	10A38	0000	78
		_I2C_LCD_INIT  		CODE           	10000	0000	852
		_I2C_CURSOR_ONOFF		CODE           	10BD0	0000	48

I2C_LCD.c estimated size: 1484

