Microchip MPLAB XC8 Compiler V2.45

Linker command line:

-W-3 \
  --edf=C:\Program Files\Microchip\xc8\v2.45\pic\dat\20230818022343_en.msgs \
  -pivt0x8=08h -cn -h+dist/default/production\Semana12.X.production.sym \
  --cmf=dist/default/production\Semana12.X.production.cmf -z -Q18F57Q43 \
  -oC:\Users\DOCENT~1\AppData\Local\Temp\xcAs19e4.\driver_tmp_3.o \
  --defsym=__MPLAB_BUILD=1 --fixupoverflow=error \
  -Mdist/default/production/Semana12.X.production.map \
  --md=C:\Users\DOCENT~1\AppData\Local\Temp\xcAs19e4.\driver_tmp_0.dat -E1 \
  -ver=XC8 Compiler --acfsm=1493 -ACODE=00h-01FFFFh -ACONST=00h-01FFFFh \
  -ASMALLCONST=02500h-025FFhx475 \
  -AMEDIUMCONST=02500h-0FFFFh,012500h-01FFFFh -ACOMRAM=0501h-055Fh \
  -AABS1=0500h-024FFh -ABIGRAM=0501h-024FFh \
  -ARAM=0560h-05FFh,0600h-06FFhx31 -ABANK5=0560h-05FFh -ABANK6=0600h-06FFh \
  -ABANK7=0700h-07FFh -ABANK8=0800h-08FFh -ABANK9=0900h-09FFh \
  -ABANK10=0A00h-0AFFh -ABANK11=0B00h-0BFFh -ABANK12=0C00h-0CFFh \
  -ABANK13=0D00h-0DFFh -ABANK14=0E00h-0EFFh -ABANK15=0F00h-0FFFh \
  -ABANK16=01000h-010FFh -ABANK17=01100h-011FFh -ABANK18=01200h-012FFh \
  -ABANK19=01300h-013FFh -ABANK20=01400h-014FFh -ABANK21=01500h-015FFh \
  -ABANK22=01600h-016FFh -ABANK23=01700h-017FFh -ABANK24=01800h-018FFh \
  -ABANK25=01900h-019FFh -ABANK26=01A00h-01AFFh -ABANK27=01B00h-01BFFh \
  -ABANK28=01C00h-01CFFh -ABANK29=01D00h-01DFFh -ABANK30=01E00h-01EFFh \
  -ABANK31=01F00h-01FFFh -ABANK32=02000h-020FFh -ABANK33=02100h-021FFh \
  -ABANK34=02200h-022FFh -ABANK35=02300h-023FFh -ABANK36=02400h-024FFh \
  -ASFR=00h-0FFhx4,0400h-045Fh,0460h-04FFh,02500h-025FFh \
  -ABIGSFR=00h-04FFh,02500h-025FFh -ACONFIG=0300000h-0300011h \
  -AIDLOC=0200000h-020003Fh -AEEDATA=0380000h-03803FFh -peeprom_data=EEDATA \
  -preset_vec=00h -ppowerup=CODE,init -pramtop=02500h \
  -psmallconst=SMALLCONST -pmediumconst=MEDIUMCONST -pconst=CONST \
  -AFARRAM=00h-00h \
  -prdata=COMRAM,nvrram=COMRAM,nvbit=COMRAM,rbss=COMRAM,rbit=COMRAM \
  -pfarbss=FARRAM,fardata=FARRAM,nvFARRAM=FARRAM \
  -pintsave_regs=BIGRAM,bigbss=BIGRAM,bigdata=BIGRAM -pbss=RAM \
  -pidata=CODE,irdata=CODE,ibigdata=CODE,ifardata=CODE -prparam=COMRAM \
  C:\Users\DOCENT~1\AppData\Local\Temp\xcAs19e4.\driver_tmp_9.o \
  dist/default/production\Semana12.X.production.o 

Object code version is 3.11

Machine type is 18F57Q43



                Name                               Link     Load   Length Selector   Space Scale
C:\Users\DOCENT~1\AppData\Local\Temp\xcAs19e4.\driver_tmp_9.o
                config                           300000   300000        A        0       4
                init                                102      102        4        4       0
                reset_vec                             0        0        4        0       0
dist/default/production\Semana12.X.production.o
                config                           300000   300000        A        0       4
                mediumconst                        FEB8     FEB8      148     7F5C       0
                ivt0x8                                8        8       FA        4       0
                text33                            11326    11326       18     8000       0
                text32                            1134C    1134C        E     8000       0
                text31                            111C4    111C4       3E     8000       0
                text30                            1104A    1104A       5C     8000       0
                text29                            10C42    10C42       96     8000       0
                text28                            10B0C    10B0C       A0     8000       0
                text27                            112F2    112F2       1C     8000       0
                text26                            10E52    10E52       72     8000       0
                text25                            11236    11236       34     8000       0
                text24                            11186    11186       3E     8000       0
                text23                            110FA    110FA       4E     8000       0
                text22                            10DDE    10DDE       74     8000       0
                text21                            10F2C    10F2C       64     8000       0
                text20                            105DE    105DE      1A6     8000       0
                text19                            11202    11202       34     8000       0
                text18                            10D64    10D64       7A     8000       0
                text17                            1130E    1130E       18     8000       0
                text16                            1133E    1133E        E     8000       0
                text15                            10FEE    10FEE       5C     8000       0
                text14                            10BAC    10BAC       96     8000       0
                text13                            11362    11362        8     8000       0
                text12                            1135A    1135A        8     8000       0
                text11                            1126A    1126A       30     8000       0
                text10                            110A6    110A6       54     8000       0
                text9                             11148    11148       3E     8000       0
                text8                             112C6    112C6       2C     8000       0
                text7                             10F90    10F90       5E     8000       0
                text6                             10A08    10A08      104     8000       0
                text5                             10000    10000      42A     8000       0
                text4                             10902    10902      106     8000       0
                text3                             10CD8    10CD8       8C     8000       0
                text2                             1042A    1042A      1B4     8000       0
                text1                             10784    10784      17E     8000       0
                text0                             10EC4    10EC4       68     8000       0
                cstackCOMRAM                        501      501       4D      501       1
                cstackBANK5                         560      560       15      560       1
                dataCOMRAM                          54E      54E        2      501       1
                cinit                             1129A    1129A       2C     8000       0
                idataCOMRAM                       1136A    1136A        2     8000       0

TOTAL           Name                               Link     Load   Length     Space
        CLASS   CODE           
                init                                102      102        4         0
                reset_vec                             0        0        4         0
                ivt0x8                                8        8       FA         0
                text33                            11326    11326       18         0
                text32                            1134C    1134C        E         0
                text31                            111C4    111C4       3E         0
                text30                            1104A    1104A       5C         0
                text29                            10C42    10C42       96         0
                text28                            10B0C    10B0C       A0         0
                text27                            112F2    112F2       1C         0
                text26                            10E52    10E52       72         0
                text25                            11236    11236       34         0
                text24                            11186    11186       3E         0
                text23                            110FA    110FA       4E         0
                text22                            10DDE    10DDE       74         0
                text21                            10F2C    10F2C       64         0
                text20                            105DE    105DE      1A6         0
                text19                            11202    11202       34         0
                text18                            10D64    10D64       7A         0
                text17                            1130E    1130E       18         0
                text16                            1133E    1133E        E         0
                text15                            10FEE    10FEE       5C         0
                text14                            10BAC    10BAC       96         0
                text13                            11362    11362        8         0
                text12                            1135A    1135A        8         0
                text11                            1126A    1126A       30         0
                text10                            110A6    110A6       54         0
                text9                             11148    11148       3E         0
                text8                             112C6    112C6       2C         0
                text7                             10F90    10F90       5E         0
                text6                             10A08    10A08      104         0
                text5                             10000    10000      42A         0
                text4                             10902    10902      106         0
                text3                             10CD8    10CD8       8C         0
                text2                             1042A    1042A      1B4         0
                text1                             10784    10784      17E         0
                text0                             10EC4    10EC4       68         0
                cinit                             1129A    1129A       2C         0
                idataCOMRAM                       1136A    1136A        2         0

        CLASS   CONST          

        CLASS   SMALLCONST     

        CLASS   MEDIUMCONST    
                mediumconst                        FEB8     FEB8      148         0

        CLASS   COMRAM         
                cstackCOMRAM                        501      501       4D         1
                dataCOMRAM                          54E      54E        2         1

        CLASS   ABS1           

        CLASS   BIGRAM         

        CLASS   RAM            

        CLASS   BANK5          
                cstackBANK5                         560      560       15         1

        CLASS   BANK6          

        CLASS   BANK7          

        CLASS   BANK8          

        CLASS   BANK9          

        CLASS   BANK10         

        CLASS   BANK11         

        CLASS   BANK12         

        CLASS   BANK13         

        CLASS   BANK14         

        CLASS   BANK15         

        CLASS   BANK16         

        CLASS   BANK17         

        CLASS   BANK18         

        CLASS   BANK19         

        CLASS   BANK20         

        CLASS   BANK21         

        CLASS   BANK22         

        CLASS   BANK23         

        CLASS   BANK24         

        CLASS   BANK25         

        CLASS   BANK26         

        CLASS   BANK27         

        CLASS   BANK28         

        CLASS   BANK29         

        CLASS   BANK30         

        CLASS   BANK31         

        CLASS   BANK32         

        CLASS   BANK33         

        CLASS   BANK34         

        CLASS   BANK35         

        CLASS   BANK36         

        CLASS   SFR            

        CLASS   BIGSFR         

        CLASS   CONFIG         
                config                           300000   300000        A         4

        CLASS   IDLOC          

        CLASS   EEDATA         

        CLASS   FARRAM         

        CLASS   HEAP           

        CLASS   STACK          



SEGMENTS        Name                           Load    Length   Top    Selector   Space  Class

                reset_vec                      000000  000004  000004         0       0  CODE    
                ivt0x8                         000008  0000FE  000106         4       0  CODE    
                cstackCOMRAM                   000501  00004F  000550       501       1  COMRAM  
                cstackBANK5                    000560  000015  000575       560       1  BANK5   
                mediumconst                    00FEB8  000148  010000      7F5C       0  MEDIUMCO
                text5                          010000  00136C  01136C      8000       0  CODE    


UNUSED ADDRESS RANGES

        Name                Unused          Largest block    Delta
        BANK10           000A00-000AFF              100
        BANK11           000B00-000BFF              100
        BANK12           000C00-000CFF              100
        BANK13           000D00-000DFF              100
        BANK14           000E00-000EFF              100
        BANK15           000F00-000FFF              100
        BANK16           001000-0010FF              100
        BANK17           001100-0011FF              100
        BANK18           001200-0012FF              100
        BANK19           001300-0013FF              100
        BANK20           001400-0014FF              100
        BANK21           001500-0015FF              100
        BANK22           001600-0016FF              100
        BANK23           001700-0017FF              100
        BANK24           001800-0018FF              100
        BANK25           001900-0019FF              100
        BANK26           001A00-001AFF              100
        BANK27           001B00-001BFF              100
        BANK28           001C00-001CFF              100
        BANK29           001D00-001DFF              100
        BANK30           001E00-001EFF              100
        BANK31           001F00-001FFF              100
        BANK32           002000-0020FF              100
        BANK33           002100-0021FF              100
        BANK34           002200-0022FF              100
        BANK35           002300-0023FF              100
        BANK36           002400-0024FF              100
        BANK5            000575-0005FF               8B
        BANK6            000600-0006FF              100
        BANK7            000700-0007FF              100
        BANK8            000800-0008FF              100
        BANK9            000900-0009FF              100
        BIGRAM           000550-00055F               10
                         000575-0024FF             1F8B
        BIGSFR           000000-0004FF              500
                         002500-0025FF              100
        CODE             000004-000007                4
                         000106-00FEB7             FDB2
                         01136C-01FFFF             EC94
        COMRAM           000550-00055F               10
        CONFIG           30000A-300011                8
        CONST            000004-000007                4
                         000106-00FEB7             FDB2
                         01136C-01FFFF             EC94
        EEDATA           380000-3803FF              400
        IDLOC            200000-20003F               40
        MEDIUMCONST      002500-00FEB7             D9B8
                         012500-01FFFF             DB00
        RAM              000575-0024FF              100
        SFR              000000-0004FF              100
                         002500-0025FF              100
        SMALLCONST       002500-00FEB7              100
                         01136C-01FFFF              100

                                  Symbol Table

?___flmul                     cstackCOMRAM 000529
?___fltol                     cstackCOMRAM 000511
?___ltdiv                     cstackCOMRAM 000511
?___lwdiv                     cstackCOMRAM 000516
?___lwmod                     cstackCOMRAM 000511
?___xxtofl                    cstackCOMRAM 00051B
?_strlen                      cstackCOMRAM 000511
?_tomamuestra_ADC             cstackCOMRAM 000542
?i2_strlen                    cstackCOMRAM 000501
CURSOR_ONOFF@estado           cstackCOMRAM 000514
ENVIA_CHAR@aux                cstackCOMRAM 000513
ENVIA_CHAR@dato               cstackCOMRAM 000512
ENVIA_LCD_CMD@aux             cstackCOMRAM 000513
ENVIA_LCD_CMD@dato            cstackCOMRAM 000512
ENVIA_NIBBLE@dato             cstackCOMRAM 000511
ESCRIBE_MENSAJE2@cadena       cstackCOMRAM 000515
ESCRIBE_MENSAJE2@i            cstackCOMRAM 00051A
ESCRIBE_MENSAJE2@tam          cstackCOMRAM 000519
IVTBASEH                      (abs)        00045E
IVTBASEL                      (abs)        00045D
IVTBASEU                      (abs)        00045F
LCD_ESCRIBE_VAR_INT@centena   cstackBANK5  000572
LCD_ESCRIBE_VAR_INT@d_millar  cstackBANK5  000570
LCD_ESCRIBE_VAR_INT@decena    cstackBANK5  000573
LCD_ESCRIBE_VAR_INT@millar    cstackBANK5  000571
LCD_ESCRIBE_VAR_INT@n_digitos cstackCOMRAM 000549
LCD_ESCRIBE_VAR_INT@numero    cstackCOMRAM 000547
LCD_ESCRIBE_VAR_INT@unidad    cstackBANK5  000574
LEER_LCD@aux                  cstackCOMRAM 000511
POS_CURSOR@columna            cstackCOMRAM 000514
POS_CURSOR@fila               cstackCOMRAM 000515
U1_DATA_SEND@dato             cstackCOMRAM 000511
U1_INIT@baudios               cstackCOMRAM 000511
U1_STRING_SEND@cadena         cstackCOMRAM 000515
U1_STRING_SEND@i              cstackCOMRAM 00051A
U1_STRING_SEND@tam            cstackCOMRAM 000519
_ADCON0bits                   (abs)        0003F3
_ADPCH                        (abs)        0003EC
_ADRESH                       (abs)        0003EB
_ADRESL                       (abs)        0003EA
_ANSELAbits                   (abs)        000400
_ANSELD                       (abs)        000418
_ANSELFbits                   (abs)        000428
_BORRAR_LCD                   text13       011362
_CCP1CON                      (abs)        000342
_CCPR1H                       (abs)        000341
_CCPR1L                       (abs)        000340
_CURSOR_HOME                  text12       01135A
_CURSOR_ONOFF                 text11       01126A
_ENVIA_CHAR                   text25       011236
_ENVIA_LCD_CMD                text19       011202
_ENVIA_NIBBLE                 text27       0112F2
_ESCRIBE_MENSAJE2             text23       0110FA
_INTCON0bits                  (abs)        0004D6
_LATD                         (abs)        0004C1
_LATDbits                     (abs)        0004C1
_LCD_CONFIG                   text10       0110A6
_LCD_ESCRIBE_VAR_INT          text20       0105DE
_LCD_INIT                     text9        011148
_LEER_LCD                     text26       010E52
_OSCCON1                      (abs)        0000AD
_OSCEN                        (abs)        0000B3
_OSCFRQ                       (abs)        0000B1
_PIE4bits                     (abs)        0004A2
_PIR4bits                     (abs)        0004B2
_PORTD                        (abs)        0004D1
_POS_CURSOR                   text18       010D64
_RF0PPS                       (abs)        000229
_RF1PPS                       (abs)        00022A
_T2CLKCON                     (abs)        000326
_T2CON                        (abs)        000324
_T2PR                         (abs)        000323
_TRISAbits                    (abs)        0004C6
_TRISD                        (abs)        0004C9
_TRISFbits                    (abs)        0004CB
_U1BRGH                       (abs)        0002AF
_U1BRGL                       (abs)        0002AE
_U1CON0                       (abs)        0002AB
_U1CON1                       (abs)        0002AC
_U1CON2                       (abs)        0002AD
_U1ERRIRbits                  (abs)        0002B2
_U1RXB                        (abs)        0002A1
_U1RXPPS                      (abs)        000272
_U1RX_ISR                     text28       010B0C
_U1TXB                        (abs)        0002A3
_U1_DATA_SEND                 text17       01130E
_U1_INIT                      text8        0112C6
_U1_Menu                      text14       010BAC
_U1_NEWLINE                   text16       01133E
_U1_STRING_SEND               text15       010FEE
__HRAM                        (abs)        000000
__H__absolute__               __absolute__ 000000
__Habs1                       abs1         000000
__Hbank10                     bank10       000000
__Hbank11                     bank11       000000
__Hbank12                     bank12       000000
__Hbank13                     bank13       000000
__Hbank14                     bank14       000000
__Hbank15                     bank15       000000
__Hbank16                     bank16       000000
__Hbank17                     bank17       000000
__Hbank18                     bank18       000000
__Hbank19                     bank19       000000
__Hbank20                     bank20       000000
__Hbank21                     bank21       000000
__Hbank22                     bank22       000000
__Hbank23                     bank23       000000
__Hbank24                     bank24       000000
__Hbank25                     bank25       000000
__Hbank26                     bank26       000000
__Hbank27                     bank27       000000
__Hbank28                     bank28       000000
__Hbank29                     bank29       000000
__Hbank30                     bank30       000000
__Hbank31                     bank31       000000
__Hbank32                     bank32       000000
__Hbank33                     bank33       000000
__Hbank34                     bank34       000000
__Hbank35                     bank35       000000
__Hbank36                     bank36       000000
__Hbank5                      bank5        000000
__Hbank6                      bank6        000000
__Hbank7                      bank7        000000
__Hbank8                      bank8        000000
__Hbank9                      bank9        000000
__Hbigbss                     bigbss       000000
__Hbigdata                    bigdata      000000
__Hbigram                     bigram       000000
__Hbigsfr                     bigsfr       000000
__Hbss                        bss          000000
__Hcinit                      cinit        000000
__Hclrtext                    clrtext      000000
__Hcomram                     comram       000000
__Hconfig                     config       30000A
__Hconst                      const        000000
__HcstackBANK5                cstackBANK5  000000
__HcstackCOMRAM               cstackCOMRAM 000000
__Hdata                       data         000000
__HdataCOMRAM                 dataCOMRAM   000000
__Heeprom_data                eeprom_data  000000
__Hfarbss                     farbss       000000
__Hfardata                    fardata      000000
__Hheap                       heap         000000
__Hibigdata                   ibigdata     000000
__Hidata                      idata        000000
__HidataCOMRAM                idataCOMRAM  000000
__Hidloc                      idloc        000000
__Hifardata                   ifardata     000000
__Hinit                       init         000106
__Hintsave_regs               intsave_regs 000000
__Hirdata                     irdata       000000
__Hivt0x8                     ivt0x8       000102
__Hmediumconst                mediumconst  010000
__HnvFARRAM                   nvFARRAM     000000
__Hnvbit                      nvbit        000000
__Hnvrram                     nvrram       000000
__Hparam                      rparam       000000
__Hpowerup                    powerup      000000
__Hram                        ram          000000
__Hramtop                     ramtop       002500
__Hrbit                       rbit         000000
__Hrbss                       rbss         000000
__Hrdata                      rdata        000000
__Hreset_vec                  reset_vec    000004
__Hrparam                     rparam       000000
__Hsfr                        sfr          000000
__Hsmallconst                 smallconst   000000
__Hspace_0                    (abs)        01136C
__Hspace_1                    (abs)        000575
__Hspace_2                    (abs)        000000
__Hspace_4                    (abs)        60000A
__Hstack                      stack        000000
__Hstruct                     struct       000000
__Htemp                       temp         000000
__Htext                       text         000000
__Htext0                      text0        000000
__Htext1                      text1        000000
__Htext10                     text10       000000
__Htext11                     text11       000000
__Htext12                     text12       000000
__Htext13                     text13       000000
__Htext14                     text14       000000
__Htext15                     text15       000000
__Htext16                     text16       000000
__Htext17                     text17       000000
__Htext18                     text18       000000
__Htext19                     text19       000000
__Htext2                      text2        000000
__Htext20                     text20       000000
__Htext21                     text21       000000
__Htext22                     text22       000000
__Htext23                     text23       000000
__Htext24                     text24       000000
__Htext25                     text25       000000
__Htext26                     text26       000000
__Htext27                     text27       000000
__Htext28                     text28       000000
__Htext29                     text29       000000
__Htext3                      text3        000000
__Htext30                     text30       000000
__Htext31                     text31       000000
__Htext32                     text32       000000
__Htext33                     text33       000000
__Htext4                      text4        000000
__Htext5                      text5        000000
__Htext6                      text6        000000
__Htext7                      text7        000000
__Htext8                      text8        000000
__Htext9                      text9        000000
__LRAM                        (abs)        000001
__L__absolute__               __absolute__ 000000
__Labs1                       abs1         000000
__Lbank10                     bank10       000000
__Lbank11                     bank11       000000
__Lbank12                     bank12       000000
__Lbank13                     bank13       000000
__Lbank14                     bank14       000000
__Lbank15                     bank15       000000
__Lbank16                     bank16       000000
__Lbank17                     bank17       000000
__Lbank18                     bank18       000000
__Lbank19                     bank19       000000
__Lbank20                     bank20       000000
__Lbank21                     bank21       000000
__Lbank22                     bank22       000000
__Lbank23                     bank23       000000
__Lbank24                     bank24       000000
__Lbank25                     bank25       000000
__Lbank26                     bank26       000000
__Lbank27                     bank27       000000
__Lbank28                     bank28       000000
__Lbank29                     bank29       000000
__Lbank30                     bank30       000000
__Lbank31                     bank31       000000
__Lbank32                     bank32       000000
__Lbank33                     bank33       000000
__Lbank34                     bank34       000000
__Lbank35                     bank35       000000
__Lbank36                     bank36       000000
__Lbank5                      bank5        000000
__Lbank6                      bank6        000000
__Lbank7                      bank7        000000
__Lbank8                      bank8        000000
__Lbank9                      bank9        000000
__Lbigbss                     bigbss       000000
__Lbigdata                    bigdata      000000
__Lbigram                     bigram       000000
__Lbigsfr                     bigsfr       000000
__Lbss                        bss          000000
__Lcinit                      cinit        000000
__Lclrtext                    clrtext      000000
__Lcomram                     comram       000000
__Lconfig                     config       000000
__Lconst                      const        000000
__LcstackBANK5                cstackBANK5  000000
__LcstackCOMRAM               cstackCOMRAM 000000
__Ldata                       data         000000
__LdataCOMRAM                 dataCOMRAM   000000
__Leeprom_data                eeprom_data  000000
__Lfarbss                     farbss       000000
__Lfardata                    fardata      000000
__Lheap                       heap         000000
__Libigdata                   ibigdata     000000
__Lidata                      idata        000000
__LidataCOMRAM                idataCOMRAM  000000
__Lidloc                      idloc        000000
__Lifardata                   ifardata     000000
__Linit                       init         000102
__Lintsave_regs               intsave_regs 000000
__Lirdata                     irdata       000000
__Livt0x8                     ivt0x8       000008
__Lmediumconst                mediumconst  00FEB8
__LnvFARRAM                   nvFARRAM     000000
__Lnvbit                      nvbit        000000
__Lnvrram                     nvrram       000000
__Lparam                      rparam       000000
__Lpowerup                    powerup      000000
__Lram                        ram          000000
__Lramtop                     ramtop       002500
__Lrbit                       rbit         000000
__Lrbss                       rbss         000000
__Lrdata                      rdata        000000
__Lreset_vec                  reset_vec    000000
__Lrparam                     rparam       000000
__Lsfr                        sfr          000000
__Lsmallconst                 smallconst   000000
__Lspace_0                    (abs)        000000
__Lspace_1                    (abs)        000000
__Lspace_2                    (abs)        000000
__Lspace_4                    (abs)        000000
__Lstack                      stack        000000
__Lstruct                     struct       000000
__Ltemp                       temp         000000
__Ltext                       text         000000
__Ltext0                      text0        000000
__Ltext1                      text1        000000
__Ltext10                     text10       000000
__Ltext11                     text11       000000
__Ltext12                     text12       000000
__Ltext13                     text13       000000
__Ltext14                     text14       000000
__Ltext15                     text15       000000
__Ltext16                     text16       000000
__Ltext17                     text17       000000
__Ltext18                     text18       000000
__Ltext19                     text19       000000
__Ltext2                      text2        000000
__Ltext20                     text20       000000
__Ltext21                     text21       000000
__Ltext22                     text22       000000
__Ltext23                     text23       000000
__Ltext24                     text24       000000
__Ltext25                     text25       000000
__Ltext26                     text26       000000
__Ltext27                     text27       000000
__Ltext28                     text28       000000
__Ltext29                     text29       000000
__Ltext3                      text3        000000
__Ltext30                     text30       000000
__Ltext31                     text31       000000
__Ltext32                     text32       000000
__Ltext33                     text33       000000
__Ltext4                      text4        000000
__Ltext5                      text5        000000
__Ltext6                      text6        000000
__Ltext7                      text7        000000
__Ltext8                      text8        000000
__Ltext9                      text9        000000
__S0                          (abs)        01136C
__S1                          (abs)        000575
__S4                          (abs)        000000
__S5                          (abs)        000000
___flge                       text6        010A08
___flge@ff1                   cstackCOMRAM 000511
___flge@ff2                   cstackCOMRAM 000515
___flmul                      text5        010000
___flmul@a                    cstackCOMRAM 00052D
___flmul@aexp                 cstackCOMRAM 00053A
___flmul@b                    cstackCOMRAM 000529
___flmul@bexp                 cstackCOMRAM 00053B
___flmul@grs                  cstackCOMRAM 000536
___flmul@prod                 cstackCOMRAM 00053C
___flmul@sign                 cstackCOMRAM 000535
___flmul@temp                 cstackCOMRAM 000540
___fltol                      text4        010902
___fltol@exp1                 cstackCOMRAM 00051A
___fltol@f1                   cstackCOMRAM 000511
___fltol@sign1                cstackCOMRAM 000519
___heap_hi                    (abs)        000000
___heap_lo                    (abs)        000000
___inthi_sp                   stack        000000
___inthi_stack_hi             stack        000000
___inthi_stack_lo             stack        000000
___intlo_sp                   stack        000000
___intlo_stack_hi             stack        000000
___intlo_stack_lo             stack        000000
___ltdiv                      text3        010CD8
___ltdiv@counter              cstackCOMRAM 00051A
___ltdiv@dividend             cstackCOMRAM 000511
___ltdiv@divisor              cstackCOMRAM 000514
___ltdiv@quotient             cstackCOMRAM 000517
___lwdiv                      text22       010DDE
___lwdiv@counter              cstackCOMRAM 00051C
___lwdiv@dividend             cstackCOMRAM 000516
___lwdiv@divisor              cstackCOMRAM 000518
___lwdiv@quotient             cstackCOMRAM 00051A
___lwmod                      text21       010F2C
___lwmod@counter              cstackCOMRAM 000515
___lwmod@dividend             cstackCOMRAM 000511
___lwmod@divisor              cstackCOMRAM 000513
___param_bank                 (abs)        000000
___rparam_used                (abs)        000001
___sp                         stack        000000
___stack_hi                   stack        000000
___stack_lo                   stack        000000
___xxtofl                     text2        01042A
___xxtofl@arg                 cstackCOMRAM 000525
___xxtofl@exp                 cstackCOMRAM 000524
___xxtofl@sign                cstackCOMRAM 000523
___xxtofl@val                 cstackCOMRAM 00051B
__accesstop                   (abs)        000560
__activetblptr                (abs)        000003
__end_of_BORRAR_LCD           text13       01136A
__end_of_CURSOR_HOME          text12       011362
__end_of_CURSOR_ONOFF         text11       01129A
__end_of_ENVIA_CHAR           text25       01126A
__end_of_ENVIA_LCD_CMD        text19       011236
__end_of_ENVIA_NIBBLE         text27       01130E
__end_of_ESCRIBE_MENSAJE2     text23       011148
__end_of_LCD_CONFIG           text10       0110FA
__end_of_LCD_ESCRIBE_VAR_INT  text20       010784
__end_of_LCD_INIT             text9        011186
__end_of_LEER_LCD             text26       010EC4
__end_of_POS_CURSOR           text18       010DDE
__end_of_U1RX_ISR             text28       010BAC
__end_of_U1_DATA_SEND         text17       011326
__end_of_U1_INIT              text8        0112F2
__end_of_U1_Menu              text14       010C42
__end_of_U1_NEWLINE           text16       01134C
__end_of_U1_STRING_SEND       text15       01104A
__end_of___flge               text6        010B0C
__end_of___flmul              text5        01042A
__end_of___fltol              text4        010A08
__end_of___ltdiv              text3        010D64
__end_of___lwdiv              text22       010E52
__end_of___lwmod              text21       010F90
__end_of___xxtofl             text2        0105DE
__end_of__initialization      cinit        0112C0
__end_of_configuro            text7        010FEE
__end_of_main                 text0        010F2C
__end_of_strlen               text24       0111C4
__end_of_tomamuestra_ADC      text1        010902
__end_ofi2_U1_DATA_SEND       text33       01133E
__end_ofi2_U1_Menu            text29       010CD8
__end_ofi2_U1_NEWLINE         text32       01135A
__end_ofi2_U1_STRING_SEND     text30       0110A6
__end_ofi2_strlen             text31       011202
__initialization              cinit        01129A
__mediumconst                 mediumconst  00FEB8
__pcinit                      cinit        01129A
__pcstackBANK5                cstackBANK5  000560
__pcstackCOMRAM               cstackCOMRAM 000501
__pdataCOMRAM                 dataCOMRAM   00054E
__pidataCOMRAM                idataCOMRAM  01136A
__pivt0x8                     ivt0x8       000008
__pmediumconst                mediumconst  00FEB8
__ptext0                      text0        010EC4
__ptext1                      text1        010784
__ptext10                     text10       0110A6
__ptext11                     text11       01126A
__ptext12                     text12       01135A
__ptext13                     text13       011362
__ptext14                     text14       010BAC
__ptext15                     text15       010FEE
__ptext16                     text16       01133E
__ptext17                     text17       01130E
__ptext18                     text18       010D64
__ptext19                     text19       011202
__ptext2                      text2        01042A
__ptext20                     text20       0105DE
__ptext21                     text21       010F2C
__ptext22                     text22       010DDE
__ptext23                     text23       0110FA
__ptext24                     text24       011186
__ptext25                     text25       011236
__ptext26                     text26       010E52
__ptext27                     text27       0112F2
__ptext28                     text28       010B0C
__ptext29                     text29       010C42
__ptext3                      text3        010CD8
__ptext30                     text30       01104A
__ptext31                     text31       0111C4
__ptext32                     text32       01134C
__ptext33                     text33       011326
__ptext4                      text4        010902
__ptext5                      text5        010000
__ptext6                      text6        010A08
__ptext7                      text7        010F90
__ptext8                      text8        0112C6
__ptext9                      text9        011148
__ramtop                      ramtop       002500
__smallconst                  smallconst   000000
_configuro                    text7        010F90
_ganancia                     dataCOMRAM   00054E
_main                         text0        010EC4
_strlen                       text24       011186
_tomamuestra_ADC              text1        010784
_tomamuestra_ADC$1274         cstackBANK5  000560
end_of_initialization         cinit        0112C0
i2U1_DATA_SEND@dato           cstackCOMRAM 000501
i2U1_STRING_SEND@cadena       cstackCOMRAM 000505
i2U1_STRING_SEND@i            cstackCOMRAM 00050A
i2U1_STRING_SEND@tam          cstackCOMRAM 000509
i2_U1_DATA_SEND               text33       011326
i2_U1_Menu                    text29       010C42
i2_U1_NEWLINE                 text32       01134C
i2_U1_STRING_SEND             text30       01104A
i2_strlen                     text31       0111C4
i2strlen@a                    cstackCOMRAM 000503
i2strlen@s                    cstackCOMRAM 000501
intlevel0                     text         000000
intlevel1                     text         000000
intlevel2                     text         000000
intlevel3                     text         000000
isa$std                       (abs)        000001
isa$xinst                     (abs)        000000
ivt0x8_base                   ivt0x8       000008
ivt0x8_undefint               ivt0x8       000100
stackhi                       (abs)        000000
stacklo                       (abs)        000000
start                         init         000102
start_initialization          cinit        01129A
strlen@a                      cstackCOMRAM 000513
strlen@s                      cstackCOMRAM 000511
tomamuestra_ADC@canal         cstackBANK5  000564
tomamuestra_ADC@lectura       cstackBANK5  00056C
tomamuestra_ADC@promedio      cstackBANK5  000569
tomamuestra_ADC@temporal      cstackBANK5  000565
tomamuestra_ADC@x_var         cstackBANK5  00056E


MODULE INFORMATION

Module		Function		Class		Link	Load	Size
U1Serial.c
		_U1_STRING_SEND		CODE           	10FEE	0000	92
		_U1_INIT       		CODE           	112C6	0000	44
		_U1_DATA_SEND  		CODE           	1130E	0000	24
		_U1_NEWLINE    		CODE           	1133E	0000	14

U1Serial.c estimated size: 174

C:\Program Files\Microchip\xc8\v2.45\pic\sources\c99\common\ltdiv.c
		___ltdiv       		CODE           	10CD8	0000	140

C:\Program Files\Microchip\xc8\v2.45\pic\sources\c99\common\ltdiv.c estimated size: 140

maincode02.c
		_configuro     		CODE           	10F90	0000	94
		_main          		CODE           	10EC4	0000	104
		_U1_Menu       		CODE           	10BAC	0000	150
		_tomamuestra_ADC		CODE           	10784	0000	382
		_U1RX_ISR      		CODE           	10B0C	0000	160

maincode02.c estimated size: 890

C:\Program Files\Microchip\xc8\v2.45\pic\sources\c99\common\sprcmul.c
		___flmul       		CODE           	10000	0000	1066

C:\Program Files\Microchip\xc8\v2.45\pic\sources\c99\common\sprcmul.c estimated size: 1066

C:\Program Files\Microchip\xc8\v2.45\pic\sources\c99\common\lwmod.c
		___lwmod       		CODE           	10F2C	0000	100

C:\Program Files\Microchip\xc8\v2.45\pic\sources\c99\common\lwmod.c estimated size: 100

C:\Program Files\Microchip\xc8\v2.45\pic\sources\c99\common\flge.c
		___flge        		CODE           	10A08	0000	260

C:\Program Files\Microchip\xc8\v2.45\pic\sources\c99\common\flge.c estimated size: 260

shared
		i2_U1_STRING_SEND		CODE           	1104A	0000	92
		i2_U1_DATA_SEND		CODE           	11326	0000	24
		i2_U1_NEWLINE  		CODE           	1134C	0000	14
		__initialization		CODE           	1129A	0000	38
		i2_strlen      		CODE           	111C4	0000	62
		i2_U1_Menu     		CODE           	10C42	0000	150

shared estimated size: 380

C:\Program Files\Microchip\xc8\v2.45\pic\sources\c99\common\xxtofl.c
		___xxtofl      		CODE           	1042A	0000	436

C:\Program Files\Microchip\xc8\v2.45\pic\sources\c99\common\xxtofl.c estimated size: 436

C:\Program Files\Microchip\xc8\v2.45\pic\sources\c99\common\strlen.c
		_strlen        		CODE           	11186	0000	62

C:\Program Files\Microchip\xc8\v2.45\pic\sources\c99\common\strlen.c estimated size: 62

C:\Program Files\Microchip\xc8\v2.45\pic\sources\c99\common\lwdiv.c
		___lwdiv       		CODE           	10DDE	0000	116

C:\Program Files\Microchip\xc8\v2.45\pic\sources\c99\common\lwdiv.c estimated size: 116

C:\Program Files\Microchip\xc8\v2.45\pic\sources\c99\common\fltol.c
		___fltol       		CODE           	10902	0000	262

C:\Program Files\Microchip\xc8\v2.45\pic\sources\c99\common\fltol.c estimated size: 262

LCD.c
		_ENVIA_NIBBLE  		CODE           	112F2	0000	28
		_LCD_INIT      		CODE           	11148	0000	62
		_ENVIA_CHAR    		CODE           	11236	0000	52
		_CURSOR_HOME   		CODE           	1135A	0000	8
		_CURSOR_ONOFF  		CODE           	1126A	0000	48
		_POS_CURSOR    		CODE           	10D64	0000	122
		_ENVIA_LCD_CMD 		CODE           	11202	0000	52
		_LCD_CONFIG    		CODE           	110A6	0000	84
		_BORRAR_LCD    		CODE           	11362	0000	8
		_ESCRIBE_MENSAJE2		CODE           	110FA	0000	78
		_LCD_ESCRIBE_VAR_INT		CODE           	105DE	0000	422
		_LEER_LCD      		CODE           	10E52	0000	114

LCD.c estimated size: 1078

